2025-10-12T19:57:11.0950812Z Current runner version: '2.328.0'
2025-10-12T19:57:11.1022472Z ##[group]Runner Image Provisioner
2025-10-12T19:57:11.1023721Z Hosted Compute Agent
2025-10-12T19:57:11.1024676Z Version: 20250912.392
2025-10-12T19:57:11.1025659Z Commit: d921fda672a98b64f4f82364647e2f10b2267d0b
2025-10-12T19:57:11.1026717Z Build Date: 2025-09-12T15:23:14Z
2025-10-12T19:57:11.1027766Z ##[endgroup]
2025-10-12T19:57:11.1069074Z ##[group]Operating System
2025-10-12T19:57:11.1070071Z Ubuntu
2025-10-12T19:57:11.1071056Z 24.04.3
2025-10-12T19:57:11.1071852Z LTS
2025-10-12T19:57:11.1072654Z ##[endgroup]
2025-10-12T19:57:11.1073652Z ##[group]Runner Image
2025-10-12T19:57:11.1074699Z Image: ubuntu-24.04
2025-10-12T19:57:11.1075503Z Version: 20250929.60.1
2025-10-12T19:57:11.1077460Z Included Software: https://github.com/actions/runner-images/blob/ubuntu24/20250929.60/images/ubuntu/Ubuntu2404-Readme.md
2025-10-12T19:57:11.1130177Z Image Release: https://github.com/actions/runner-images/releases/tag/ubuntu24%2F20250929.60
2025-10-12T19:57:11.1132090Z ##[endgroup]
2025-10-12T19:57:11.1133828Z ##[group]GITHUB_TOKEN Permissions
2025-10-12T19:57:11.1136653Z Contents: read
2025-10-12T19:57:11.1137603Z Metadata: read
2025-10-12T19:57:11.1138820Z Packages: read
2025-10-12T19:57:11.1139741Z ##[endgroup]
2025-10-12T19:57:11.1142824Z Secret source: Actions
2025-10-12T19:57:11.1144115Z Prepare workflow directory
2025-10-12T19:57:11.2292666Z Prepare all required actions
2025-10-12T19:57:11.2422862Z Getting action download info
2025-10-12T19:57:11.5831509Z Download action repository 'actions/checkout@v4' (SHA:08eba0b27e820071cde6df949e0beb9ba4906955)
2025-10-12T19:57:12.1101537Z Download action repository 'actions/setup-python@v5' (SHA:a26af69be951a213d495a4c3e4e4022e16d87065)
2025-10-12T19:57:12.3269045Z Complete job name: python-test
2025-10-12T19:57:12.3969741Z ##[group]Run actions/checkout@v4
2025-10-12T19:57:12.3970696Z with:
2025-10-12T19:57:12.3971160Z   repository: harshil753/my_closet
2025-10-12T19:57:12.3972043Z   token: ***
2025-10-12T19:57:12.3972564Z   ssh-strict: true
2025-10-12T19:57:12.3973000Z   ssh-user: git
2025-10-12T19:57:12.3973463Z   persist-credentials: true
2025-10-12T19:57:12.3973956Z   clean: true
2025-10-12T19:57:12.3974401Z   sparse-checkout-cone-mode: true
2025-10-12T19:57:12.3974919Z   fetch-depth: 1
2025-10-12T19:57:12.3975343Z   fetch-tags: false
2025-10-12T19:57:12.3975795Z   show-progress: true
2025-10-12T19:57:12.3976269Z   lfs: false
2025-10-12T19:57:12.3976691Z   submodules: false
2025-10-12T19:57:12.3977149Z   set-safe-directory: true
2025-10-12T19:57:12.3977891Z ##[endgroup]
2025-10-12T19:57:12.5100342Z Syncing repository: harshil753/my_closet
2025-10-12T19:57:12.5102178Z ##[group]Getting Git version info
2025-10-12T19:57:12.5102959Z Working directory is '/home/runner/work/my_closet/my_closet'
2025-10-12T19:57:12.5105035Z [command]/usr/bin/git version
2025-10-12T19:57:12.6230367Z git version 2.51.0
2025-10-12T19:57:12.6261301Z ##[endgroup]
2025-10-12T19:57:12.6277910Z Temporarily overriding HOME='/home/runner/work/_temp/ecb34554-edd7-4f9a-9e7a-4b1e5352888b' before making global git config changes
2025-10-12T19:57:12.6282277Z Adding repository directory to the temporary git global config as a safe directory
2025-10-12T19:57:12.6296515Z [command]/usr/bin/git config --global --add safe.directory /home/runner/work/my_closet/my_closet
2025-10-12T19:57:12.6373155Z Deleting the contents of '/home/runner/work/my_closet/my_closet'
2025-10-12T19:57:12.6378190Z ##[group]Initializing the repository
2025-10-12T19:57:12.6383158Z [command]/usr/bin/git init /home/runner/work/my_closet/my_closet
2025-10-12T19:57:12.7344297Z hint: Using 'master' as the name for the initial branch. This default branch name
2025-10-12T19:57:12.7346041Z hint: is subject to change. To configure the initial branch name to use in all
2025-10-12T19:57:12.7347615Z hint: of your new repositories, which will suppress this warning, call:
2025-10-12T19:57:12.7349116Z hint:
2025-10-12T19:57:12.7350257Z hint: 	git config --global init.defaultBranch <name>
2025-10-12T19:57:12.7351643Z hint:
2025-10-12T19:57:12.7352912Z hint: Names commonly chosen instead of 'master' are 'main', 'trunk' and
2025-10-12T19:57:12.7354491Z hint: 'development'. The just-created branch can be renamed via this command:
2025-10-12T19:57:12.7355657Z hint:
2025-10-12T19:57:12.7356574Z hint: 	git branch -m <name>
2025-10-12T19:57:12.7357526Z hint:
2025-10-12T19:57:12.7358976Z hint: Disable this message with "git config set advice.defaultBranchName false"
2025-10-12T19:57:12.7376254Z Initialized empty Git repository in /home/runner/work/my_closet/my_closet/.git/
2025-10-12T19:57:12.7392635Z [command]/usr/bin/git remote add origin https://github.com/harshil753/my_closet
2025-10-12T19:57:12.7516113Z ##[endgroup]
2025-10-12T19:57:12.7519087Z ##[group]Disabling automatic garbage collection
2025-10-12T19:57:12.7521389Z [command]/usr/bin/git config --local gc.auto 0
2025-10-12T19:57:12.7558471Z ##[endgroup]
2025-10-12T19:57:12.7561298Z ##[group]Setting up auth
2025-10-12T19:57:12.7570026Z [command]/usr/bin/git config --local --name-only --get-regexp core\.sshCommand
2025-10-12T19:57:12.7601729Z [command]/usr/bin/git submodule foreach --recursive sh -c "git config --local --name-only --get-regexp 'core\.sshCommand' && git config --local --unset-all 'core.sshCommand' || :"
2025-10-12T19:57:12.9101490Z [command]/usr/bin/git config --local --name-only --get-regexp http\.https\:\/\/github\.com\/\.extraheader
2025-10-12T19:57:12.9140274Z [command]/usr/bin/git submodule foreach --recursive sh -c "git config --local --name-only --get-regexp 'http\.https\:\/\/github\.com\/\.extraheader' && git config --local --unset-all 'http.https://github.com/.extraheader' || :"
2025-10-12T19:57:12.9481156Z [command]/usr/bin/git config --local http.https://github.com/.extraheader AUTHORIZATION: basic ***
2025-10-12T19:57:12.9519972Z ##[endgroup]
2025-10-12T19:57:12.9523745Z ##[group]Fetching the repository
2025-10-12T19:57:12.9542138Z [command]/usr/bin/git -c protocol.version=2 fetch --no-tags --prune --no-recurse-submodules --depth=1 origin +888e0beae63d64c5034d57f94570c2a37232146b:refs/remotes/origin/main
2025-10-12T19:57:13.7605745Z From https://github.com/harshil753/my_closet
2025-10-12T19:57:13.7607832Z  * [new ref]         888e0beae63d64c5034d57f94570c2a37232146b -> origin/main
2025-10-12T19:57:13.7685224Z ##[endgroup]
2025-10-12T19:57:13.7689096Z ##[group]Determining the checkout info
2025-10-12T19:57:13.7691331Z ##[endgroup]
2025-10-12T19:57:13.7692606Z [command]/usr/bin/git sparse-checkout disable
2025-10-12T19:57:13.7774123Z [command]/usr/bin/git config --local --unset-all extensions.worktreeConfig
2025-10-12T19:57:13.7811747Z ##[group]Checking out the ref
2025-10-12T19:57:13.7814092Z [command]/usr/bin/git checkout --progress --force -B main refs/remotes/origin/main
2025-10-12T19:57:13.8452607Z Switched to a new branch 'main'
2025-10-12T19:57:13.8458607Z branch 'main' set up to track 'origin/main'.
2025-10-12T19:57:13.8474934Z ##[endgroup]
2025-10-12T19:57:13.8525674Z [command]/usr/bin/git log -1 --format=%H
2025-10-12T19:57:13.8564029Z 888e0beae63d64c5034d57f94570c2a37232146b
2025-10-12T19:57:13.8990607Z ##[group]Run actions/setup-python@v5
2025-10-12T19:57:13.8991777Z with:
2025-10-12T19:57:13.8992605Z   python-version: 3.11
2025-10-12T19:57:13.8993841Z   check-latest: false
2025-10-12T19:57:13.8995694Z   token: ***
2025-10-12T19:57:13.8997035Z   update-environment: true
2025-10-12T19:57:13.8998549Z   allow-prereleases: false
2025-10-12T19:57:13.9000125Z   freethreaded: false
2025-10-12T19:57:13.9001551Z ##[endgroup]
2025-10-12T19:57:14.0816388Z ##[group]Installed versions
2025-10-12T19:57:14.1639099Z Successfully set up CPython (3.11.13)
2025-10-12T19:57:14.1646844Z ##[endgroup]
2025-10-12T19:57:14.1807262Z ##[group]Run python -m pip install --upgrade pip
2025-10-12T19:57:14.1808920Z [36;1mpython -m pip install --upgrade pip[0m
2025-10-12T19:57:14.1810163Z [36;1mpip install -r requirements.txt[0m
2025-10-12T19:57:14.1963961Z shell: /usr/bin/bash -e {0}
2025-10-12T19:57:14.1964931Z env:
2025-10-12T19:57:14.1965892Z   pythonLocation: /opt/hostedtoolcache/Python/3.11.13/x64
2025-10-12T19:57:14.1967936Z   PKG_CONFIG_PATH: /opt/hostedtoolcache/Python/3.11.13/x64/lib/pkgconfig
2025-10-12T19:57:14.1969905Z   Python_ROOT_DIR: /opt/hostedtoolcache/Python/3.11.13/x64
2025-10-12T19:57:14.1971426Z   Python2_ROOT_DIR: /opt/hostedtoolcache/Python/3.11.13/x64
2025-10-12T19:57:14.1972942Z   Python3_ROOT_DIR: /opt/hostedtoolcache/Python/3.11.13/x64
2025-10-12T19:57:14.1974450Z   LD_LIBRARY_PATH: /opt/hostedtoolcache/Python/3.11.13/x64/lib
2025-10-12T19:57:14.1975718Z ##[endgroup]
2025-10-12T19:57:17.8173360Z Requirement already satisfied: pip in /opt/hostedtoolcache/Python/3.11.13/x64/lib/python3.11/site-packages (25.2)
2025-10-12T19:57:18.9677450Z Collecting google-generativeai==0.8.3 (from -r requirements.txt (line 2))
2025-10-12T19:57:19.0314206Z   Downloading google_generativeai-0.8.3-py3-none-any.whl.metadata (3.9 kB)
2025-10-12T19:57:19.2503385Z Collecting pillow==11.0.0 (from -r requirements.txt (line 3))
2025-10-12T19:57:19.2645064Z   Downloading pillow-11.0.0-cp311-cp311-manylinux_2_28_x86_64.whl.metadata (9.1 kB)
2025-10-12T19:57:19.3105370Z Collecting supabase==2.8.0 (from -r requirements.txt (line 4))
2025-10-12T19:57:19.3251311Z   Downloading supabase-2.8.0-py3-none-any.whl.metadata (10 kB)
2025-10-12T19:57:19.3590124Z Collecting python-dotenv==1.0.1 (from -r requirements.txt (line 5))
2025-10-12T19:57:19.3706098Z   Downloading python_dotenv-1.0.1-py3-none-any.whl.metadata (23 kB)
2025-10-12T19:57:19.4121988Z Collecting requests==2.32.3 (from -r requirements.txt (line 6))
2025-10-12T19:57:19.4264339Z   Downloading requests-2.32.3-py3-none-any.whl.metadata (4.6 kB)
2025-10-12T19:57:19.6081510Z Collecting numpy==2.1.3 (from -r requirements.txt (line 7))
2025-10-12T19:57:19.6223494Z   Downloading numpy-2.1.3-cp311-cp311-manylinux_2_17_x86_64.manylinux2014_x86_64.whl.metadata (62 kB)
2025-10-12T19:57:19.7189416Z Collecting opencv-python==4.10.0.84 (from -r requirements.txt (line 8))
2025-10-12T19:57:19.7337440Z   Downloading opencv_python-4.10.0.84-cp37-abi3-manylinux_2_17_x86_64.manylinux2014_x86_64.whl.metadata (20 kB)
2025-10-12T19:57:19.7805461Z Collecting pytest==8.3.4 (from -r requirements.txt (line 11))
2025-10-12T19:57:19.7917706Z   Downloading pytest-8.3.4-py3-none-any.whl.metadata (7.5 kB)
2025-10-12T19:57:19.8272438Z Collecting pytest-asyncio==0.24.0 (from -r requirements.txt (line 12))
2025-10-12T19:57:19.8405346Z   Downloading pytest_asyncio-0.24.0-py3-none-any.whl.metadata (3.9 kB)
2025-10-12T19:57:19.9139231Z Collecting black==24.10.0 (from -r requirements.txt (line 13))
2025-10-12T19:57:19.9330083Z   Downloading black-24.10.0-cp311-cp311-manylinux_2_17_x86_64.manylinux2014_x86_64.manylinux_2_28_x86_64.whl.metadata (79 kB)
2025-10-12T19:57:19.9731753Z Collecting flake8==7.1.1 (from -r requirements.txt (line 14))
2025-10-12T19:57:19.9842047Z   Downloading flake8-7.1.1-py2.py3-none-any.whl.metadata (3.8 kB)
2025-10-12T19:57:20.0934209Z Collecting mypy==1.13.0 (from -r requirements.txt (line 15))
2025-10-12T19:57:20.1079865Z   Downloading mypy-1.13.0-cp311-cp311-manylinux_2_17_x86_64.manylinux2014_x86_64.manylinux_2_28_x86_64.whl.metadata (2.1 kB)
2025-10-12T19:57:20.1382162Z Collecting google-ai-generativelanguage==0.6.10 (from google-generativeai==0.8.3->-r requirements.txt (line 2))
2025-10-12T19:57:20.1505782Z   Downloading google_ai_generativelanguage-0.6.10-py3-none-any.whl.metadata (5.6 kB)
2025-10-12T19:57:20.2009443Z Collecting google-api-core (from google-generativeai==0.8.3->-r requirements.txt (line 2))
2025-10-12T19:57:20.2124522Z   Downloading google_api_core-2.26.0-py3-none-any.whl.metadata (3.2 kB)
2025-10-12T19:57:20.2834383Z Collecting google-api-python-client (from google-generativeai==0.8.3->-r requirements.txt (line 2))
2025-10-12T19:57:20.2958253Z   Downloading google_api_python_client-2.184.0-py3-none-any.whl.metadata (7.0 kB)
2025-10-12T19:57:20.3603651Z Collecting google-auth>=2.15.0 (from google-generativeai==0.8.3->-r requirements.txt (line 2))
2025-10-12T19:57:20.3718748Z   Downloading google_auth-2.41.1-py2.py3-none-any.whl.metadata (6.6 kB)
2025-10-12T19:57:20.5501209Z Collecting protobuf (from google-generativeai==0.8.3->-r requirements.txt (line 2))
2025-10-12T19:57:20.5635532Z   Downloading protobuf-6.32.1-cp39-abi3-manylinux2014_x86_64.whl.metadata (593 bytes)
2025-10-12T19:57:20.7126651Z Collecting pydantic (from google-generativeai==0.8.3->-r requirements.txt (line 2))
2025-10-12T19:57:20.7244083Z   Downloading pydantic-2.12.0-py3-none-any.whl.metadata (83 kB)
2025-10-12T19:57:20.7726717Z Collecting tqdm (from google-generativeai==0.8.3->-r requirements.txt (line 2))
2025-10-12T19:57:20.7838812Z   Downloading tqdm-4.67.1-py3-none-any.whl.metadata (57 kB)
2025-10-12T19:57:20.8191771Z Collecting typing-extensions (from google-generativeai==0.8.3->-r requirements.txt (line 2))
2025-10-12T19:57:20.8329931Z   Downloading typing_extensions-4.15.0-py3-none-any.whl.metadata (3.3 kB)
2025-10-12T19:57:20.8766222Z Collecting gotrue<3.0,>=1.3 (from supabase==2.8.0->-r requirements.txt (line 4))
2025-10-12T19:57:20.8899891Z   Downloading gotrue-2.12.4-py3-none-any.whl.metadata (2.0 kB)
2025-10-12T19:57:20.9272815Z Collecting httpx<0.28,>=0.24 (from supabase==2.8.0->-r requirements.txt (line 4))
2025-10-12T19:57:20.9384694Z   Downloading httpx-0.27.2-py3-none-any.whl.metadata (7.1 kB)
2025-10-12T19:57:20.9724363Z Collecting postgrest<0.18.0,>=0.14 (from supabase==2.8.0->-r requirements.txt (line 4))
2025-10-12T19:57:20.9868704Z   Downloading postgrest-0.17.2-py3-none-any.whl.metadata (3.4 kB)
2025-10-12T19:57:21.0177892Z Collecting realtime<3.0.0,>=2.0.0 (from supabase==2.8.0->-r requirements.txt (line 4))
2025-10-12T19:57:21.0410400Z   Downloading realtime-2.22.0-py3-none-any.whl.metadata (7.0 kB)
2025-10-12T19:57:21.0834965Z Collecting storage3<0.9.0,>=0.5.3 (from supabase==2.8.0->-r requirements.txt (line 4))
2025-10-12T19:57:21.0991858Z   Downloading storage3-0.8.2-py3-none-any.whl.metadata (1.8 kB)
2025-10-12T19:57:21.1278729Z Collecting supafunc<0.7.0,>=0.3.1 (from supabase==2.8.0->-r requirements.txt (line 4))
2025-10-12T19:57:21.1426294Z   Downloading supafunc-0.6.2-py3-none-any.whl.metadata (1.1 kB)
2025-10-12T19:57:21.2364696Z Collecting charset-normalizer<4,>=2 (from requests==2.32.3->-r requirements.txt (line 6))
2025-10-12T19:57:21.2485642Z   Downloading charset_normalizer-3.4.3-cp311-cp311-manylinux2014_x86_64.manylinux_2_17_x86_64.manylinux_2_28_x86_64.whl.metadata (36 kB)
2025-10-12T19:57:21.2789524Z Collecting idna<4,>=2.5 (from requests==2.32.3->-r requirements.txt (line 6))
2025-10-12T19:57:21.2921230Z   Downloading idna-3.11-py3-none-any.whl.metadata (8.4 kB)
2025-10-12T19:57:21.3376445Z Collecting urllib3<3,>=1.21.1 (from requests==2.32.3->-r requirements.txt (line 6))
2025-10-12T19:57:21.3494038Z   Downloading urllib3-2.5.0-py3-none-any.whl.metadata (6.5 kB)
2025-10-12T19:57:21.3840180Z Collecting certifi>=2017.4.17 (from requests==2.32.3->-r requirements.txt (line 6))
2025-10-12T19:57:21.4012659Z   Downloading certifi-2025.10.5-py3-none-any.whl.metadata (2.5 kB)
2025-10-12T19:57:21.4607698Z Collecting iniconfig (from pytest==8.3.4->-r requirements.txt (line 11))
2025-10-12T19:57:21.4720864Z   Downloading iniconfig-2.1.0-py3-none-any.whl.metadata (2.7 kB)
2025-10-12T19:57:21.5015893Z Collecting packaging (from pytest==8.3.4->-r requirements.txt (line 11))
2025-10-12T19:57:21.5226750Z   Downloading packaging-25.0-py3-none-any.whl.metadata (3.3 kB)
2025-10-12T19:57:21.5498853Z Collecting pluggy<2,>=1.5 (from pytest==8.3.4->-r requirements.txt (line 11))
2025-10-12T19:57:21.5715604Z   Downloading pluggy-1.6.0-py3-none-any.whl.metadata (4.8 kB)
2025-10-12T19:57:21.6130043Z Collecting click>=8.0.0 (from black==24.10.0->-r requirements.txt (line 13))
2025-10-12T19:57:21.6248839Z   Downloading click-8.3.0-py3-none-any.whl.metadata (2.6 kB)
2025-10-12T19:57:21.6488786Z Collecting mypy-extensions>=0.4.3 (from black==24.10.0->-r requirements.txt (line 13))
2025-10-12T19:57:21.6608525Z   Downloading mypy_extensions-1.1.0-py3-none-any.whl.metadata (1.1 kB)
2025-10-12T19:57:21.6890468Z Collecting pathspec>=0.9.0 (from black==24.10.0->-r requirements.txt (line 13))
2025-10-12T19:57:21.7082296Z   Downloading pathspec-0.12.1-py3-none-any.whl.metadata (21 kB)
2025-10-12T19:57:21.7419957Z Collecting platformdirs>=2 (from black==24.10.0->-r requirements.txt (line 13))
2025-10-12T19:57:21.7692718Z   Downloading platformdirs-4.5.0-py3-none-any.whl.metadata (12 kB)
2025-10-12T19:57:21.7962891Z Collecting mccabe<0.8.0,>=0.7.0 (from flake8==7.1.1->-r requirements.txt (line 14))
2025-10-12T19:57:21.8152170Z   Downloading mccabe-0.7.0-py2.py3-none-any.whl.metadata (5.0 kB)
2025-10-12T19:57:21.8412576Z Collecting pycodestyle<2.13.0,>=2.12.0 (from flake8==7.1.1->-r requirements.txt (line 14))
2025-10-12T19:57:21.8575962Z   Downloading pycodestyle-2.12.1-py2.py3-none-any.whl.metadata (4.5 kB)
2025-10-12T19:57:21.9159047Z Collecting pyflakes<3.3.0,>=3.2.0 (from flake8==7.1.1->-r requirements.txt (line 14))
2025-10-12T19:57:21.9290781Z   Downloading pyflakes-3.2.0-py2.py3-none-any.whl.metadata (3.5 kB)
2025-10-12T19:57:22.0627893Z Collecting proto-plus<2.0.0dev,>=1.22.3 (from google-ai-generativelanguage==0.6.10->google-generativeai==0.8.3->-r requirements.txt (line 2))
2025-10-12T19:57:22.0839594Z   Downloading proto_plus-1.26.1-py3-none-any.whl.metadata (2.2 kB)
2025-10-12T19:57:22.1603097Z Collecting protobuf (from google-generativeai==0.8.3->-r requirements.txt (line 2))
2025-10-12T19:57:22.1788881Z   Downloading protobuf-5.29.5-cp38-abi3-manylinux2014_x86_64.whl.metadata (592 bytes)
2025-10-12T19:57:22.2114585Z Collecting googleapis-common-protos<2.0.0,>=1.56.2 (from google-api-core->google-generativeai==0.8.3->-r requirements.txt (line 2))
2025-10-12T19:57:22.2361486Z   Downloading googleapis_common_protos-1.70.0-py3-none-any.whl.metadata (9.3 kB)
2025-10-12T19:57:22.8942700Z Collecting grpcio<2.0.0,>=1.33.2 (from google-api-core[grpc]!=2.0.*,!=2.1.*,!=2.10.*,!=2.2.*,!=2.3.*,!=2.4.*,!=2.5.*,!=2.6.*,!=2.7.*,!=2.8.*,!=2.9.*,<3.0.0dev,>=1.34.1->google-ai-generativelanguage==0.6.10->google-generativeai==0.8.3->-r requirements.txt (line 2))
2025-10-12T19:57:22.9105089Z   Downloading grpcio-1.75.1-cp311-cp311-manylinux2014_x86_64.manylinux_2_17_x86_64.whl.metadata (3.7 kB)
2025-10-12T19:57:22.9723934Z Collecting grpcio-status<2.0.0,>=1.33.2 (from google-api-core[grpc]!=2.0.*,!=2.1.*,!=2.10.*,!=2.2.*,!=2.3.*,!=2.4.*,!=2.5.*,!=2.6.*,!=2.7.*,!=2.8.*,!=2.9.*,<3.0.0dev,>=1.34.1->google-ai-generativelanguage==0.6.10->google-generativeai==0.8.3->-r requirements.txt (line 2))
2025-10-12T19:57:22.9848359Z   Downloading grpcio_status-1.75.1-py3-none-any.whl.metadata (1.1 kB)
2025-10-12T19:57:23.0366474Z Collecting cachetools<7.0,>=2.0.0 (from google-auth>=2.15.0->google-generativeai==0.8.3->-r requirements.txt (line 2))
2025-10-12T19:57:23.0484660Z   Downloading cachetools-6.2.1-py3-none-any.whl.metadata (5.5 kB)
2025-10-12T19:57:23.0794320Z Collecting pyasn1-modules>=0.2.1 (from google-auth>=2.15.0->google-generativeai==0.8.3->-r requirements.txt (line 2))
2025-10-12T19:57:23.0925341Z   Downloading pyasn1_modules-0.4.2-py3-none-any.whl.metadata (3.5 kB)
2025-10-12T19:57:23.1217882Z Collecting rsa<5,>=3.1.4 (from google-auth>=2.15.0->google-generativeai==0.8.3->-r requirements.txt (line 2))
2025-10-12T19:57:23.1327123Z   Downloading rsa-4.9.1-py3-none-any.whl.metadata (5.6 kB)
2025-10-12T19:57:23.1886200Z Collecting pyjwt<3.0.0,>=2.10.1 (from gotrue<3.0,>=1.3->supabase==2.8.0->-r requirements.txt (line 4))
2025-10-12T19:57:23.1996894Z   Downloading PyJWT-2.10.1-py3-none-any.whl.metadata (4.0 kB)
2025-10-12T19:57:23.2358233Z INFO: pip is looking at multiple versions of grpcio-status to determine which version is compatible with other requirements. This could take a while.
2025-10-12T19:57:23.2363885Z Collecting grpcio-status<2.0.0,>=1.33.2 (from google-api-core[grpc]!=2.0.*,!=2.1.*,!=2.10.*,!=2.2.*,!=2.3.*,!=2.4.*,!=2.5.*,!=2.6.*,!=2.7.*,!=2.8.*,!=2.9.*,<3.0.0dev,>=1.34.1->google-ai-generativelanguage==0.6.10->google-generativeai==0.8.3->-r requirements.txt (line 2))
2025-10-12T19:57:23.2538931Z   Downloading grpcio_status-1.75.0-py3-none-any.whl.metadata (1.1 kB)
2025-10-12T19:57:23.2707867Z   Downloading grpcio_status-1.74.0-py3-none-any.whl.metadata (1.1 kB)
2025-10-12T19:57:23.2869366Z   Downloading grpcio_status-1.73.1-py3-none-any.whl.metadata (1.1 kB)
2025-10-12T19:57:23.3822579Z   Downloading grpcio_status-1.73.0-py3-none-any.whl.metadata (1.1 kB)
2025-10-12T19:57:23.3989674Z   Downloading grpcio_status-1.72.2-py3-none-any.whl.metadata (1.1 kB)
2025-10-12T19:57:23.4144225Z   Downloading grpcio_status-1.72.1-py3-none-any.whl.metadata (1.1 kB)
2025-10-12T19:57:23.4308425Z   Downloading grpcio_status-1.71.2-py3-none-any.whl.metadata (1.1 kB)
2025-10-12T19:57:23.5719646Z Collecting anyio (from httpx<0.28,>=0.24->supabase==2.8.0->-r requirements.txt (line 4))
2025-10-12T19:57:23.5830556Z   Downloading anyio-4.11.0-py3-none-any.whl.metadata (4.1 kB)
2025-10-12T19:57:23.6154074Z Collecting httpcore==1.* (from httpx<0.28,>=0.24->supabase==2.8.0->-r requirements.txt (line 4))
2025-10-12T19:57:23.6268961Z   Downloading httpcore-1.0.9-py3-none-any.whl.metadata (21 kB)
2025-10-12T19:57:23.6511717Z Collecting sniffio (from httpx<0.28,>=0.24->supabase==2.8.0->-r requirements.txt (line 4))
2025-10-12T19:57:23.6627943Z   Downloading sniffio-1.3.1-py3-none-any.whl.metadata (3.9 kB)
2025-10-12T19:57:23.6880695Z Collecting h11>=0.16 (from httpcore==1.*->httpx<0.28,>=0.24->supabase==2.8.0->-r requirements.txt (line 4))
2025-10-12T19:57:23.7016533Z   Downloading h11-0.16.0-py3-none-any.whl.metadata (8.3 kB)
2025-10-12T19:57:23.7345312Z Collecting h2<5,>=3 (from httpx[http2]<0.29,>=0.26->gotrue<3.0,>=1.3->supabase==2.8.0->-r requirements.txt (line 4))
2025-10-12T19:57:23.7454907Z   Downloading h2-4.3.0-py3-none-any.whl.metadata (5.1 kB)
2025-10-12T19:57:23.7755613Z Collecting hyperframe<7,>=6.1 (from h2<5,>=3->httpx[http2]<0.29,>=0.26->gotrue<3.0,>=1.3->supabase==2.8.0->-r requirements.txt (line 4))
2025-10-12T19:57:23.7871565Z   Downloading hyperframe-6.1.0-py3-none-any.whl.metadata (4.3 kB)
2025-10-12T19:57:23.8144042Z Collecting hpack<5,>=4.1 (from h2<5,>=3->httpx[http2]<0.29,>=0.26->gotrue<3.0,>=1.3->supabase==2.8.0->-r requirements.txt (line 4))
2025-10-12T19:57:23.8253605Z   Downloading hpack-4.1.0-py3-none-any.whl.metadata (4.6 kB)
2025-10-12T19:57:23.9015140Z Collecting deprecation<3.0.0,>=2.1.0 (from postgrest<0.18.0,>=0.14->supabase==2.8.0->-r requirements.txt (line 4))
2025-10-12T19:57:23.9126058Z   Downloading deprecation-2.1.0-py2.py3-none-any.whl.metadata (4.6 kB)
2025-10-12T19:57:24.0348809Z Collecting annotated-types>=0.6.0 (from pydantic->google-generativeai==0.8.3->-r requirements.txt (line 2))
2025-10-12T19:57:24.0459815Z   Downloading annotated_types-0.7.0-py3-none-any.whl.metadata (15 kB)
2025-10-12T19:57:24.7461734Z Collecting pydantic-core==2.41.1 (from pydantic->google-generativeai==0.8.3->-r requirements.txt (line 2))
2025-10-12T19:57:24.7583371Z   Downloading pydantic_core-2.41.1-cp311-cp311-manylinux_2_17_x86_64.manylinux2014_x86_64.whl.metadata (7.3 kB)
2025-10-12T19:57:24.7864309Z Collecting typing-inspection>=0.4.2 (from pydantic->google-generativeai==0.8.3->-r requirements.txt (line 2))
2025-10-12T19:57:24.7972707Z   Downloading typing_inspection-0.4.2-py3-none-any.whl.metadata (2.6 kB)
2025-10-12T19:57:24.9168485Z Collecting websockets<16,>=11 (from realtime<3.0.0,>=2.0.0->supabase==2.8.0->-r requirements.txt (line 4))
2025-10-12T19:57:24.9281464Z   Downloading websockets-15.0.1-cp311-cp311-manylinux_2_5_x86_64.manylinux1_x86_64.manylinux_2_17_x86_64.manylinux2014_x86_64.whl.metadata (6.8 kB)
2025-10-12T19:57:24.9641137Z Collecting pyasn1>=0.1.3 (from rsa<5,>=3.1.4->google-auth>=2.15.0->google-generativeai==0.8.3->-r requirements.txt (line 2))
2025-10-12T19:57:24.9751999Z   Downloading pyasn1-0.6.1-py3-none-any.whl.metadata (8.4 kB)
2025-10-12T19:57:25.0068930Z Collecting python-dateutil<3.0.0,>=2.8.2 (from storage3<0.9.0,>=0.5.3->supabase==2.8.0->-r requirements.txt (line 4))
2025-10-12T19:57:25.0178490Z   Downloading python_dateutil-2.9.0.post0-py2.py3-none-any.whl.metadata (8.4 kB)
2025-10-12T19:57:25.0533576Z Collecting six>=1.5 (from python-dateutil<3.0.0,>=2.8.2->storage3<0.9.0,>=0.5.3->supabase==2.8.0->-r requirements.txt (line 4))
2025-10-12T19:57:25.0661532Z   Downloading six-1.17.0-py2.py3-none-any.whl.metadata (1.7 kB)
2025-10-12T19:57:25.1375024Z Collecting httplib2<1.0.0,>=0.19.0 (from google-api-python-client->google-generativeai==0.8.3->-r requirements.txt (line 2))
2025-10-12T19:57:25.1484915Z   Downloading httplib2-0.31.0-py3-none-any.whl.metadata (2.2 kB)
2025-10-12T19:57:25.1935706Z Collecting google-auth-httplib2<1.0.0,>=0.2.0 (from google-api-python-client->google-generativeai==0.8.3->-r requirements.txt (line 2))
2025-10-12T19:57:25.2043377Z   Downloading google_auth_httplib2-0.2.0-py2.py3-none-any.whl.metadata (2.2 kB)
2025-10-12T19:57:25.2295275Z Collecting uritemplate<5,>=3.0.1 (from google-api-python-client->google-generativeai==0.8.3->-r requirements.txt (line 2))
2025-10-12T19:57:25.2410001Z   Downloading uritemplate-4.2.0-py3-none-any.whl.metadata (2.6 kB)
2025-10-12T19:57:25.2835327Z Collecting pyparsing<4,>=3.0.4 (from httplib2<1.0.0,>=0.19.0->google-api-python-client->google-generativeai==0.8.3->-r requirements.txt (line 2))
2025-10-12T19:57:25.2949402Z   Downloading pyparsing-3.2.5-py3-none-any.whl.metadata (5.0 kB)
2025-10-12T19:57:25.3297654Z Downloading google_generativeai-0.8.3-py3-none-any.whl (160 kB)
2025-10-12T19:57:25.3589897Z Downloading pillow-11.0.0-cp311-cp311-manylinux_2_28_x86_64.whl (4.4 MB)
2025-10-12T19:57:25.4069983Z    ━━━━━━━━━━━━━━━━━━━━━━━━━━━━━━━━━━━━━━━━ 4.4/4.4 MB 95.8 MB/s  0:00:00
2025-10-12T19:57:25.4212030Z Downloading supabase-2.8.0-py3-none-any.whl (16 kB)
2025-10-12T19:57:25.4348378Z Downloading python_dotenv-1.0.1-py3-none-any.whl (19 kB)
2025-10-12T19:57:25.4492656Z Downloading requests-2.32.3-py3-none-any.whl (64 kB)
2025-10-12T19:57:25.4692285Z Downloading numpy-2.1.3-cp311-cp311-manylinux_2_17_x86_64.manylinux2014_x86_64.whl (16.3 MB)
2025-10-12T19:57:25.6285209Z    ━━━━━━━━━━━━━━━━━━━━━━━━━━━━━━━━━━━━━━━━ 16.3/16.3 MB 103.0 MB/s  0:00:00
2025-10-12T19:57:25.6493708Z Downloading opencv_python-4.10.0.84-cp37-abi3-manylinux_2_17_x86_64.manylinux2014_x86_64.whl (62.5 MB)
2025-10-12T19:57:26.2523278Z    ━━━━━━━━━━━━━━━━━━━━━━━━━━━━━━━━━━━━━━━━ 62.5/62.5 MB 103.9 MB/s  0:00:00
2025-10-12T19:57:26.2718498Z Downloading pytest-8.3.4-py3-none-any.whl (343 kB)
2025-10-12T19:57:26.2890977Z Downloading pytest_asyncio-0.24.0-py3-none-any.whl (18 kB)
2025-10-12T19:57:26.3190097Z Downloading black-24.10.0-cp311-cp311-manylinux_2_17_x86_64.manylinux2014_x86_64.manylinux_2_28_x86_64.whl (1.7 MB)
2025-10-12T19:57:26.3278210Z    ━━━━━━━━━━━━━━━━━━━━━━━━━━━━━━━━━━━━━━━━ 1.7/1.7 MB 101.8 MB/s  0:00:00
2025-10-12T19:57:26.3393729Z Downloading flake8-7.1.1-py2.py3-none-any.whl (57 kB)
2025-10-12T19:57:26.3540253Z Downloading mypy-1.13.0-cp311-cp311-manylinux_2_17_x86_64.manylinux2014_x86_64.manylinux_2_28_x86_64.whl (12.5 MB)
2025-10-12T19:57:26.4552117Z    ━━━━━━━━━━━━━━━━━━━━━━━━━━━━━━━━━━━━━━━━ 12.5/12.5 MB 124.2 MB/s  0:00:00
2025-10-12T19:57:26.4712974Z Downloading google_ai_generativelanguage-0.6.10-py3-none-any.whl (760 kB)
2025-10-12T19:57:26.4786765Z    ━━━━━━━━━━━━━━━━━━━━━━━━━━━━━━━━━━━━━━━━ 760.0/760.0 kB 110.5 MB/s  0:00:00
2025-10-12T19:57:26.4898895Z Downloading charset_normalizer-3.4.3-cp311-cp311-manylinux2014_x86_64.manylinux_2_17_x86_64.manylinux_2_28_x86_64.whl (150 kB)
2025-10-12T19:57:26.5040850Z Downloading google_api_core-2.26.0-py3-none-any.whl (162 kB)
2025-10-12T19:57:26.5182409Z Downloading google_auth-2.41.1-py2.py3-none-any.whl (221 kB)
2025-10-12T19:57:26.5343899Z Downloading cachetools-6.2.1-py3-none-any.whl (11 kB)
2025-10-12T19:57:26.5476150Z Downloading googleapis_common_protos-1.70.0-py3-none-any.whl (294 kB)
2025-10-12T19:57:26.5645367Z Downloading gotrue-2.12.4-py3-none-any.whl (42 kB)
2025-10-12T19:57:26.5785548Z Downloading grpcio-1.75.1-cp311-cp311-manylinux2014_x86_64.manylinux_2_17_x86_64.whl (6.5 MB)
2025-10-12T19:57:26.6133682Z    ━━━━━━━━━━━━━━━━━━━━━━━━━━━━━━━━━━━━━━━━ 6.5/6.5 MB 195.4 MB/s  0:00:00
2025-10-12T19:57:26.6246146Z Downloading grpcio_status-1.71.2-py3-none-any.whl (14 kB)
2025-10-12T19:57:26.6382733Z Downloading httpx-0.27.2-py3-none-any.whl (76 kB)
2025-10-12T19:57:26.6528415Z Downloading httpcore-1.0.9-py3-none-any.whl (78 kB)
2025-10-12T19:57:26.6674963Z Downloading h2-4.3.0-py3-none-any.whl (61 kB)
2025-10-12T19:57:26.6947836Z Downloading hpack-4.1.0-py3-none-any.whl (34 kB)
2025-10-12T19:57:26.7094504Z Downloading hyperframe-6.1.0-py3-none-any.whl (13 kB)
2025-10-12T19:57:26.7242045Z Downloading idna-3.11-py3-none-any.whl (71 kB)
2025-10-12T19:57:26.7382511Z Downloading mccabe-0.7.0-py2.py3-none-any.whl (7.3 kB)
2025-10-12T19:57:26.7518784Z Downloading pluggy-1.6.0-py3-none-any.whl (20 kB)
2025-10-12T19:57:26.7675971Z Downloading postgrest-0.17.2-py3-none-any.whl (21 kB)
2025-10-12T19:57:26.7822621Z Downloading deprecation-2.1.0-py2.py3-none-any.whl (11 kB)
2025-10-12T19:57:26.7968577Z Downloading proto_plus-1.26.1-py3-none-any.whl (50 kB)
2025-10-12T19:57:26.8115785Z Downloading protobuf-5.29.5-cp38-abi3-manylinux2014_x86_64.whl (319 kB)
2025-10-12T19:57:26.8271318Z Downloading pycodestyle-2.12.1-py2.py3-none-any.whl (31 kB)
2025-10-12T19:57:26.8440850Z Downloading pydantic-2.12.0-py3-none-any.whl (459 kB)
2025-10-12T19:57:26.8641260Z Downloading pydantic_core-2.41.1-cp311-cp311-manylinux_2_17_x86_64.manylinux2014_x86_64.whl (2.1 MB)
2025-10-12T19:57:26.9237175Z    ━━━━━━━━━━━━━━━━━━━━━━━━━━━━━━━━━━━━━━━━ 2.1/2.1 MB 35.5 MB/s  0:00:00
2025-10-12T19:57:26.9339308Z Downloading pyflakes-3.2.0-py2.py3-none-any.whl (62 kB)
2025-10-12T19:57:26.9490920Z Downloading PyJWT-2.10.1-py3-none-any.whl (22 kB)
2025-10-12T19:57:26.9621595Z Downloading realtime-2.22.0-py3-none-any.whl (22 kB)
2025-10-12T19:57:26.9760898Z Downloading rsa-4.9.1-py3-none-any.whl (34 kB)
2025-10-12T19:57:26.9922089Z Downloading storage3-0.8.2-py3-none-any.whl (16 kB)
2025-10-12T19:57:27.0108540Z Downloading python_dateutil-2.9.0.post0-py2.py3-none-any.whl (229 kB)
2025-10-12T19:57:27.0300857Z Downloading supafunc-0.6.2-py3-none-any.whl (6.6 kB)
2025-10-12T19:57:27.0437060Z Downloading typing_extensions-4.15.0-py3-none-any.whl (44 kB)
2025-10-12T19:57:27.0571368Z Downloading urllib3-2.5.0-py3-none-any.whl (129 kB)
2025-10-12T19:57:27.0723965Z Downloading websockets-15.0.1-cp311-cp311-manylinux_2_5_x86_64.manylinux1_x86_64.manylinux_2_17_x86_64.manylinux2014_x86_64.whl (182 kB)
2025-10-12T19:57:27.0887162Z Downloading annotated_types-0.7.0-py3-none-any.whl (13 kB)
2025-10-12T19:57:27.1018625Z Downloading certifi-2025.10.5-py3-none-any.whl (163 kB)
2025-10-12T19:57:27.1176576Z Downloading click-8.3.0-py3-none-any.whl (107 kB)
2025-10-12T19:57:27.1389853Z Downloading h11-0.16.0-py3-none-any.whl (37 kB)
2025-10-12T19:57:27.1533874Z Downloading mypy_extensions-1.1.0-py3-none-any.whl (5.0 kB)
2025-10-12T19:57:27.1664448Z Downloading packaging-25.0-py3-none-any.whl (66 kB)
2025-10-12T19:57:27.1798519Z Downloading pathspec-0.12.1-py3-none-any.whl (31 kB)
2025-10-12T19:57:27.1938636Z Downloading platformdirs-4.5.0-py3-none-any.whl (18 kB)
2025-10-12T19:57:27.2092991Z Downloading pyasn1-0.6.1-py3-none-any.whl (83 kB)
2025-10-12T19:57:27.2229390Z Downloading pyasn1_modules-0.4.2-py3-none-any.whl (181 kB)
2025-10-12T19:57:27.2369032Z Downloading six-1.17.0-py2.py3-none-any.whl (11 kB)
2025-10-12T19:57:27.2505021Z Downloading typing_inspection-0.4.2-py3-none-any.whl (14 kB)
2025-10-12T19:57:27.2642072Z Downloading anyio-4.11.0-py3-none-any.whl (109 kB)
2025-10-12T19:57:27.2775926Z Downloading sniffio-1.3.1-py3-none-any.whl (10 kB)
2025-10-12T19:57:27.2925955Z Downloading google_api_python_client-2.184.0-py3-none-any.whl (14.3 MB)
2025-10-12T19:57:27.3517047Z    ━━━━━━━━━━━━━━━━━━━━━━━━━━━━━━━━━━━━━━━━ 14.3/14.3 MB 248.5 MB/s  0:00:00
2025-10-12T19:57:27.3627950Z Downloading google_auth_httplib2-0.2.0-py2.py3-none-any.whl (9.3 kB)
2025-10-12T19:57:27.3774487Z Downloading httplib2-0.31.0-py3-none-any.whl (91 kB)
2025-10-12T19:57:27.3910365Z Downloading pyparsing-3.2.5-py3-none-any.whl (113 kB)
2025-10-12T19:57:27.4043885Z Downloading uritemplate-4.2.0-py3-none-any.whl (11 kB)
2025-10-12T19:57:27.4200817Z Downloading iniconfig-2.1.0-py3-none-any.whl (6.0 kB)
2025-10-12T19:57:27.4335720Z Downloading tqdm-4.67.1-py3-none-any.whl (78 kB)
2025-10-12T19:57:27.7052239Z Installing collected packages: websockets, urllib3, uritemplate, typing-extensions, tqdm, sniffio, six, python-dotenv, pyparsing, pyjwt, pyflakes, pycodestyle, pyasn1, protobuf, pluggy, platformdirs, pillow, pathspec, packaging, numpy, mypy-extensions, mccabe, iniconfig, idna, hyperframe, hpack, h11, click, charset-normalizer, certifi, cachetools, annotated-types, typing-inspection, rsa, requests, python-dateutil, pytest, pydantic-core, pyasn1-modules, proto-plus, opencv-python, mypy, httplib2, httpcore, h2, grpcio, googleapis-common-protos, flake8, deprecation, black, anyio, pytest-asyncio, pydantic, httpx, grpcio-status, google-auth, realtime, google-auth-httplib2, google-api-core, supafunc, storage3, postgrest, gotrue, google-api-python-client, supabase, google-ai-generativelanguage, google-generativeai
2025-10-12T19:57:35.8075176Z 
2025-10-12T19:57:35.8115258Z Successfully installed annotated-types-0.7.0 anyio-4.11.0 black-24.10.0 cachetools-6.2.1 certifi-2025.10.5 charset-normalizer-3.4.3 click-8.3.0 deprecation-2.1.0 flake8-7.1.1 google-ai-generativelanguage-0.6.10 google-api-core-2.26.0 google-api-python-client-2.184.0 google-auth-2.41.1 google-auth-httplib2-0.2.0 google-generativeai-0.8.3 googleapis-common-protos-1.70.0 gotrue-2.12.4 grpcio-1.75.1 grpcio-status-1.71.2 h11-0.16.0 h2-4.3.0 hpack-4.1.0 httpcore-1.0.9 httplib2-0.31.0 httpx-0.27.2 hyperframe-6.1.0 idna-3.11 iniconfig-2.1.0 mccabe-0.7.0 mypy-1.13.0 mypy-extensions-1.1.0 numpy-2.1.3 opencv-python-4.10.0.84 packaging-25.0 pathspec-0.12.1 pillow-11.0.0 platformdirs-4.5.0 pluggy-1.6.0 postgrest-0.17.2 proto-plus-1.26.1 protobuf-5.29.5 pyasn1-0.6.1 pyasn1-modules-0.4.2 pycodestyle-2.12.1 pydantic-2.12.0 pydantic-core-2.41.1 pyflakes-3.2.0 pyjwt-2.10.1 pyparsing-3.2.5 pytest-8.3.4 pytest-asyncio-0.24.0 python-dateutil-2.9.0.post0 python-dotenv-1.0.1 realtime-2.22.0 requests-2.32.3 rsa-4.9.1 six-1.17.0 sniffio-1.3.1 storage3-0.8.2 supabase-2.8.0 supafunc-0.6.2 tqdm-4.67.1 typing-extensions-4.15.0 typing-inspection-0.4.2 uritemplate-4.2.0 urllib3-2.5.0 websockets-15.0.1
2025-10-12T19:57:36.2930322Z ##[group]Run pytest services/ || true
2025-10-12T19:57:36.2930643Z [36;1mpytest services/ || true[0m
2025-10-12T19:57:36.2963537Z shell: /usr/bin/bash -e {0}
2025-10-12T19:57:36.2963755Z env:
2025-10-12T19:57:36.2963993Z   pythonLocation: /opt/hostedtoolcache/Python/3.11.13/x64
2025-10-12T19:57:36.2964394Z   PKG_CONFIG_PATH: /opt/hostedtoolcache/Python/3.11.13/x64/lib/pkgconfig
2025-10-12T19:57:36.2964797Z   Python_ROOT_DIR: /opt/hostedtoolcache/Python/3.11.13/x64
2025-10-12T19:57:36.2965141Z   Python2_ROOT_DIR: /opt/hostedtoolcache/Python/3.11.13/x64
2025-10-12T19:57:36.2965486Z   Python3_ROOT_DIR: /opt/hostedtoolcache/Python/3.11.13/x64
2025-10-12T19:57:36.2965833Z   LD_LIBRARY_PATH: /opt/hostedtoolcache/Python/3.11.13/x64/lib
2025-10-12T19:57:36.2966111Z ##[endgroup]
2025-10-12T19:57:36.9261016Z /opt/hostedtoolcache/Python/3.11.13/x64/lib/python3.11/site-packages/pytest_asyncio/plugin.py:208: PytestDeprecationWarning: The configuration option "asyncio_default_fixture_loop_scope" is unset.
2025-10-12T19:57:36.9264853Z The event loop scope for asynchronous fixtures will default to the fixture caching scope. Future versions of pytest-asyncio will default the loop scope for asynchronous fixtures to function scope. Set the default fixture loop scope explicitly in order to avoid unexpected behavior in the future. Valid fixture loop scopes are: "function", "class", "module", "package", "session"
2025-10-12T19:57:36.9266054Z 
2025-10-12T19:57:36.9266284Z   warnings.warn(PytestDeprecationWarning(_DEFAULT_FIXTURE_LOOP_SCOPE_UNSET))
2025-10-12T19:57:36.9907882Z ============================= test session starts ==============================
2025-10-12T19:57:36.9910290Z platform linux -- Python 3.11.13, pytest-8.3.4, pluggy-1.6.0
2025-10-12T19:57:36.9910824Z rootdir: /home/runner/work/my_closet/my_closet
2025-10-12T19:57:36.9911258Z plugins: asyncio-0.24.0, anyio-4.11.0
2025-10-12T19:57:36.9912028Z asyncio: mode=Mode.STRICT, default_loop_scope=None
2025-10-12T19:57:36.9912462Z collected 0 items
2025-10-12T19:57:36.9912636Z 
2025-10-12T19:57:36.9912816Z ============================ no tests ran in 0.01s =============================
2025-10-12T19:57:37.0225373Z ##[group]Run flake8 services/
2025-10-12T19:57:37.0225656Z [36;1mflake8 services/[0m
2025-10-12T19:57:37.0225879Z [36;1mblack --check services/[0m
2025-10-12T19:57:37.0226110Z [36;1mmypy services/[0m
2025-10-12T19:57:37.0258394Z shell: /usr/bin/bash -e {0}
2025-10-12T19:57:37.0258628Z env:
2025-10-12T19:57:37.0258872Z   pythonLocation: /opt/hostedtoolcache/Python/3.11.13/x64
2025-10-12T19:57:37.0259277Z   PKG_CONFIG_PATH: /opt/hostedtoolcache/Python/3.11.13/x64/lib/pkgconfig
2025-10-12T19:57:37.0259662Z   Python_ROOT_DIR: /opt/hostedtoolcache/Python/3.11.13/x64
2025-10-12T19:57:37.0260009Z   Python2_ROOT_DIR: /opt/hostedtoolcache/Python/3.11.13/x64
2025-10-12T19:57:37.0260354Z   Python3_ROOT_DIR: /opt/hostedtoolcache/Python/3.11.13/x64
2025-10-12T19:57:37.0260710Z   LD_LIBRARY_PATH: /opt/hostedtoolcache/Python/3.11.13/x64/lib
2025-10-12T19:57:37.0260999Z ##[endgroup]
2025-10-12T19:57:37.5581450Z services/ai_processor.py:10:1: F401 'time' imported but unused
2025-10-12T19:57:37.5586312Z services/ai_processor.py:12:1: F401 'typing.Tuple' imported but unused
2025-10-12T19:57:37.5593116Z services/ai_processor.py:16:1: F401 'google.generativeai as genai' imported but unused
2025-10-12T19:57:37.5597759Z services/ai_processor.py:89:1: W293 blank line contains whitespace
2025-10-12T19:57:37.5602581Z services/ai_processor.py:95:1: W293 blank line contains whitespace
2025-10-12T19:57:37.5603477Z services/ai_processor.py:99:1: W293 blank line contains whitespace
2025-10-12T19:57:37.5605719Z services/ai_processor.py:103:1: W293 blank line contains whitespace
2025-10-12T19:57:37.5606390Z services/ai_processor.py:125:1: W293 blank line contains whitespace
2025-10-12T19:57:37.5607002Z services/ai_processor.py:127:14: W291 trailing whitespace
2025-10-12T19:57:37.5607614Z services/ai_processor.py:132:1: W293 blank line contains whitespace
2025-10-12T19:57:37.5613159Z services/ai_processor.py:135:1: W293 blank line contains whitespace
2025-10-12T19:57:37.5613910Z services/ai_processor.py:140:1: W293 blank line contains whitespace
2025-10-12T19:57:37.5614591Z services/ai_processor.py:149:1: W293 blank line contains whitespace
2025-10-12T19:57:37.5615247Z services/ai_processor.py:152:1: W293 blank line contains whitespace
2025-10-12T19:57:37.5615892Z services/ai_processor.py:158:1: W293 blank line contains whitespace
2025-10-12T19:57:37.5616538Z services/ai_processor.py:160:1: W293 blank line contains whitespace
2025-10-12T19:57:37.5617189Z services/ai_processor.py:172:1: W293 blank line contains whitespace
2025-10-12T19:57:37.5617833Z services/ai_processor.py:175:1: W293 blank line contains whitespace
2025-10-12T19:57:37.5618812Z services/ai_processor.py:178:1: W293 blank line contains whitespace
2025-10-12T19:57:37.5619470Z services/ai_processor.py:191:1: W293 blank line contains whitespace
2025-10-12T19:57:37.5620058Z services/ai_processor.py:193:14: W291 trailing whitespace
2025-10-12T19:57:37.5620658Z services/ai_processor.py:198:1: W293 blank line contains whitespace
2025-10-12T19:57:37.5621309Z services/ai_processor.py:201:1: W293 blank line contains whitespace
2025-10-12T19:57:37.5621968Z services/ai_processor.py:207:80: E501 line too long (94 > 79 characters)
2025-10-12T19:57:37.5622634Z services/ai_processor.py:216:1: W293 blank line contains whitespace
2025-10-12T19:57:37.5623297Z services/ai_processor.py:218:80: E501 line too long (96 > 79 characters)
2025-10-12T19:57:37.5623955Z services/ai_processor.py:219:1: W293 blank line contains whitespace
2025-10-12T19:57:37.5624580Z services/ai_processor.py:222:1: W293 blank line contains whitespace
2025-10-12T19:57:37.5625216Z services/ai_processor.py:224:80: E501 line too long (84 > 79 characters)
2025-10-12T19:57:37.5625862Z services/ai_processor.py:225:1: W293 blank line contains whitespace
2025-10-12T19:57:37.5626808Z services/ai_processor.py:227:80: E501 line too long (80 > 79 characters)
2025-10-12T19:57:37.5627442Z services/ai_processor.py:228:1: W293 blank line contains whitespace
2025-10-12T19:57:37.5628501Z services/ai_processor.py:230:1: W293 blank line contains whitespace
2025-10-12T19:57:37.5629253Z services/ai_processor.py:240:1: W293 blank line contains whitespace
2025-10-12T19:57:37.5629941Z services/ai_processor.py:241:80: E501 line too long (97 > 79 characters)
2025-10-12T19:57:37.5630591Z services/ai_processor.py:245:1: W293 blank line contains whitespace
2025-10-12T19:57:37.5631256Z services/ai_processor.py:249:80: E501 line too long (90 > 79 characters)
2025-10-12T19:57:37.5631882Z services/ai_processor.py:252:80: E501 line too long (89 > 79 characters)
2025-10-12T19:57:37.5632593Z services/ai_processor.py:254:1: W293 blank line contains whitespace
2025-10-12T19:57:37.5633201Z services/ai_processor.py:258:80: E501 line too long (93 > 79 characters)
2025-10-12T19:57:37.5633840Z services/ai_processor.py:261:80: E501 line too long (89 > 79 characters)
2025-10-12T19:57:37.5634445Z services/ai_processor.py:263:1: W293 blank line contains whitespace
2025-10-12T19:57:37.5635046Z services/ai_processor.py:268:1: W293 blank line contains whitespace
2025-10-12T19:57:37.5635590Z services/ai_processor.py:270:14: W291 trailing whitespace
2025-10-12T19:57:37.5636089Z services/ai_processor.py:271:32: W291 trailing whitespace
2025-10-12T19:57:37.5636614Z services/ai_processor.py:275:1: W293 blank line contains whitespace
2025-10-12T19:57:37.5637217Z services/ai_processor.py:277:80: E501 line too long (90 > 79 characters)
2025-10-12T19:57:37.5637816Z services/ai_processor.py:278:1: W293 blank line contains whitespace
2025-10-12T19:57:37.5638714Z services/ai_processor.py:281:1: W293 blank line contains whitespace
2025-10-12T19:57:37.5639303Z services/ai_processor.py:290:1: W293 blank line contains whitespace
2025-10-12T19:57:37.5639883Z services/ai_processor.py:299:1: W293 blank line contains whitespace
2025-10-12T19:57:37.5640498Z services/ai_processor.py:301:80: E501 line too long (81 > 79 characters)
2025-10-12T19:57:37.5641112Z services/ai_processor.py:302:1: W293 blank line contains whitespace
2025-10-12T19:57:37.5641706Z services/ai_processor.py:305:1: W293 blank line contains whitespace
2025-10-12T19:57:37.5642288Z services/ai_processor.py:307:1: W293 blank line contains whitespace
2025-10-12T19:57:37.5642813Z services/ai_processor.py:309:14: W291 trailing whitespace
2025-10-12T19:57:37.5643307Z services/ai_processor.py:310:21: W291 trailing whitespace
2025-10-12T19:57:37.5643832Z services/ai_processor.py:317:1: W293 blank line contains whitespace
2025-10-12T19:57:37.5644418Z services/ai_processor.py:320:1: W293 blank line contains whitespace
2025-10-12T19:57:37.5644984Z services/ai_processor.py:334:1: W293 blank line contains whitespace
2025-10-12T19:57:37.5645562Z services/ai_processor.py:336:1: W293 blank line contains whitespace
2025-10-12T19:57:37.5646147Z services/ai_processor.py:340:1: W293 blank line contains whitespace
2025-10-12T19:57:37.5646723Z services/ai_processor.py:349:1: W293 blank line contains whitespace
2025-10-12T19:57:37.5647315Z services/ai_processor.py:353:80: E501 line too long (115 > 79 characters)
2025-10-12T19:57:37.5647924Z services/ai_processor.py:357:1: W293 blank line contains whitespace
2025-10-12T19:57:37.5648683Z services/ai_processor.py:358:80: E501 line too long (96 > 79 characters)
2025-10-12T19:57:37.5649292Z services/ai_processor.py:361:80: E501 line too long (132 > 79 characters)
2025-10-12T19:57:37.5649900Z services/ai_processor.py:364:80: E501 line too long (95 > 79 characters)
2025-10-12T19:57:37.5650510Z services/ai_processor.py:365:80: E501 line too long (80 > 79 characters)
2025-10-12T19:57:37.5651104Z services/ai_processor.py:372:80: E501 line too long (95 > 79 characters)
2025-10-12T19:57:37.5651694Z services/ai_processor.py:374:80: E501 line too long (89 > 79 characters)
2025-10-12T19:57:37.5652271Z services/ai_processor.py:376:1: W293 blank line contains whitespace
2025-10-12T19:57:37.5653078Z services/ai_processor.py:380:80: E501 line too long (93 > 79 characters)
2025-10-12T19:57:37.5653667Z services/ai_processor.py:383:80: E501 line too long (87 > 79 characters)
2025-10-12T19:57:37.5654442Z services/ai_processor.py:395:1: W293 blank line contains whitespace
2025-10-12T19:57:37.5655080Z services/ai_processor.py:396:80: E501 line too long (91 > 79 characters)
2025-10-12T19:57:37.5655703Z services/ai_processor.py:402:1: W293 blank line contains whitespace
2025-10-12T19:57:37.5656322Z services/ai_processor.py:406:1: W293 blank line contains whitespace
2025-10-12T19:57:37.5656931Z services/ai_processor.py:417:1: W293 blank line contains whitespace
2025-10-12T19:57:37.5657514Z services/ai_processor.py:427:1: W293 blank line contains whitespace
2025-10-12T19:57:37.5658281Z services/ai_processor.py:428:80: E501 line too long (82 > 79 characters)
2025-10-12T19:57:37.5658887Z services/ai_processor.py:431:1: W293 blank line contains whitespace
2025-10-12T19:57:37.5659549Z services/ai_processor.py:432:80: E501 line too long (110 > 79 characters)
2025-10-12T19:57:37.5660158Z services/ai_processor.py:437:1: W293 blank line contains whitespace
2025-10-12T19:57:37.5660760Z services/ai_processor.py:445:1: W293 blank line contains whitespace
2025-10-12T19:57:37.5661349Z services/ai_processor.py:448:80: E501 line too long (96 > 79 characters)
2025-10-12T19:57:37.5661970Z services/ai_processor.py:450:80: E501 line too long (424 > 79 characters)
2025-10-12T19:57:37.5662587Z services/ai_processor.py:451:1: W293 blank line contains whitespace
2025-10-12T19:57:37.5663199Z services/ai_processor.py:452:80: E501 line too long (80 > 79 characters)
2025-10-12T19:57:37.5663811Z services/ai_processor.py:456:1: W293 blank line contains whitespace
2025-10-12T19:57:37.5664391Z services/ai_processor.py:459:1: W293 blank line contains whitespace
2025-10-12T19:57:37.5664984Z services/ai_processor.py:461:80: E501 line too long (81 > 79 characters)
2025-10-12T19:57:37.5665593Z services/ai_processor.py:462:1: W293 blank line contains whitespace
2025-10-12T19:57:37.5666165Z services/ai_processor.py:465:1: W293 blank line contains whitespace
2025-10-12T19:57:37.5666737Z services/ai_processor.py:467:1: W293 blank line contains whitespace
2025-10-12T19:57:37.5667322Z services/ai_processor.py:471:1: W293 blank line contains whitespace
2025-10-12T19:57:37.5667902Z services/ai_processor.py:474:1: W293 blank line contains whitespace
2025-10-12T19:57:37.5668658Z services/ai_processor.py:480:1: W293 blank line contains whitespace
2025-10-12T19:57:37.5669227Z services/ai_processor.py:485:1: W293 blank line contains whitespace
2025-10-12T19:57:37.5669844Z services/ai_processor.py:490:80: E501 line too long (83 > 79 characters)
2025-10-12T19:57:37.5670445Z services/ai_processor.py:492:80: E501 line too long (89 > 79 characters)
2025-10-12T19:57:37.5671044Z services/ai_processor.py:493:1: W293 blank line contains whitespace
2025-10-12T19:57:37.5671626Z services/ai_processor.py:496:1: W293 blank line contains whitespace
2025-10-12T19:57:37.5672221Z services/ai_processor.py:497:80: E501 line too long (99 > 79 characters)
2025-10-12T19:57:37.5672806Z services/ai_processor.py:499:1: W293 blank line contains whitespace
2025-10-12T19:57:37.5673397Z services/ai_processor.py:502:80: E501 line too long (106 > 79 characters)
2025-10-12T19:57:37.5673999Z services/ai_processor.py:503:80: E501 line too long (97 > 79 characters)
2025-10-12T19:57:37.5674593Z services/ai_processor.py:508:80: E501 line too long (95 > 79 characters)
2025-10-12T19:57:37.5675201Z services/ai_processor.py:514:80: E501 line too long (100 > 79 characters)
2025-10-12T19:57:37.5675815Z services/ai_processor.py:515:80: E501 line too long (93 > 79 characters)
2025-10-12T19:57:37.5676414Z services/ai_processor.py:520:80: E501 line too long (81 > 79 characters)
2025-10-12T19:57:37.5677007Z services/ai_processor.py:521:80: E501 line too long (92 > 79 characters)
2025-10-12T19:57:37.5677606Z services/ai_processor.py:526:80: E501 line too long (94 > 79 characters)
2025-10-12T19:57:37.5678560Z services/ai_processor.py:532:80: E501 line too long (99 > 79 characters)
2025-10-12T19:57:37.5679165Z services/ai_processor.py:533:80: E501 line too long (99 > 79 characters)
2025-10-12T19:57:37.5679915Z services/ai_processor.py:538:80: E501 line too long (90 > 79 characters)
2025-10-12T19:57:37.5680531Z services/ai_processor.py:539:80: E501 line too long (104 > 79 characters)
2025-10-12T19:57:37.5681161Z services/ai_processor.py:544:80: E501 line too long (91 > 79 characters)
2025-10-12T19:57:37.5681790Z services/ai_processor.py:545:80: E501 line too long (99 > 79 characters)
2025-10-12T19:57:37.5682407Z services/ai_processor.py:550:80: E501 line too long (82 > 79 characters)
2025-10-12T19:57:37.5683054Z services/ai_processor.py:551:80: E501 line too long (80 > 79 characters)
2025-10-12T19:57:37.5683669Z services/ai_processor.py:556:1: W293 blank line contains whitespace
2025-10-12T19:57:37.5684283Z services/ai_processor.py:557:80: E501 line too long (98 > 79 characters)
2025-10-12T19:57:37.5684928Z services/ai_processor.py:558:1: W293 blank line contains whitespace
2025-10-12T19:57:37.5685520Z services/ai_processor.py:567:1: W293 blank line contains whitespace
2025-10-12T19:57:37.5686116Z services/ai_processor.py:571:1: W293 blank line contains whitespace
2025-10-12T19:57:37.5686652Z services/ai_processor.py:574:1: W293 blank line contains whitespace
2025-10-12T19:57:37.5687187Z services/ai_processor.py:580:1: W293 blank line contains whitespace
2025-10-12T19:57:37.5687729Z services/ai_processor.py:581:80: E501 line too long (80 > 79 characters)
2025-10-12T19:57:37.5688443Z services/ai_processor.py:582:80: E501 line too long (102 > 79 characters)
2025-10-12T19:57:37.5689004Z services/ai_processor.py:583:1: W293 blank line contains whitespace
2025-10-12T19:57:37.5689575Z services/ai_processor.py:586:1: W293 blank line contains whitespace
2025-10-12T19:57:37.5690255Z services/ai_processor.py:591:1: W293 blank line contains whitespace
2025-10-12T19:57:37.5690921Z services/image_processor.py:4:80: E501 line too long (87 > 79 characters)
2025-10-12T19:57:37.5691662Z services/image_processor.py:19:1: F401 'typing.Optional' imported but unused
2025-10-12T19:57:37.5692413Z services/image_processor.py:19:1: F401 'typing.Tuple' imported but unused
2025-10-12T19:57:37.5693159Z services/image_processor.py:21:1: F401 'PIL.ExifTags' imported but unused
2025-10-12T19:57:37.5693832Z services/image_processor.py:23:1: F401 'json' imported but unused
2025-10-12T19:57:37.5694487Z services/image_processor.py:30:1: E302 expected 2 blank lines, found 1
2025-10-12T19:57:37.5695159Z services/image_processor.py:32:80: E501 line too long (84 > 79 characters)
2025-10-12T19:57:37.5695853Z services/image_processor.py:34:1: W293 blank line contains whitespace
2025-10-12T19:57:37.5696535Z services/image_processor.py:42:1: W293 blank line contains whitespace
2025-10-12T19:57:37.5697208Z services/image_processor.py:45:1: W293 blank line contains whitespace
2025-10-12T19:57:37.5697850Z services/image_processor.py:52:1: W293 blank line contains whitespace
2025-10-12T19:57:37.5698647Z services/image_processor.py:57:1: W293 blank line contains whitespace
2025-10-12T19:57:37.5699251Z services/image_processor.py:59:14: W291 trailing whitespace
2025-10-12T19:57:37.5699802Z services/image_processor.py:60:38: W291 trailing whitespace
2025-10-12T19:57:37.5700401Z services/image_processor.py:66:1: W293 blank line contains whitespace
2025-10-12T19:57:37.5701033Z services/image_processor.py:71:1: W293 blank line contains whitespace
2025-10-12T19:57:37.5701677Z services/image_processor.py:79:1: W293 blank line contains whitespace
2025-10-12T19:57:37.5702345Z services/image_processor.py:85:80: E501 line too long (121 > 79 characters)
2025-10-12T19:57:37.5703007Z services/image_processor.py:86:1: W293 blank line contains whitespace
2025-10-12T19:57:37.5703640Z services/image_processor.py:89:1: W293 blank line contains whitespace
2025-10-12T19:57:37.5704258Z services/image_processor.py:94:1: W293 blank line contains whitespace
2025-10-12T19:57:37.5705096Z services/image_processor.py:99:1: W293 blank line contains whitespace
2025-10-12T19:57:37.5705729Z services/image_processor.py:104:1: W293 blank line contains whitespace
2025-10-12T19:57:37.5706550Z services/image_processor.py:113:1: W293 blank line contains whitespace
2025-10-12T19:57:37.5707222Z services/image_processor.py:115:80: E501 line too long (83 > 79 characters)
2025-10-12T19:57:37.5707887Z services/image_processor.py:117:1: W293 blank line contains whitespace
2025-10-12T19:57:37.5708657Z services/image_processor.py:119:14: W291 trailing whitespace
2025-10-12T19:57:37.5709217Z services/image_processor.py:120:38: W291 trailing whitespace
2025-10-12T19:57:37.5709827Z services/image_processor.py:127:1: W293 blank line contains whitespace
2025-10-12T19:57:37.5710456Z services/image_processor.py:133:1: W293 blank line contains whitespace
2025-10-12T19:57:37.5711076Z services/image_processor.py:141:1: W293 blank line contains whitespace
2025-10-12T19:57:37.5711723Z services/image_processor.py:147:80: E501 line too long (123 > 79 characters)
2025-10-12T19:57:37.5712396Z services/image_processor.py:148:1: W293 blank line contains whitespace
2025-10-12T19:57:37.5713103Z services/image_processor.py:151:80: E501 line too long (106 > 79 characters)
2025-10-12T19:57:37.5713799Z services/image_processor.py:152:1: W293 blank line contains whitespace
2025-10-12T19:57:37.5714493Z services/image_processor.py:155:1: W293 blank line contains whitespace
2025-10-12T19:57:37.5715194Z services/image_processor.py:160:1: W293 blank line contains whitespace
2025-10-12T19:57:37.5715868Z services/image_processor.py:165:1: W293 blank line contains whitespace
2025-10-12T19:57:37.5716575Z services/image_processor.py:174:1: W293 blank line contains whitespace
2025-10-12T19:57:37.5717261Z services/image_processor.py:178:1: W293 blank line contains whitespace
2025-10-12T19:57:37.5717924Z services/image_processor.py:180:14: W291 trailing whitespace
2025-10-12T19:57:37.5718669Z services/image_processor.py:181:26: W291 trailing whitespace
2025-10-12T19:57:37.5719278Z services/image_processor.py:182:26: W291 trailing whitespace
2025-10-12T19:57:37.5719845Z services/image_processor.py:183:23: W291 trailing whitespace
2025-10-12T19:57:37.5720490Z services/image_processor.py:188:1: W293 blank line contains whitespace
2025-10-12T19:57:37.5721188Z services/image_processor.py:194:1: W293 blank line contains whitespace
2025-10-12T19:57:37.5721780Z services/image_processor.py:199:1: W293 blank line contains whitespace
2025-10-12T19:57:37.5722416Z services/image_processor.py:206:80: E501 line too long (87 > 79 characters)
2025-10-12T19:57:37.5723070Z services/image_processor.py:210:1: W293 blank line contains whitespace
2025-10-12T19:57:37.5723780Z services/image_processor.py:212:80: E501 line too long (90 > 79 characters)
2025-10-12T19:57:37.5724511Z services/image_processor.py:214:1: W293 blank line contains whitespace
2025-10-12T19:57:37.5725229Z services/image_processor.py:217:1: W293 blank line contains whitespace
2025-10-12T19:57:37.5726010Z services/image_processor.py:220:80: E501 line too long (81 > 79 characters)
2025-10-12T19:57:37.5726683Z services/image_processor.py:221:1: W293 blank line contains whitespace
2025-10-12T19:57:37.5727321Z services/image_processor.py:223:1: W293 blank line contains whitespace
2025-10-12T19:57:37.5727947Z services/image_processor.py:225:14: W291 trailing whitespace
2025-10-12T19:57:37.5728662Z services/image_processor.py:226:26: W291 trailing whitespace
2025-10-12T19:57:37.5729282Z services/image_processor.py:227:26: W291 trailing whitespace
2025-10-12T19:57:37.5729948Z services/image_processor.py:232:1: W293 blank line contains whitespace
2025-10-12T19:57:37.5730675Z services/image_processor.py:237:1: W293 blank line contains whitespace
2025-10-12T19:57:37.5731392Z services/image_processor.py:242:1: W293 blank line contains whitespace
2025-10-12T19:57:37.5732130Z services/image_processor.py:246:1: W293 blank line contains whitespace
2025-10-12T19:57:37.5732863Z services/image_processor.py:249:1: W293 blank line contains whitespace
2025-10-12T19:57:37.5733785Z services/image_processor.py:252:80: E501 line too long (90 > 79 characters)
2025-10-12T19:57:37.5734520Z services/image_processor.py:253:1: W293 blank line contains whitespace
2025-10-12T19:57:37.5735381Z services/image_processor.py:255:1: W293 blank line contains whitespace
2025-10-12T19:57:37.5736018Z services/image_processor.py:257:14: W291 trailing whitespace
2025-10-12T19:57:37.5736537Z services/image_processor.py:258:26: W291 trailing whitespace
2025-10-12T19:57:37.5737052Z services/image_processor.py:259:26: W291 trailing whitespace
2025-10-12T19:57:37.5737602Z services/image_processor.py:264:1: W293 blank line contains whitespace
2025-10-12T19:57:37.5738329Z services/image_processor.py:269:1: W293 blank line contains whitespace
2025-10-12T19:57:37.5739050Z services/image_processor.py:274:1: W293 blank line contains whitespace
2025-10-12T19:57:37.5739749Z services/image_processor.py:278:1: W293 blank line contains whitespace
2025-10-12T19:57:37.5740459Z services/image_processor.py:281:1: W293 blank line contains whitespace
2025-10-12T19:57:37.5741159Z services/image_processor.py:284:80: E501 line too long (86 > 79 characters)
2025-10-12T19:57:37.5741889Z services/image_processor.py:285:1: W293 blank line contains whitespace
2025-10-12T19:57:37.5742589Z services/image_processor.py:287:1: W293 blank line contains whitespace
2025-10-12T19:57:37.5743285Z services/image_processor.py:291:1: W293 blank line contains whitespace
2025-10-12T19:57:37.5743963Z services/image_processor.py:294:1: W293 blank line contains whitespace
2025-10-12T19:57:37.5744625Z services/image_processor.py:306:1: W293 blank line contains whitespace
2025-10-12T19:57:37.5745295Z services/image_processor.py:315:1: W293 blank line contains whitespace
2025-10-12T19:57:37.5745986Z services/image_processor.py:317:1: W293 blank line contains whitespace
2025-10-12T19:57:37.5746696Z services/image_processor.py:318:80: E501 line too long (95 > 79 characters)
2025-10-12T19:57:37.5747418Z services/image_processor.py:321:1: W293 blank line contains whitespace
2025-10-12T19:57:37.5748240Z services/image_processor.py:324:1: W293 blank line contains whitespace
2025-10-12T19:57:37.5748941Z services/image_processor.py:331:1: W293 blank line contains whitespace
2025-10-12T19:57:37.5749647Z services/image_processor.py:334:1: W293 blank line contains whitespace
2025-10-12T19:57:37.5750297Z services/image_processor.py:339:40: W291 trailing whitespace
2025-10-12T19:57:37.5750953Z services/image_processor.py:340:80: E501 line too long (116 > 79 characters)
2025-10-12T19:57:37.5751655Z services/image_processor.py:342:1: W293 blank line contains whitespace
2025-10-12T19:57:37.5752339Z services/image_processor.py:347:80: E501 line too long (95 > 79 characters)
2025-10-12T19:57:37.5753023Z services/image_processor.py:349:1: W293 blank line contains whitespace
2025-10-12T19:57:37.5753734Z services/image_processor.py:358:1: W293 blank line contains whitespace
2025-10-12T19:57:37.5754426Z services/image_processor.py:367:1: W293 blank line contains whitespace
2025-10-12T19:57:37.5755121Z services/image_processor.py:370:1: W293 blank line contains whitespace
2025-10-12T19:57:37.5755769Z services/image_processor.py:372:14: W291 trailing whitespace
2025-10-12T19:57:37.5756364Z services/image_processor.py:373:45: W291 trailing whitespace
2025-10-12T19:57:37.5756995Z services/image_processor.py:379:1: W293 blank line contains whitespace
2025-10-12T19:57:37.5757691Z services/image_processor.py:384:1: W293 blank line contains whitespace
2025-10-12T19:57:37.5758517Z services/image_processor.py:389:1: W293 blank line contains whitespace
2025-10-12T19:57:37.5759249Z services/image_processor.py:402:1: W293 blank line contains whitespace
2025-10-12T19:57:37.5759953Z services/image_processor.py:408:1: W293 blank line contains whitespace
2025-10-12T19:57:37.5760640Z services/image_processor.py:416:1: W293 blank line contains whitespace
2025-10-12T19:57:37.5761319Z services/image_processor.py:418:1: W293 blank line contains whitespace
2025-10-12T19:57:37.5762241Z services/image_processor.py:431:80: E501 line too long (108 > 79 characters)
2025-10-12T19:57:37.5762978Z services/image_processor.py:435:80: E501 line too long (89 > 79 characters)
2025-10-12T19:57:37.5763864Z services/image_processor.py:444:80: E501 line too long (95 > 79 characters)
2025-10-12T19:57:37.5764585Z services/image_processor.py:451:80: E501 line too long (98 > 79 characters)
2025-10-12T19:57:37.5765293Z services/image_processor.py:452:80: E501 line too long (81 > 79 characters)
2025-10-12T19:57:37.5765996Z services/image_processor.py:457:80: E501 line too long (84 > 79 characters)
2025-10-12T19:57:37.5766706Z services/image_processor.py:460:80: E501 line too long (89 > 79 characters)
2025-10-12T19:57:37.5767418Z services/image_processor.py:462:80: E501 line too long (104 > 79 characters)
2025-10-12T19:57:37.5768304Z services/image_processor.py:472:80: E501 line too long (124 > 79 characters)
2025-10-12T19:57:37.5769036Z services/image_processor.py:479:80: E501 line too long (95 > 79 characters)
2025-10-12T19:57:37.5769749Z services/image_processor.py:486:80: E501 line too long (98 > 79 characters)
2025-10-12T19:57:37.5770479Z services/image_processor.py:487:80: E501 line too long (81 > 79 characters)
2025-10-12T19:57:37.5771206Z services/image_processor.py:492:80: E501 line too long (84 > 79 characters)
2025-10-12T19:57:37.5771922Z services/image_processor.py:495:80: E501 line too long (85 > 79 characters)
2025-10-12T19:57:37.5772612Z services/image_processor.py:499:80: E501 line too long (95 > 79 characters)
2025-10-12T19:57:37.5773332Z services/image_processor.py:502:1: W293 blank line contains whitespace
2025-10-12T19:57:37.5774042Z services/image_processor.py:507:1: W293 blank line contains whitespace
2025-10-12T19:57:37.5774753Z services/image_processor.py:515:80: E501 line too long (106 > 79 characters)
2025-10-12T19:57:37.5775522Z services/image_processor.py:518:1: W293 blank line contains whitespace
2025-10-12T19:57:37.5776214Z services/image_processor.py:524:1: W293 blank line contains whitespace
2025-10-12T19:57:37.5776941Z services/image_processor.py:529:80: E501 line too long (84 > 79 characters)
2025-10-12T19:57:37.5777651Z services/image_processor.py:535:1: W293 blank line contains whitespace
2025-10-12T19:57:37.5778466Z services/image_processor.py:538:1: W293 blank line contains whitespace
2025-10-12T19:57:37.5779167Z services/image_processor.py:553:1: W293 blank line contains whitespace
2025-10-12T19:57:37.5779804Z services/image_processor.py:557:35: W291 trailing whitespace
2025-10-12T19:57:37.5780411Z services/image_processor.py:558:22: W291 trailing whitespace
2025-10-12T19:57:37.5781047Z services/image_processor.py:564:1: W293 blank line contains whitespace
2025-10-12T19:57:37.5781721Z services/image_processor.py:566:35: W292 no newline at end of file
2025-10-12T19:57:37.5782354Z services/utils.py:11:1: F401 'typing.List' imported but unused
2025-10-12T19:57:37.5782946Z services/utils.py:25:1: W293 blank line contains whitespace
2025-10-12T19:57:37.5783527Z services/utils.py:32:1: W293 blank line contains whitespace
2025-10-12T19:57:37.5784093Z services/utils.py:40:1: W293 blank line contains whitespace
2025-10-12T19:57:37.5784668Z services/utils.py:44:1: W293 blank line contains whitespace
2025-10-12T19:57:37.5785237Z services/utils.py:52:1: W293 blank line contains whitespace
2025-10-12T19:57:37.5785790Z services/utils.py:56:1: W293 blank line contains whitespace
2025-10-12T19:57:37.5786369Z services/utils.py:60:1: W293 blank line contains whitespace
2025-10-12T19:57:37.5786928Z services/utils.py:64:1: W293 blank line contains whitespace
2025-10-12T19:57:37.5787517Z services/utils.py:70:80: E501 line too long (80 > 79 characters)
2025-10-12T19:57:37.5788249Z services/utils.py:74:1: W293 blank line contains whitespace
2025-10-12T19:57:37.5788819Z services/utils.py:78:1: W293 blank line contains whitespace
2025-10-12T19:57:37.5789402Z services/utils.py:93:1: W293 blank line contains whitespace
2025-10-12T19:57:37.5789978Z services/utils.py:97:1: W293 blank line contains whitespace
2025-10-12T19:57:37.5790769Z services/utils.py:101:80: E501 line too long (101 > 79 characters)
2025-10-12T19:57:37.5791379Z services/utils.py:102:1: W293 blank line contains whitespace
2025-10-12T19:57:37.5792114Z services/utils.py:104:1: W293 blank line contains whitespace
2025-10-12T19:57:37.5792683Z services/utils.py:118:1: W293 blank line contains whitespace
2025-10-12T19:57:37.5793245Z services/utils.py:124:1: W293 blank line contains whitespace
2025-10-12T19:57:37.5793835Z services/utils.py:140:80: E501 line too long (117 > 79 characters)
2025-10-12T19:57:37.5794444Z services/utils.py:148:1: W293 blank line contains whitespace
2025-10-12T19:57:37.5795031Z services/utils.py:151:1: W293 blank line contains whitespace
2025-10-12T19:57:37.5795632Z services/utils.py:155:80: E501 line too long (100 > 79 characters)
2025-10-12T19:57:37.5796232Z services/utils.py:161:1: W293 blank line contains whitespace
2025-10-12T19:57:37.5796809Z services/utils.py:164:1: W293 blank line contains whitespace
2025-10-12T19:57:37.5797393Z services/utils.py:175:1: W293 blank line contains whitespace
2025-10-12T19:57:37.5798122Z services/utils.py:180:1: W293 blank line contains whitespace
2025-10-12T19:57:37.5861112Z ##[error]Process completed with exit code 1.
2025-10-12T19:57:37.5935610Z Post job cleanup.
2025-10-12T19:57:37.7605643Z Post job cleanup.
2025-10-12T19:57:37.8576925Z [command]/usr/bin/git version
2025-10-12T19:57:37.8619646Z git version 2.51.0
2025-10-12T19:57:37.8666901Z Temporarily overriding HOME='/home/runner/work/_temp/53ac9e97-f1df-40c6-a5b8-d1d13a35526f' before making global git config changes
2025-10-12T19:57:37.8668715Z Adding repository directory to the temporary git global config as a safe directory
2025-10-12T19:57:37.8674327Z [command]/usr/bin/git config --global --add safe.directory /home/runner/work/my_closet/my_closet
2025-10-12T19:57:37.8748795Z [command]/usr/bin/git config --local --name-only --get-regexp core\.sshCommand
2025-10-12T19:57:37.8765115Z [command]/usr/bin/git submodule foreach --recursive sh -c "git config --local --name-only --get-regexp 'core\.sshCommand' && git config --local --unset-all 'core.sshCommand' || :"
2025-10-12T19:57:37.9041955Z [command]/usr/bin/git config --local --name-only --get-regexp http\.https\:\/\/github\.com\/\.extraheader
2025-10-12T19:57:37.9066392Z http.https://github.com/.extraheader
2025-10-12T19:57:37.9082083Z [command]/usr/bin/git config --local --unset-all http.https://github.com/.extraheader
2025-10-12T19:57:37.9116490Z [command]/usr/bin/git submodule foreach --recursive sh -c "git config --local --name-only --get-regexp 'http\.https\:\/\/github\.com\/\.extraheader' && git config --local --unset-all 'http.https://github.com/.extraheader' || :"
2025-10-12T19:57:37.9468697Z Cleaning up orphan processes
