2025-10-12T19:57:11.4802873Z Current runner version: '2.328.0'
2025-10-12T19:57:11.4824709Z ##[group]Runner Image Provisioner
2025-10-12T19:57:11.4825628Z Hosted Compute Agent
2025-10-12T19:57:11.4826155Z Version: 20250912.392
2025-10-12T19:57:11.4827175Z Commit: d921fda672a98b64f4f82364647e2f10b2267d0b
2025-10-12T19:57:11.4827911Z Build Date: 2025-09-12T15:23:14Z
2025-10-12T19:57:11.4828508Z ##[endgroup]
2025-10-12T19:57:11.4829033Z ##[group]Operating System
2025-10-12T19:57:11.4829670Z Ubuntu
2025-10-12T19:57:11.4830105Z 24.04.3
2025-10-12T19:57:11.4830553Z LTS
2025-10-12T19:57:11.4831073Z ##[endgroup]
2025-10-12T19:57:11.4831546Z ##[group]Runner Image
2025-10-12T19:57:11.4832109Z Image: ubuntu-24.04
2025-10-12T19:57:11.4832655Z Version: 20250929.60.1
2025-10-12T19:57:11.4833757Z Included Software: https://github.com/actions/runner-images/blob/ubuntu24/20250929.60/images/ubuntu/Ubuntu2404-Readme.md
2025-10-12T19:57:11.4835393Z Image Release: https://github.com/actions/runner-images/releases/tag/ubuntu24%2F20250929.60
2025-10-12T19:57:11.4836354Z ##[endgroup]
2025-10-12T19:57:11.4837908Z ##[group]GITHUB_TOKEN Permissions
2025-10-12T19:57:11.4839811Z Contents: read
2025-10-12T19:57:11.4840373Z Metadata: read
2025-10-12T19:57:11.4840917Z Packages: read
2025-10-12T19:57:11.4841440Z ##[endgroup]
2025-10-12T19:57:11.4843385Z Secret source: Actions
2025-10-12T19:57:11.4844173Z Prepare workflow directory
2025-10-12T19:57:11.5306274Z Prepare all required actions
2025-10-12T19:57:11.5362216Z Getting action download info
2025-10-12T19:57:12.0827451Z Download action repository 'actions/checkout@v4' (SHA:08eba0b27e820071cde6df949e0beb9ba4906955)
2025-10-12T19:57:12.2498465Z Download action repository 'oven-sh/setup-bun@v1' (SHA:f4d14e03ff726c06358e5557344e1da148b56cf7)
2025-10-12T19:57:12.7691665Z Download action repository 'actions/setup-python@v4' (SHA:7f4fc3e22c37d6ff65e88745f38bd3157c663f7c)
2025-10-12T19:57:12.9463697Z Complete job name: test
2025-10-12T19:57:13.0138229Z ##[group]Run actions/checkout@v4
2025-10-12T19:57:13.0139078Z with:
2025-10-12T19:57:13.0139537Z   repository: harshil753/my_closet
2025-10-12T19:57:13.0140213Z   token: ***
2025-10-12T19:57:13.0140613Z   ssh-strict: true
2025-10-12T19:57:13.0141027Z   ssh-user: git
2025-10-12T19:57:13.0141443Z   persist-credentials: true
2025-10-12T19:57:13.0141915Z   clean: true
2025-10-12T19:57:13.0142346Z   sparse-checkout-cone-mode: true
2025-10-12T19:57:13.0142851Z   fetch-depth: 1
2025-10-12T19:57:13.0143255Z   fetch-tags: false
2025-10-12T19:57:13.0143687Z   show-progress: true
2025-10-12T19:57:13.0144103Z   lfs: false
2025-10-12T19:57:13.0144497Z   submodules: false
2025-10-12T19:57:13.0144917Z   set-safe-directory: true
2025-10-12T19:57:13.0145592Z ##[endgroup]
2025-10-12T19:57:13.1283623Z Syncing repository: harshil753/my_closet
2025-10-12T19:57:13.1285941Z ##[group]Getting Git version info
2025-10-12T19:57:13.1287027Z Working directory is '/home/runner/work/my_closet/my_closet'
2025-10-12T19:57:13.1288564Z [command]/usr/bin/git version
2025-10-12T19:57:13.1364638Z git version 2.51.0
2025-10-12T19:57:13.1395028Z ##[endgroup]
2025-10-12T19:57:13.1409412Z Temporarily overriding HOME='/home/runner/work/_temp/6fe16268-8959-4f9b-9f20-efef43f79b94' before making global git config changes
2025-10-12T19:57:13.1413373Z Adding repository directory to the temporary git global config as a safe directory
2025-10-12T19:57:13.1427647Z [command]/usr/bin/git config --global --add safe.directory /home/runner/work/my_closet/my_closet
2025-10-12T19:57:13.1466410Z Deleting the contents of '/home/runner/work/my_closet/my_closet'
2025-10-12T19:57:13.1471534Z ##[group]Initializing the repository
2025-10-12T19:57:13.1475583Z [command]/usr/bin/git init /home/runner/work/my_closet/my_closet
2025-10-12T19:57:13.1622170Z hint: Using 'master' as the name for the initial branch. This default branch name
2025-10-12T19:57:13.1624682Z hint: is subject to change. To configure the initial branch name to use in all
2025-10-12T19:57:13.1638238Z hint: of your new repositories, which will suppress this warning, call:
2025-10-12T19:57:13.1639965Z hint:
2025-10-12T19:57:13.1643500Z hint: 	git config --global init.defaultBranch <name>
2025-10-12T19:57:13.1644611Z hint:
2025-10-12T19:57:13.1645567Z hint: Names commonly chosen instead of 'master' are 'main', 'trunk' and
2025-10-12T19:57:13.1647357Z hint: 'development'. The just-created branch can be renamed via this command:
2025-10-12T19:57:13.1648667Z hint:
2025-10-12T19:57:13.1649359Z hint: 	git branch -m <name>
2025-10-12T19:57:13.1650134Z hint:
2025-10-12T19:57:13.1651154Z hint: Disable this message with "git config set advice.defaultBranchName false"
2025-10-12T19:57:13.1652897Z Initialized empty Git repository in /home/runner/work/my_closet/my_closet/.git/
2025-10-12T19:57:13.1655777Z [command]/usr/bin/git remote add origin https://github.com/harshil753/my_closet
2025-10-12T19:57:13.1687964Z ##[endgroup]
2025-10-12T19:57:13.1689230Z ##[group]Disabling automatic garbage collection
2025-10-12T19:57:13.1692731Z [command]/usr/bin/git config --local gc.auto 0
2025-10-12T19:57:13.1725970Z ##[endgroup]
2025-10-12T19:57:13.1727891Z ##[group]Setting up auth
2025-10-12T19:57:13.1733241Z [command]/usr/bin/git config --local --name-only --get-regexp core\.sshCommand
2025-10-12T19:57:13.1766469Z [command]/usr/bin/git submodule foreach --recursive sh -c "git config --local --name-only --get-regexp 'core\.sshCommand' && git config --local --unset-all 'core.sshCommand' || :"
2025-10-12T19:57:13.2124304Z [command]/usr/bin/git config --local --name-only --get-regexp http\.https\:\/\/github\.com\/\.extraheader
2025-10-12T19:57:13.2158135Z [command]/usr/bin/git submodule foreach --recursive sh -c "git config --local --name-only --get-regexp 'http\.https\:\/\/github\.com\/\.extraheader' && git config --local --unset-all 'http.https://github.com/.extraheader' || :"
2025-10-12T19:57:13.2388964Z [command]/usr/bin/git config --local http.https://github.com/.extraheader AUTHORIZATION: basic ***
2025-10-12T19:57:13.2424874Z ##[endgroup]
2025-10-12T19:57:13.2427779Z ##[group]Fetching the repository
2025-10-12T19:57:13.2445651Z [command]/usr/bin/git -c protocol.version=2 fetch --no-tags --prune --no-recurse-submodules --depth=1 origin +888e0beae63d64c5034d57f94570c2a37232146b:refs/remotes/origin/main
2025-10-12T19:57:14.0646572Z From https://github.com/harshil753/my_closet
2025-10-12T19:57:14.0651215Z  * [new ref]         888e0beae63d64c5034d57f94570c2a37232146b -> origin/main
2025-10-12T19:57:14.0681665Z ##[endgroup]
2025-10-12T19:57:14.0683545Z ##[group]Determining the checkout info
2025-10-12T19:57:14.0686388Z ##[endgroup]
2025-10-12T19:57:14.0692665Z [command]/usr/bin/git sparse-checkout disable
2025-10-12T19:57:14.0740187Z [command]/usr/bin/git config --local --unset-all extensions.worktreeConfig
2025-10-12T19:57:14.0771424Z ##[group]Checking out the ref
2025-10-12T19:57:14.0775659Z [command]/usr/bin/git checkout --progress --force -B main refs/remotes/origin/main
2025-10-12T19:57:14.1413746Z Switched to a new branch 'main'
2025-10-12T19:57:14.1415175Z branch 'main' set up to track 'origin/main'.
2025-10-12T19:57:14.1432217Z ##[endgroup]
2025-10-12T19:57:14.1467278Z [command]/usr/bin/git log -1 --format=%H
2025-10-12T19:57:14.1490796Z 888e0beae63d64c5034d57f94570c2a37232146b
2025-10-12T19:57:14.1752489Z ##[group]Run oven-sh/setup-bun@v1
2025-10-12T19:57:14.1753566Z with:
2025-10-12T19:57:14.1754318Z   bun-version: latest
2025-10-12T19:57:14.1755192Z   no-cache: false
2025-10-12T19:57:14.1756006Z ##[endgroup]
2025-10-12T19:57:14.2900053Z Downloading a new version of Bun: https://bun.sh/download/latest/linux/x64?avx2=true&profile=false
2025-10-12T19:57:15.8174626Z [command]/usr/bin/unzip -o -q /home/runner/work/_temp/0f87d9de-3693-4381-9cfa-8d2e604f2fd0
2025-10-12T19:57:16.5904168Z [command]/home/runner/.bun/bin/bun --revision
2025-10-12T19:57:16.5943703Z 1.3.0+b0a6feca5
2025-10-12T19:57:16.6112276Z ##[group]Run actions/setup-python@v4
2025-10-12T19:57:16.6112587Z with:
2025-10-12T19:57:16.6112807Z   python-version: 3.11
2025-10-12T19:57:16.6113054Z   check-latest: false
2025-10-12T19:57:16.6113409Z   token: ***
2025-10-12T19:57:16.6113873Z   update-environment: true
2025-10-12T19:57:16.6114127Z   allow-prereleases: false
2025-10-12T19:57:16.6114371Z ##[endgroup]
2025-10-12T19:57:16.7777831Z ##[group]Installed versions
2025-10-12T19:57:16.7909409Z Successfully set up CPython (3.11.13)
2025-10-12T19:57:16.7910799Z ##[endgroup]
2025-10-12T19:57:16.8026003Z ##[group]Run bun install --frozen-lockfile
2025-10-12T19:57:16.8026454Z [36;1mbun install --frozen-lockfile[0m
2025-10-12T19:57:16.8027113Z [36;1mpip install -r requirements.txt[0m
2025-10-12T19:57:16.8075262Z shell: /usr/bin/bash -e {0}
2025-10-12T19:57:16.8075563Z env:
2025-10-12T19:57:16.8075846Z   pythonLocation: /opt/hostedtoolcache/Python/3.11.13/x64
2025-10-12T19:57:16.8076310Z   PKG_CONFIG_PATH: /opt/hostedtoolcache/Python/3.11.13/x64/lib/pkgconfig
2025-10-12T19:57:16.8077117Z   Python_ROOT_DIR: /opt/hostedtoolcache/Python/3.11.13/x64
2025-10-12T19:57:16.8077522Z   Python2_ROOT_DIR: /opt/hostedtoolcache/Python/3.11.13/x64
2025-10-12T19:57:16.8077922Z   Python3_ROOT_DIR: /opt/hostedtoolcache/Python/3.11.13/x64
2025-10-12T19:57:16.8078347Z   LD_LIBRARY_PATH: /opt/hostedtoolcache/Python/3.11.13/x64/lib
2025-10-12T19:57:16.8078676Z ##[endgroup]
2025-10-12T19:57:16.8207532Z bun install v1.3.0 (b0a6feca)
2025-10-12T19:57:23.3777871Z 
2025-10-12T19:57:23.3779339Z + @eslint/eslintrc@3.3.1
2025-10-12T19:57:23.3877773Z + @playwright/test@1.56.0
2025-10-12T19:57:23.3878338Z + @tailwindcss/postcss@4.1.14
2025-10-12T19:57:23.3880304Z + @testing-library/jest-dom@6.9.1
2025-10-12T19:57:23.3880858Z + @testing-library/react@16.3.0
2025-10-12T19:57:23.3881265Z + @types/aria-query@5.0.4
2025-10-12T19:57:23.3881610Z + @types/estree@1.0.8
2025-10-12T19:57:23.3881987Z + @types/json-schema@7.0.15
2025-10-12T19:57:23.3882343Z + @types/node@22.18.10
2025-10-12T19:57:23.3882692Z + @types/phoenix@1.6.6
2025-10-12T19:57:23.3883019Z + @types/react@19.2.2
2025-10-12T19:57:23.3883355Z + @types/react-dom@19.2.1
2025-10-12T19:57:23.3883756Z + @typescript-eslint/eslint-plugin@8.46.0
2025-10-12T19:57:23.3884251Z + @typescript-eslint/parser@8.46.0
2025-10-12T19:57:23.3884639Z + eslint@9.37.0
2025-10-12T19:57:23.3884970Z + eslint-config-next@15.5.4
2025-10-12T19:57:23.3885315Z + glob@11.0.3
2025-10-12T19:57:23.3885610Z + ignore@7.0.5
2025-10-12T19:57:23.3885926Z + jest@29.7.0
2025-10-12T19:57:23.3886283Z + jest-environment-jsdom@29.7.0
2025-10-12T19:57:23.3886955Z + prettier@3.6.2
2025-10-12T19:57:23.3887335Z + prettier-plugin-tailwindcss@0.6.14
2025-10-12T19:57:23.3887786Z + tailwindcss@4.1.14
2025-10-12T19:57:23.3888117Z + typescript@5.9.3
2025-10-12T19:57:23.3888443Z + @google/genai@1.24.0
2025-10-12T19:57:23.3888789Z + @google/generative-ai@0.24.1
2025-10-12T19:57:23.3889181Z + @radix-ui/react-label@2.1.7
2025-10-12T19:57:23.3889569Z + @radix-ui/react-separator@1.1.7
2025-10-12T19:57:23.3890000Z + @radix-ui/react-switch@1.2.6
2025-10-12T19:57:23.3890502Z + @supabase/ssr@0.7.0
2025-10-12T19:57:23.3890852Z + @supabase/supabase-js@2.75.0
2025-10-12T19:57:23.3891253Z + class-variance-authority@0.7.1
2025-10-12T19:57:23.3891638Z + clsx@2.1.1
2025-10-12T19:57:23.3891932Z + dotenv@17.2.3
2025-10-12T19:57:23.3892239Z + hasown@2.0.2
2025-10-12T19:57:23.3892535Z + lru-cache@10.4.3
2025-10-12T19:57:23.3892847Z + lucide-react@0.545.0
2025-10-12T19:57:23.3893169Z + mime@4.1.0
2025-10-12T19:57:23.3893457Z + next@15.5.4
2025-10-12T19:57:23.3893743Z + react@19.2.0
2025-10-12T19:57:23.3894039Z + react-dom@19.2.0
2025-10-12T19:57:23.3894361Z + react-dropzone@14.3.8
2025-10-12T19:57:23.3894717Z + tailwind-merge@3.3.1
2025-10-12T19:57:23.3894931Z 
2025-10-12T19:57:23.3895093Z 680 packages installed [6.56s]
2025-10-12T19:57:24.8298717Z Collecting google-generativeai==0.8.3 (from -r requirements.txt (line 2))
2025-10-12T19:57:24.8713197Z   Downloading google_generativeai-0.8.3-py3-none-any.whl.metadata (3.9 kB)
2025-10-12T19:57:25.0491538Z Collecting pillow==11.0.0 (from -r requirements.txt (line 3))
2025-10-12T19:57:25.0562654Z   Downloading pillow-11.0.0-cp311-cp311-manylinux_2_28_x86_64.whl.metadata (9.1 kB)
2025-10-12T19:57:25.1049592Z Collecting supabase==2.8.0 (from -r requirements.txt (line 4))
2025-10-12T19:57:25.1113074Z   Downloading supabase-2.8.0-py3-none-any.whl.metadata (10 kB)
2025-10-12T19:57:25.1347153Z Collecting python-dotenv==1.0.1 (from -r requirements.txt (line 5))
2025-10-12T19:57:25.1394393Z   Downloading python_dotenv-1.0.1-py3-none-any.whl.metadata (23 kB)
2025-10-12T19:57:25.1688144Z Collecting requests==2.32.3 (from -r requirements.txt (line 6))
2025-10-12T19:57:25.1727207Z   Downloading requests-2.32.3-py3-none-any.whl.metadata (4.6 kB)
2025-10-12T19:57:25.3445632Z Collecting numpy==2.1.3 (from -r requirements.txt (line 7))
2025-10-12T19:57:25.3513152Z   Downloading numpy-2.1.3-cp311-cp311-manylinux_2_17_x86_64.manylinux2014_x86_64.whl.metadata (62 kB)
2025-10-12T19:57:25.4340736Z Collecting opencv-python==4.10.0.84 (from -r requirements.txt (line 8))
2025-10-12T19:57:25.4391374Z   Downloading opencv_python-4.10.0.84-cp37-abi3-manylinux_2_17_x86_64.manylinux2014_x86_64.whl.metadata (20 kB)
2025-10-12T19:57:25.4784134Z Collecting pytest==8.3.4 (from -r requirements.txt (line 11))
2025-10-12T19:57:25.4836492Z   Downloading pytest-8.3.4-py3-none-any.whl.metadata (7.5 kB)
2025-10-12T19:57:25.5065701Z Collecting pytest-asyncio==0.24.0 (from -r requirements.txt (line 12))
2025-10-12T19:57:25.5112445Z   Downloading pytest_asyncio-0.24.0-py3-none-any.whl.metadata (3.9 kB)
2025-10-12T19:57:25.5784808Z Collecting black==24.10.0 (from -r requirements.txt (line 13))
2025-10-12T19:57:25.5842132Z   Downloading black-24.10.0-cp311-cp311-manylinux_2_17_x86_64.manylinux2014_x86_64.manylinux_2_28_x86_64.whl.metadata (79 kB)
2025-10-12T19:57:25.6115667Z Collecting flake8==7.1.1 (from -r requirements.txt (line 14))
2025-10-12T19:57:25.6167089Z   Downloading flake8-7.1.1-py2.py3-none-any.whl.metadata (3.8 kB)
2025-10-12T19:57:25.7148522Z Collecting mypy==1.13.0 (from -r requirements.txt (line 15))
2025-10-12T19:57:25.7231428Z   Downloading mypy-1.13.0-cp311-cp311-manylinux_2_17_x86_64.manylinux2014_x86_64.manylinux_2_28_x86_64.whl.metadata (2.1 kB)
2025-10-12T19:57:25.7407260Z Collecting google-ai-generativelanguage==0.6.10 (from google-generativeai==0.8.3->-r requirements.txt (line 2))
2025-10-12T19:57:25.7452228Z   Downloading google_ai_generativelanguage-0.6.10-py3-none-any.whl.metadata (5.6 kB)
2025-10-12T19:57:25.7801907Z Collecting google-api-core (from google-generativeai==0.8.3->-r requirements.txt (line 2))
2025-10-12T19:57:25.7835747Z   Downloading google_api_core-2.26.0-py3-none-any.whl.metadata (3.2 kB)
2025-10-12T19:57:25.8412368Z Collecting google-api-python-client (from google-generativeai==0.8.3->-r requirements.txt (line 2))
2025-10-12T19:57:25.8449984Z   Downloading google_api_python_client-2.184.0-py3-none-any.whl.metadata (7.0 kB)
2025-10-12T19:57:25.8854216Z Collecting google-auth>=2.15.0 (from google-generativeai==0.8.3->-r requirements.txt (line 2))
2025-10-12T19:57:25.8892889Z   Downloading google_auth-2.41.1-py2.py3-none-any.whl.metadata (6.6 kB)
2025-10-12T19:57:26.0591448Z Collecting protobuf (from google-generativeai==0.8.3->-r requirements.txt (line 2))
2025-10-12T19:57:26.0629325Z   Downloading protobuf-6.32.1-cp39-abi3-manylinux2014_x86_64.whl.metadata (593 bytes)
2025-10-12T19:57:26.2048932Z Collecting pydantic (from google-generativeai==0.8.3->-r requirements.txt (line 2))
2025-10-12T19:57:26.2089574Z   Downloading pydantic-2.12.0-py3-none-any.whl.metadata (83 kB)
2025-10-12T19:57:26.2484437Z Collecting tqdm (from google-generativeai==0.8.3->-r requirements.txt (line 2))
2025-10-12T19:57:26.2525588Z   Downloading tqdm-4.67.1-py3-none-any.whl.metadata (57 kB)
2025-10-12T19:57:26.2801588Z Collecting typing-extensions (from google-generativeai==0.8.3->-r requirements.txt (line 2))
2025-10-12T19:57:26.2835273Z   Downloading typing_extensions-4.15.0-py3-none-any.whl.metadata (3.3 kB)
2025-10-12T19:57:26.3063774Z Collecting gotrue<3.0,>=1.3 (from supabase==2.8.0->-r requirements.txt (line 4))
2025-10-12T19:57:26.3116193Z   Downloading gotrue-2.12.4-py3-none-any.whl.metadata (2.0 kB)
2025-10-12T19:57:26.3321778Z Collecting httpx<0.28,>=0.24 (from supabase==2.8.0->-r requirements.txt (line 4))
2025-10-12T19:57:26.3369616Z   Downloading httpx-0.27.2-py3-none-any.whl.metadata (7.1 kB)
2025-10-12T19:57:26.3575984Z Collecting postgrest<0.18.0,>=0.14 (from supabase==2.8.0->-r requirements.txt (line 4))
2025-10-12T19:57:26.3636518Z   Downloading postgrest-0.17.2-py3-none-any.whl.metadata (3.4 kB)
2025-10-12T19:57:26.3812460Z Collecting realtime<3.0.0,>=2.0.0 (from supabase==2.8.0->-r requirements.txt (line 4))
2025-10-12T19:57:26.3868614Z   Downloading realtime-2.22.0-py3-none-any.whl.metadata (7.0 kB)
2025-10-12T19:57:26.4068113Z Collecting storage3<0.9.0,>=0.5.3 (from supabase==2.8.0->-r requirements.txt (line 4))
2025-10-12T19:57:26.4114603Z   Downloading storage3-0.8.2-py3-none-any.whl.metadata (1.8 kB)
2025-10-12T19:57:26.4322870Z Collecting supafunc<0.7.0,>=0.3.1 (from supabase==2.8.0->-r requirements.txt (line 4))
2025-10-12T19:57:26.4364728Z   Downloading supafunc-0.6.2-py3-none-any.whl.metadata (1.1 kB)
2025-10-12T19:57:26.5204003Z Collecting charset-normalizer<4,>=2 (from requests==2.32.3->-r requirements.txt (line 6))
2025-10-12T19:57:26.5252742Z   Downloading charset_normalizer-3.4.3-cp311-cp311-manylinux2014_x86_64.manylinux_2_17_x86_64.manylinux_2_28_x86_64.whl.metadata (36 kB)
2025-10-12T19:57:26.5424890Z Collecting idna<4,>=2.5 (from requests==2.32.3->-r requirements.txt (line 6))
2025-10-12T19:57:26.5461560Z   Downloading idna-3.11-py3-none-any.whl.metadata (8.4 kB)
2025-10-12T19:57:26.5762116Z Collecting urllib3<3,>=1.21.1 (from requests==2.32.3->-r requirements.txt (line 6))
2025-10-12T19:57:26.5801800Z   Downloading urllib3-2.5.0-py3-none-any.whl.metadata (6.5 kB)
2025-10-12T19:57:26.6017666Z Collecting certifi>=2017.4.17 (from requests==2.32.3->-r requirements.txt (line 6))
2025-10-12T19:57:26.6056181Z   Downloading certifi-2025.10.5-py3-none-any.whl.metadata (2.5 kB)
2025-10-12T19:57:26.6404096Z Collecting iniconfig (from pytest==8.3.4->-r requirements.txt (line 11))
2025-10-12T19:57:26.6444523Z   Downloading iniconfig-2.1.0-py3-none-any.whl.metadata (2.7 kB)
2025-10-12T19:57:26.6614418Z Collecting packaging (from pytest==8.3.4->-r requirements.txt (line 11))
2025-10-12T19:57:26.6649825Z   Downloading packaging-25.0-py3-none-any.whl.metadata (3.3 kB)
2025-10-12T19:57:26.6783336Z Collecting pluggy<2,>=1.5 (from pytest==8.3.4->-r requirements.txt (line 11))
2025-10-12T19:57:26.6821448Z   Downloading pluggy-1.6.0-py3-none-any.whl.metadata (4.8 kB)
2025-10-12T19:57:26.7103969Z Collecting click>=8.0.0 (from black==24.10.0->-r requirements.txt (line 13))
2025-10-12T19:57:26.7186483Z   Downloading click-8.3.0-py3-none-any.whl.metadata (2.6 kB)
2025-10-12T19:57:26.7308289Z Collecting mypy-extensions>=0.4.3 (from black==24.10.0->-r requirements.txt (line 13))
2025-10-12T19:57:26.7341221Z   Downloading mypy_extensions-1.1.0-py3-none-any.whl.metadata (1.1 kB)
2025-10-12T19:57:26.7492631Z Collecting pathspec>=0.9.0 (from black==24.10.0->-r requirements.txt (line 13))
2025-10-12T19:57:26.7528257Z   Downloading pathspec-0.12.1-py3-none-any.whl.metadata (21 kB)
2025-10-12T19:57:26.7733302Z Collecting platformdirs>=2 (from black==24.10.0->-r requirements.txt (line 13))
2025-10-12T19:57:26.7768897Z   Downloading platformdirs-4.5.0-py3-none-any.whl.metadata (12 kB)
2025-10-12T19:57:26.7902611Z Collecting mccabe<0.8.0,>=0.7.0 (from flake8==7.1.1->-r requirements.txt (line 14))
2025-10-12T19:57:26.7938119Z   Downloading mccabe-0.7.0-py2.py3-none-any.whl.metadata (5.0 kB)
2025-10-12T19:57:26.8088040Z Collecting pycodestyle<2.13.0,>=2.12.0 (from flake8==7.1.1->-r requirements.txt (line 14))
2025-10-12T19:57:26.8135920Z   Downloading pycodestyle-2.12.1-py2.py3-none-any.whl.metadata (4.5 kB)
2025-10-12T19:57:26.8291106Z Collecting pyflakes<3.3.0,>=3.2.0 (from flake8==7.1.1->-r requirements.txt (line 14))
2025-10-12T19:57:26.8327301Z   Downloading pyflakes-3.2.0-py2.py3-none-any.whl.metadata (3.5 kB)
2025-10-12T19:57:26.9630629Z Collecting proto-plus<2.0.0dev,>=1.22.3 (from google-ai-generativelanguage==0.6.10->google-generativeai==0.8.3->-r requirements.txt (line 2))
2025-10-12T19:57:26.9695120Z   Downloading proto_plus-1.26.1-py3-none-any.whl.metadata (2.2 kB)
2025-10-12T19:57:27.0612533Z Collecting protobuf (from google-generativeai==0.8.3->-r requirements.txt (line 2))
2025-10-12T19:57:27.0674025Z   Downloading protobuf-5.29.5-cp38-abi3-manylinux2014_x86_64.whl.metadata (592 bytes)
2025-10-12T19:57:27.2579611Z Collecting googleapis-common-protos<2.0.0,>=1.56.2 (from google-api-core->google-generativeai==0.8.3->-r requirements.txt (line 2))
2025-10-12T19:57:27.2619925Z   Downloading googleapis_common_protos-1.70.0-py3-none-any.whl.metadata (9.3 kB)
2025-10-12T19:57:27.8997626Z Collecting grpcio<2.0.0,>=1.33.2 (from google-api-core[grpc]!=2.0.*,!=2.1.*,!=2.10.*,!=2.2.*,!=2.3.*,!=2.4.*,!=2.5.*,!=2.6.*,!=2.7.*,!=2.8.*,!=2.9.*,<3.0.0dev,>=1.34.1->google-ai-generativelanguage==0.6.10->google-generativeai==0.8.3->-r requirements.txt (line 2))
2025-10-12T19:57:27.9051345Z   Downloading grpcio-1.75.1-cp311-cp311-manylinux2014_x86_64.manylinux_2_17_x86_64.whl.metadata (3.7 kB)
2025-10-12T19:57:27.9586404Z Collecting grpcio-status<2.0.0,>=1.33.2 (from google-api-core[grpc]!=2.0.*,!=2.1.*,!=2.10.*,!=2.2.*,!=2.3.*,!=2.4.*,!=2.5.*,!=2.6.*,!=2.7.*,!=2.8.*,!=2.9.*,<3.0.0dev,>=1.34.1->google-ai-generativelanguage==0.6.10->google-generativeai==0.8.3->-r requirements.txt (line 2))
2025-10-12T19:57:27.9677533Z   Downloading grpcio_status-1.75.1-py3-none-any.whl.metadata (1.1 kB)
2025-10-12T19:57:28.0048360Z Collecting cachetools<7.0,>=2.0.0 (from google-auth>=2.15.0->google-generativeai==0.8.3->-r requirements.txt (line 2))
2025-10-12T19:57:28.0082031Z   Downloading cachetools-6.2.1-py3-none-any.whl.metadata (5.5 kB)
2025-10-12T19:57:28.0344237Z Collecting pyasn1-modules>=0.2.1 (from google-auth>=2.15.0->google-generativeai==0.8.3->-r requirements.txt (line 2))
2025-10-12T19:57:28.0380058Z   Downloading pyasn1_modules-0.4.2-py3-none-any.whl.metadata (3.5 kB)
2025-10-12T19:57:28.0560465Z Collecting rsa<5,>=3.1.4 (from google-auth>=2.15.0->google-generativeai==0.8.3->-r requirements.txt (line 2))
2025-10-12T19:57:28.0605094Z   Downloading rsa-4.9.1-py3-none-any.whl.metadata (5.6 kB)
2025-10-12T19:57:28.1091485Z Collecting pyjwt<3.0.0,>=2.10.1 (from gotrue<3.0,>=1.3->supabase==2.8.0->-r requirements.txt (line 4))
2025-10-12T19:57:28.1128706Z   Downloading PyJWT-2.10.1-py3-none-any.whl.metadata (4.0 kB)
2025-10-12T19:57:28.1461527Z INFO: pip is looking at multiple versions of grpcio-status to determine which version is compatible with other requirements. This could take a while.
2025-10-12T19:57:28.1468296Z Collecting grpcio-status<2.0.0,>=1.33.2 (from google-api-core[grpc]!=2.0.*,!=2.1.*,!=2.10.*,!=2.2.*,!=2.3.*,!=2.4.*,!=2.5.*,!=2.6.*,!=2.7.*,!=2.8.*,!=2.9.*,<3.0.0dev,>=1.34.1->google-ai-generativelanguage==0.6.10->google-generativeai==0.8.3->-r requirements.txt (line 2))
2025-10-12T19:57:28.1505175Z   Downloading grpcio_status-1.75.0-py3-none-any.whl.metadata (1.1 kB)
2025-10-12T19:57:28.1638365Z   Downloading grpcio_status-1.74.0-py3-none-any.whl.metadata (1.1 kB)
2025-10-12T19:57:28.1757938Z   Downloading grpcio_status-1.73.1-py3-none-any.whl.metadata (1.1 kB)
2025-10-12T19:57:28.2352117Z   Downloading grpcio_status-1.73.0-py3-none-any.whl.metadata (1.1 kB)
2025-10-12T19:57:28.2438469Z   Downloading grpcio_status-1.72.2-py3-none-any.whl.metadata (1.1 kB)
2025-10-12T19:57:28.2520991Z   Downloading grpcio_status-1.72.1-py3-none-any.whl.metadata (1.1 kB)
2025-10-12T19:57:28.2601637Z   Downloading grpcio_status-1.71.2-py3-none-any.whl.metadata (1.1 kB)
2025-10-12T19:57:28.3734601Z Collecting anyio (from httpx<0.28,>=0.24->supabase==2.8.0->-r requirements.txt (line 4))
2025-10-12T19:57:28.3771332Z   Downloading anyio-4.11.0-py3-none-any.whl.metadata (4.1 kB)
2025-10-12T19:57:28.3967679Z Collecting httpcore==1.* (from httpx<0.28,>=0.24->supabase==2.8.0->-r requirements.txt (line 4))
2025-10-12T19:57:28.4002167Z   Downloading httpcore-1.0.9-py3-none-any.whl.metadata (21 kB)
2025-10-12T19:57:28.4123378Z Collecting sniffio (from httpx<0.28,>=0.24->supabase==2.8.0->-r requirements.txt (line 4))
2025-10-12T19:57:28.4159640Z   Downloading sniffio-1.3.1-py3-none-any.whl.metadata (3.9 kB)
2025-10-12T19:57:28.4288946Z Collecting h11>=0.16 (from httpcore==1.*->httpx<0.28,>=0.24->supabase==2.8.0->-r requirements.txt (line 4))
2025-10-12T19:57:28.4324555Z   Downloading h11-0.16.0-py3-none-any.whl.metadata (8.3 kB)
2025-10-12T19:57:28.4541856Z Collecting h2<5,>=3 (from httpx[http2]<0.29,>=0.26->gotrue<3.0,>=1.3->supabase==2.8.0->-r requirements.txt (line 4))
2025-10-12T19:57:28.4577705Z   Downloading h2-4.3.0-py3-none-any.whl.metadata (5.1 kB)
2025-10-12T19:57:28.4734224Z Collecting hyperframe<7,>=6.1 (from h2<5,>=3->httpx[http2]<0.29,>=0.26->gotrue<3.0,>=1.3->supabase==2.8.0->-r requirements.txt (line 4))
2025-10-12T19:57:28.4778300Z   Downloading hyperframe-6.1.0-py3-none-any.whl.metadata (4.3 kB)
2025-10-12T19:57:28.4898564Z Collecting hpack<5,>=4.1 (from h2<5,>=3->httpx[http2]<0.29,>=0.26->gotrue<3.0,>=1.3->supabase==2.8.0->-r requirements.txt (line 4))
2025-10-12T19:57:28.4934847Z   Downloading hpack-4.1.0-py3-none-any.whl.metadata (4.6 kB)
2025-10-12T19:57:28.5668935Z Collecting deprecation<3.0.0,>=2.1.0 (from postgrest<0.18.0,>=0.14->supabase==2.8.0->-r requirements.txt (line 4))
2025-10-12T19:57:28.5704973Z   Downloading deprecation-2.1.0-py2.py3-none-any.whl.metadata (4.6 kB)
2025-10-12T19:57:28.6899235Z Collecting annotated-types>=0.6.0 (from pydantic->google-generativeai==0.8.3->-r requirements.txt (line 2))
2025-10-12T19:57:28.6939822Z   Downloading annotated_types-0.7.0-py3-none-any.whl.metadata (15 kB)
2025-10-12T19:57:29.3835721Z Collecting pydantic-core==2.41.1 (from pydantic->google-generativeai==0.8.3->-r requirements.txt (line 2))
2025-10-12T19:57:29.3880666Z   Downloading pydantic_core-2.41.1-cp311-cp311-manylinux_2_17_x86_64.manylinux2014_x86_64.whl.metadata (7.3 kB)
2025-10-12T19:57:29.4055372Z Collecting typing-inspection>=0.4.2 (from pydantic->google-generativeai==0.8.3->-r requirements.txt (line 2))
2025-10-12T19:57:29.4092310Z   Downloading typing_inspection-0.4.2-py3-none-any.whl.metadata (2.6 kB)
2025-10-12T19:57:29.5181959Z Collecting websockets<16,>=11 (from realtime<3.0.0,>=2.0.0->supabase==2.8.0->-r requirements.txt (line 4))
2025-10-12T19:57:29.5220610Z   Downloading websockets-15.0.1-cp311-cp311-manylinux_2_5_x86_64.manylinux1_x86_64.manylinux_2_17_x86_64.manylinux2014_x86_64.whl.metadata (6.8 kB)
2025-10-12T19:57:29.5498495Z Collecting pyasn1>=0.1.3 (from rsa<5,>=3.1.4->google-auth>=2.15.0->google-generativeai==0.8.3->-r requirements.txt (line 2))
2025-10-12T19:57:29.5533282Z   Downloading pyasn1-0.6.1-py3-none-any.whl.metadata (8.4 kB)
2025-10-12T19:57:29.5720003Z Collecting python-dateutil<3.0.0,>=2.8.2 (from storage3<0.9.0,>=0.5.3->supabase==2.8.0->-r requirements.txt (line 4))
2025-10-12T19:57:29.5759656Z   Downloading python_dateutil-2.9.0.post0-py2.py3-none-any.whl.metadata (8.4 kB)
2025-10-12T19:57:29.5997668Z Collecting six>=1.5 (from python-dateutil<3.0.0,>=2.8.2->storage3<0.9.0,>=0.5.3->supabase==2.8.0->-r requirements.txt (line 4))
2025-10-12T19:57:29.6035288Z   Downloading six-1.17.0-py2.py3-none-any.whl.metadata (1.7 kB)
2025-10-12T19:57:29.6658390Z Collecting httplib2<1.0.0,>=0.19.0 (from google-api-python-client->google-generativeai==0.8.3->-r requirements.txt (line 2))
2025-10-12T19:57:29.6693149Z   Downloading httplib2-0.31.0-py3-none-any.whl.metadata (2.2 kB)
2025-10-12T19:57:29.7022553Z Collecting google-auth-httplib2<1.0.0,>=0.2.0 (from google-api-python-client->google-generativeai==0.8.3->-r requirements.txt (line 2))
2025-10-12T19:57:29.7060595Z   Downloading google_auth_httplib2-0.2.0-py2.py3-none-any.whl.metadata (2.2 kB)
2025-10-12T19:57:29.7189690Z Collecting uritemplate<5,>=3.0.1 (from google-api-python-client->google-generativeai==0.8.3->-r requirements.txt (line 2))
2025-10-12T19:57:29.7227178Z   Downloading uritemplate-4.2.0-py3-none-any.whl.metadata (2.6 kB)
2025-10-12T19:57:29.7532230Z Collecting pyparsing<4,>=3.0.4 (from httplib2<1.0.0,>=0.19.0->google-api-python-client->google-generativeai==0.8.3->-r requirements.txt (line 2))
2025-10-12T19:57:29.7573730Z   Downloading pyparsing-3.2.5-py3-none-any.whl.metadata (5.0 kB)
2025-10-12T19:57:29.7749373Z Downloading google_generativeai-0.8.3-py3-none-any.whl (160 kB)
2025-10-12T19:57:29.7877530Z Downloading pillow-11.0.0-cp311-cp311-manylinux_2_28_x86_64.whl (4.4 MB)
2025-10-12T19:57:29.8255069Z    ━━━━━━━━━━━━━━━━━━━━━━━━━━━━━━━━━━━━━━━━ 4.4/4.4 MB 118.5 MB/s  0:00:00
2025-10-12T19:57:29.8304192Z Downloading supabase-2.8.0-py3-none-any.whl (16 kB)
2025-10-12T19:57:29.8366480Z Downloading python_dotenv-1.0.1-py3-none-any.whl (19 kB)
2025-10-12T19:57:29.8429544Z Downloading requests-2.32.3-py3-none-any.whl (64 kB)
2025-10-12T19:57:29.8525414Z Downloading numpy-2.1.3-cp311-cp311-manylinux_2_17_x86_64.manylinux2014_x86_64.whl (16.3 MB)
2025-10-12T19:57:30.0217692Z    ━━━━━━━━━━━━━━━━━━━━━━━━━━━━━━━━━━━━━━━━ 16.3/16.3 MB 99.2 MB/s  0:00:00
2025-10-12T19:57:30.0272033Z Downloading opencv_python-4.10.0.84-cp37-abi3-manylinux_2_17_x86_64.manylinux2014_x86_64.whl (62.5 MB)
2025-10-12T19:57:30.7568709Z    ━━━━━━━━━━━━━━━━━━━━━━━━━━━━━━━━━━━━━━━━ 62.5/62.5 MB 85.7 MB/s  0:00:00
2025-10-12T19:57:30.7610264Z Downloading pytest-8.3.4-py3-none-any.whl (343 kB)
2025-10-12T19:57:30.7712953Z Downloading pytest_asyncio-0.24.0-py3-none-any.whl (18 kB)
2025-10-12T19:57:30.7802899Z Downloading black-24.10.0-cp311-cp311-manylinux_2_17_x86_64.manylinux2014_x86_64.manylinux_2_28_x86_64.whl (1.7 MB)
2025-10-12T19:57:30.7933219Z    ━━━━━━━━━━━━━━━━━━━━━━━━━━━━━━━━━━━━━━━━ 1.7/1.7 MB 140.3 MB/s  0:00:00
2025-10-12T19:57:30.7978528Z Downloading flake8-7.1.1-py2.py3-none-any.whl (57 kB)
2025-10-12T19:57:30.8054504Z Downloading mypy-1.13.0-cp311-cp311-manylinux_2_17_x86_64.manylinux2014_x86_64.manylinux_2_28_x86_64.whl (12.5 MB)
2025-10-12T19:57:31.0260105Z    ━━━━━━━━━━━━━━━━━━━━━━━━━━━━━━━━━━━━━━━━ 12.5/12.5 MB 56.8 MB/s  0:00:00
2025-10-12T19:57:31.0323575Z Downloading google_ai_generativelanguage-0.6.10-py3-none-any.whl (760 kB)
2025-10-12T19:57:31.0430594Z    ━━━━━━━━━━━━━━━━━━━━━━━━━━━━━━━━━━━━━━━━ 760.0/760.0 kB 98.4 MB/s  0:00:00
2025-10-12T19:57:31.0483222Z Downloading charset_normalizer-3.4.3-cp311-cp311-manylinux2014_x86_64.manylinux_2_17_x86_64.manylinux_2_28_x86_64.whl (150 kB)
2025-10-12T19:57:31.0595843Z Downloading google_api_core-2.26.0-py3-none-any.whl (162 kB)
2025-10-12T19:57:31.0678960Z Downloading google_auth-2.41.1-py2.py3-none-any.whl (221 kB)
2025-10-12T19:57:31.0759161Z Downloading cachetools-6.2.1-py3-none-any.whl (11 kB)
2025-10-12T19:57:31.0831336Z Downloading googleapis_common_protos-1.70.0-py3-none-any.whl (294 kB)
2025-10-12T19:57:31.0908780Z Downloading gotrue-2.12.4-py3-none-any.whl (42 kB)
2025-10-12T19:57:31.1321658Z Downloading grpcio-1.75.1-cp311-cp311-manylinux2014_x86_64.manylinux_2_17_x86_64.whl (6.5 MB)
2025-10-12T19:57:31.1709074Z    ━━━━━━━━━━━━━━━━━━━━━━━━━━━━━━━━━━━━━━━━ 6.5/6.5 MB 174.6 MB/s  0:00:00
2025-10-12T19:57:31.1756045Z Downloading grpcio_status-1.71.2-py3-none-any.whl (14 kB)
2025-10-12T19:57:31.1818703Z Downloading httpx-0.27.2-py3-none-any.whl (76 kB)
2025-10-12T19:57:31.1948109Z Downloading httpcore-1.0.9-py3-none-any.whl (78 kB)
2025-10-12T19:57:31.2011310Z Downloading h2-4.3.0-py3-none-any.whl (61 kB)
2025-10-12T19:57:31.2069636Z Downloading hpack-4.1.0-py3-none-any.whl (34 kB)
2025-10-12T19:57:31.2127156Z Downloading hyperframe-6.1.0-py3-none-any.whl (13 kB)
2025-10-12T19:57:31.2188093Z Downloading idna-3.11-py3-none-any.whl (71 kB)
2025-10-12T19:57:31.2247161Z Downloading mccabe-0.7.0-py2.py3-none-any.whl (7.3 kB)
2025-10-12T19:57:31.2317354Z Downloading pluggy-1.6.0-py3-none-any.whl (20 kB)
2025-10-12T19:57:31.2383494Z Downloading postgrest-0.17.2-py3-none-any.whl (21 kB)
2025-10-12T19:57:31.2452048Z Downloading deprecation-2.1.0-py2.py3-none-any.whl (11 kB)
2025-10-12T19:57:31.2510614Z Downloading proto_plus-1.26.1-py3-none-any.whl (50 kB)
2025-10-12T19:57:31.2583197Z Downloading protobuf-5.29.5-cp38-abi3-manylinux2014_x86_64.whl (319 kB)
2025-10-12T19:57:31.2701649Z Downloading pycodestyle-2.12.1-py2.py3-none-any.whl (31 kB)
2025-10-12T19:57:31.2779647Z Downloading pydantic-2.12.0-py3-none-any.whl (459 kB)
2025-10-12T19:57:31.2864579Z Downloading pydantic_core-2.41.1-cp311-cp311-manylinux_2_17_x86_64.manylinux2014_x86_64.whl (2.1 MB)
2025-10-12T19:57:31.3067823Z    ━━━━━━━━━━━━━━━━━━━━━━━━━━━━━━━━━━━━━━━━ 2.1/2.1 MB 118.8 MB/s  0:00:00
2025-10-12T19:57:31.3105847Z Downloading pyflakes-3.2.0-py2.py3-none-any.whl (62 kB)
2025-10-12T19:57:31.3176097Z Downloading PyJWT-2.10.1-py3-none-any.whl (22 kB)
2025-10-12T19:57:31.3276078Z Downloading realtime-2.22.0-py3-none-any.whl (22 kB)
2025-10-12T19:57:31.3340587Z Downloading rsa-4.9.1-py3-none-any.whl (34 kB)
2025-10-12T19:57:31.3421962Z Downloading storage3-0.8.2-py3-none-any.whl (16 kB)
2025-10-12T19:57:31.3485897Z Downloading python_dateutil-2.9.0.post0-py2.py3-none-any.whl (229 kB)
2025-10-12T19:57:31.3561221Z Downloading supafunc-0.6.2-py3-none-any.whl (6.6 kB)
2025-10-12T19:57:31.3619311Z Downloading typing_extensions-4.15.0-py3-none-any.whl (44 kB)
2025-10-12T19:57:31.3684106Z Downloading urllib3-2.5.0-py3-none-any.whl (129 kB)
2025-10-12T19:57:31.3749710Z Downloading websockets-15.0.1-cp311-cp311-manylinux_2_5_x86_64.manylinux1_x86_64.manylinux_2_17_x86_64.manylinux2014_x86_64.whl (182 kB)
2025-10-12T19:57:31.3843784Z Downloading annotated_types-0.7.0-py3-none-any.whl (13 kB)
2025-10-12T19:57:31.3913490Z Downloading certifi-2025.10.5-py3-none-any.whl (163 kB)
2025-10-12T19:57:31.3979580Z Downloading click-8.3.0-py3-none-any.whl (107 kB)
2025-10-12T19:57:31.4050036Z Downloading h11-0.16.0-py3-none-any.whl (37 kB)
2025-10-12T19:57:31.4140318Z Downloading mypy_extensions-1.1.0-py3-none-any.whl (5.0 kB)
2025-10-12T19:57:31.4197027Z Downloading packaging-25.0-py3-none-any.whl (66 kB)
2025-10-12T19:57:31.4262869Z Downloading pathspec-0.12.1-py3-none-any.whl (31 kB)
2025-10-12T19:57:31.4323235Z Downloading platformdirs-4.5.0-py3-none-any.whl (18 kB)
2025-10-12T19:57:31.4379957Z Downloading pyasn1-0.6.1-py3-none-any.whl (83 kB)
2025-10-12T19:57:31.4444136Z Downloading pyasn1_modules-0.4.2-py3-none-any.whl (181 kB)
2025-10-12T19:57:31.4517133Z Downloading six-1.17.0-py2.py3-none-any.whl (11 kB)
2025-10-12T19:57:31.4578163Z Downloading typing_inspection-0.4.2-py3-none-any.whl (14 kB)
2025-10-12T19:57:31.4641976Z Downloading anyio-4.11.0-py3-none-any.whl (109 kB)
2025-10-12T19:57:31.4713899Z Downloading sniffio-1.3.1-py3-none-any.whl (10 kB)
2025-10-12T19:57:31.4781912Z Downloading google_api_python_client-2.184.0-py3-none-any.whl (14.3 MB)
2025-10-12T19:57:31.5972946Z    ━━━━━━━━━━━━━━━━━━━━━━━━━━━━━━━━━━━━━━━━ 14.3/14.3 MB 124.4 MB/s  0:00:00
2025-10-12T19:57:31.6010791Z Downloading google_auth_httplib2-0.2.0-py2.py3-none-any.whl (9.3 kB)
2025-10-12T19:57:31.6070868Z Downloading httplib2-0.31.0-py3-none-any.whl (91 kB)
2025-10-12T19:57:31.6134100Z Downloading pyparsing-3.2.5-py3-none-any.whl (113 kB)
2025-10-12T19:57:31.6192965Z Downloading uritemplate-4.2.0-py3-none-any.whl (11 kB)
2025-10-12T19:57:31.6252533Z Downloading iniconfig-2.1.0-py3-none-any.whl (6.0 kB)
2025-10-12T19:57:31.6310731Z Downloading tqdm-4.67.1-py3-none-any.whl (78 kB)
2025-10-12T19:57:31.8880349Z Installing collected packages: websockets, urllib3, uritemplate, typing-extensions, tqdm, sniffio, six, python-dotenv, pyparsing, pyjwt, pyflakes, pycodestyle, pyasn1, protobuf, pluggy, platformdirs, pillow, pathspec, packaging, numpy, mypy-extensions, mccabe, iniconfig, idna, hyperframe, hpack, h11, click, charset-normalizer, certifi, cachetools, annotated-types, typing-inspection, rsa, requests, python-dateutil, pytest, pydantic-core, pyasn1-modules, proto-plus, opencv-python, mypy, httplib2, httpcore, h2, grpcio, googleapis-common-protos, flake8, deprecation, black, anyio, pytest-asyncio, pydantic, httpx, grpcio-status, google-auth, realtime, google-auth-httplib2, google-api-core, supafunc, storage3, postgrest, gotrue, google-api-python-client, supabase, google-ai-generativelanguage, google-generativeai
2025-10-12T19:57:40.7279028Z 
2025-10-12T19:57:40.7317977Z Successfully installed annotated-types-0.7.0 anyio-4.11.0 black-24.10.0 cachetools-6.2.1 certifi-2025.10.5 charset-normalizer-3.4.3 click-8.3.0 deprecation-2.1.0 flake8-7.1.1 google-ai-generativelanguage-0.6.10 google-api-core-2.26.0 google-api-python-client-2.184.0 google-auth-2.41.1 google-auth-httplib2-0.2.0 google-generativeai-0.8.3 googleapis-common-protos-1.70.0 gotrue-2.12.4 grpcio-1.75.1 grpcio-status-1.71.2 h11-0.16.0 h2-4.3.0 hpack-4.1.0 httpcore-1.0.9 httplib2-0.31.0 httpx-0.27.2 hyperframe-6.1.0 idna-3.11 iniconfig-2.1.0 mccabe-0.7.0 mypy-1.13.0 mypy-extensions-1.1.0 numpy-2.1.3 opencv-python-4.10.0.84 packaging-25.0 pathspec-0.12.1 pillow-11.0.0 platformdirs-4.5.0 pluggy-1.6.0 postgrest-0.17.2 proto-plus-1.26.1 protobuf-5.29.5 pyasn1-0.6.1 pyasn1-modules-0.4.2 pycodestyle-2.12.1 pydantic-2.12.0 pydantic-core-2.41.1 pyflakes-3.2.0 pyjwt-2.10.1 pyparsing-3.2.5 pytest-8.3.4 pytest-asyncio-0.24.0 python-dateutil-2.9.0.post0 python-dotenv-1.0.1 realtime-2.22.0 requests-2.32.3 rsa-4.9.1 six-1.17.0 sniffio-1.3.1 storage3-0.8.2 supabase-2.8.0 supafunc-0.6.2 tqdm-4.67.1 typing-extensions-4.15.0 typing-inspection-0.4.2 uritemplate-4.2.0 urllib3-2.5.0 websockets-15.0.1
2025-10-12T19:57:41.2344117Z ##[group]Run bun run type-check
2025-10-12T19:57:41.2344410Z [36;1mbun run type-check[0m
2025-10-12T19:57:41.2378051Z shell: /usr/bin/bash -e {0}
2025-10-12T19:57:41.2378282Z env:
2025-10-12T19:57:41.2378526Z   pythonLocation: /opt/hostedtoolcache/Python/3.11.13/x64
2025-10-12T19:57:41.2378957Z   PKG_CONFIG_PATH: /opt/hostedtoolcache/Python/3.11.13/x64/lib/pkgconfig
2025-10-12T19:57:41.2379377Z   Python_ROOT_DIR: /opt/hostedtoolcache/Python/3.11.13/x64
2025-10-12T19:57:41.2379741Z   Python2_ROOT_DIR: /opt/hostedtoolcache/Python/3.11.13/x64
2025-10-12T19:57:41.2380102Z   Python3_ROOT_DIR: /opt/hostedtoolcache/Python/3.11.13/x64
2025-10-12T19:57:41.2380453Z   LD_LIBRARY_PATH: /opt/hostedtoolcache/Python/3.11.13/x64/lib
2025-10-12T19:57:41.2380754Z ##[endgroup]
2025-10-12T19:57:41.2457897Z $ tsc --noEmit
2025-10-12T19:57:52.2495239Z ##[group]Run bun run lint || echo "Lint skipped due to Bun compatibility issues"
2025-10-12T19:57:52.2496044Z [36;1mbun run lint || echo "Lint skipped due to Bun compatibility issues"[0m
2025-10-12T19:57:52.2579759Z shell: /usr/bin/bash -e {0}
2025-10-12T19:57:52.2580115Z env:
2025-10-12T19:57:52.2580487Z   pythonLocation: /opt/hostedtoolcache/Python/3.11.13/x64
2025-10-12T19:57:52.2581167Z   PKG_CONFIG_PATH: /opt/hostedtoolcache/Python/3.11.13/x64/lib/pkgconfig
2025-10-12T19:57:52.2581814Z   Python_ROOT_DIR: /opt/hostedtoolcache/Python/3.11.13/x64
2025-10-12T19:57:52.2582377Z   Python2_ROOT_DIR: /opt/hostedtoolcache/Python/3.11.13/x64
2025-10-12T19:57:52.2582957Z   Python3_ROOT_DIR: /opt/hostedtoolcache/Python/3.11.13/x64
2025-10-12T19:57:52.2583528Z   LD_LIBRARY_PATH: /opt/hostedtoolcache/Python/3.11.13/x64/lib
2025-10-12T19:57:52.2584013Z ##[endgroup]
2025-10-12T19:57:52.2768457Z $ next lint
2025-10-12T19:57:52.5049864Z `next lint` is deprecated and will be removed in Next.js 16.
2025-10-12T19:57:52.5054585Z For new projects, use create-next-app to choose your preferred linter.
2025-10-12T19:57:52.5055590Z For existing projects, migrate to the ESLint CLI:
2025-10-12T19:57:52.5060068Z npx @next/codemod@canary next-lint-to-eslint-cli .
2025-10-12T19:57:52.5067807Z 
2025-10-12T19:57:54.6891575Z 
2025-10-12T19:57:54.6895024Z  ⚠ The Next.js plugin was not detected in your ESLint configuration. See https://nextjs.org/docs/app/api-reference/config/eslint#migrating-existing-config
2025-10-12T19:57:58.6726504Z Attention: Next.js now collects completely anonymous telemetry regarding usage.
2025-10-12T19:57:58.6730562Z This information is used to shape Next.js' roadmap and prioritize features.
2025-10-12T19:57:58.6733991Z You can learn more, including how to opt-out if you'd not like to participate in this anonymous program, by visiting the following URL:
2025-10-12T19:57:58.6736902Z https://nextjs.org/telemetry
2025-10-12T19:57:58.6737795Z 
2025-10-12T19:57:58.8070246Z 
2025-10-12T19:57:58.8070852Z ./app/(dashboard)/privacy/page.tsx
2025-10-12T19:57:58.8071784Z 99:42  Warning: Unexpected any. Specify a different type.  @typescript-eslint/no-explicit-any
2025-10-12T19:57:58.8076460Z 103:44  Warning: Unexpected any. Specify a different type.  @typescript-eslint/no-explicit-any
2025-10-12T19:57:58.8077560Z 136:14  Warning: 'error' is defined but never used.  @typescript-eslint/no-unused-vars
2025-10-12T19:57:58.8078381Z 161:14  Warning: 'error' is defined but never used.  @typescript-eslint/no-unused-vars
2025-10-12T19:57:58.8079182Z 199:14  Warning: 'error' is defined but never used.  @typescript-eslint/no-unused-vars
2025-10-12T19:57:58.8080094Z 408:26  Warning: `"` can be escaped with `&quot;`, `&ldquo;`, `&#34;`, `&rdquo;`.  react/no-unescaped-entities
2025-10-12T19:57:58.8081041Z 408:41  Warning: `"` can be escaped with `&quot;`, `&ldquo;`, `&#34;`, `&rdquo;`.  react/no-unescaped-entities
2025-10-12T19:57:58.8081581Z 
2025-10-12T19:57:58.8081741Z ./app/(dashboard)/try-on/page.tsx
2025-10-12T19:57:58.8082446Z 79:50  Warning: Unexpected any. Specify a different type.  @typescript-eslint/no-explicit-any
2025-10-12T19:57:58.8083815Z 95:6  Warning: React Hook useEffect has a missing dependency: 'loadPreSelectedItems'. Either include it or remove the dependency array.  react-hooks/exhaustive-deps
2025-10-12T19:57:58.8085185Z 114:56  Warning: Unexpected any. Specify a different type.  @typescript-eslint/no-explicit-any
2025-10-12T19:57:58.8086161Z 122:40  Warning: Unexpected any. Specify a different type.  @typescript-eslint/no-explicit-any
2025-10-12T19:57:58.8087290Z 247:56  Warning: Unexpected any. Specify a different type.  @typescript-eslint/no-explicit-any
2025-10-12T19:57:58.8088245Z 308:36  Warning: Unexpected any. Specify a different type.  @typescript-eslint/no-explicit-any
2025-10-12T19:57:58.8089189Z 309:37  Warning: Unexpected any. Specify a different type.  @typescript-eslint/no-explicit-any
2025-10-12T19:57:58.8091733Z 660:27  Warning: Using `<img>` could result in slower LCP and higher bandwidth. Consider using `<Image />` from `next/image` or a custom image loader to automatically optimize images. This may incur additional usage or cost from your provider. See: https://nextjs.org/docs/messages/no-img-element  @next/next/no-img-element
2025-10-12T19:57:58.8093561Z 
2025-10-12T19:57:58.8093787Z ./app/(dashboard)/try-on/process/[sessionId]/page.tsx
2025-10-12T19:57:58.8094547Z 14:19  Warning: Unexpected any. Specify a different type.  @typescript-eslint/no-explicit-any
2025-10-12T19:57:58.8095791Z 60:6  Warning: React Hook useEffect has a missing dependency: 'loadSession'. Either include it or remove the dependency array.  react-hooks/exhaustive-deps
2025-10-12T19:57:58.8097744Z 180:6  Warning: React Hook useEffect has missing dependencies: 'startAIProcessing' and 'storageKey'. Either include them or remove the dependency array.  react-hooks/exhaustive-deps
2025-10-12T19:57:58.8100307Z 453:21  Warning: Using `<img>` could result in slower LCP and higher bandwidth. Consider using `<Image />` from `next/image` or a custom image loader to automatically optimize images. This may incur additional usage or cost from your provider. See: https://nextjs.org/docs/messages/no-img-element  @next/next/no-img-element
2025-10-12T19:57:58.8102000Z 
2025-10-12T19:57:58.8102185Z ./app/api/dev/auto-cleanup-sessions/route.ts
2025-10-12T19:57:58.8102955Z 10:28  Warning: 'request' is defined but never used.  @typescript-eslint/no-unused-vars
2025-10-12T19:57:58.8103452Z 
2025-10-12T19:57:58.8103620Z ./app/api/dev/check-all-sessions/route.ts
2025-10-12T19:57:58.8104258Z 12:27  Warning: 'request' is defined but never used.  @typescript-eslint/no-unused-vars
2025-10-12T19:57:58.8105146Z 50:40  Warning: Unexpected any. Specify a different type.  @typescript-eslint/no-explicit-any
2025-10-12T19:57:58.8106078Z 51:43  Warning: Unexpected any. Specify a different type.  @typescript-eslint/no-explicit-any
2025-10-12T19:57:58.8107194Z 52:42  Warning: Unexpected any. Specify a different type.  @typescript-eslint/no-explicit-any
2025-10-12T19:57:58.8108134Z 53:39  Warning: Unexpected any. Specify a different type.  @typescript-eslint/no-explicit-any
2025-10-12T19:57:58.8109284Z 56:15  Warning: Unexpected any. Specify a different type.  @typescript-eslint/no-explicit-any
2025-10-12T19:57:58.8110217Z 63:41  Warning: Unexpected any. Specify a different type.  @typescript-eslint/no-explicit-any
2025-10-12T19:57:58.8110760Z 
2025-10-12T19:57:58.8110910Z ./app/api/dev/check-table/route.ts
2025-10-12T19:57:58.8111528Z 9:27  Warning: 'request' is defined but never used.  @typescript-eslint/no-unused-vars
2025-10-12T19:57:58.8112391Z 23:13  Warning: 'data' is assigned a value but never used.  @typescript-eslint/no-unused-vars
2025-10-12T19:57:58.8112911Z 
2025-10-12T19:57:58.8113065Z ./app/api/dev/clear-sessions/route.ts
2025-10-12T19:57:58.8113690Z 9:28  Warning: 'request' is defined but never used.  @typescript-eslint/no-unused-vars
2025-10-12T19:57:58.8114184Z 
2025-10-12T19:57:58.8114333Z ./app/api/dev/debug-session/route.ts
2025-10-12T19:57:58.8115011Z 56:24  Warning: Unexpected any. Specify a different type.  @typescript-eslint/no-explicit-any
2025-10-12T19:57:58.8115966Z 58:35  Warning: 'itemsError' is assigned a value but never used.  @typescript-eslint/no-unused-vars
2025-10-12T19:57:58.8118883Z 63:35  Warning: Unexpected any. Specify a different type.  @typescript-eslint/no-explicit-any
2025-10-12T19:57:58.8119472Z 
2025-10-12T19:57:58.8119645Z ./app/api/dev/debug-sessions/route.ts
2025-10-12T19:57:58.8120282Z 10:27  Warning: 'request' is defined but never used.  @typescript-eslint/no-unused-vars
2025-10-12T19:57:58.8120794Z 
2025-10-12T19:57:58.8120947Z ./app/api/dev/direct-db-fix/route.ts
2025-10-12T19:57:58.8121556Z 12:28  Warning: 'request' is defined but never used.  @typescript-eslint/no-unused-vars
2025-10-12T19:57:58.8122447Z 50:28  Warning: Unexpected any. Specify a different type.  @typescript-eslint/no-explicit-any
2025-10-12T19:57:58.8123619Z 134:41  Warning: 'finalError' is assigned a value but never used.  @typescript-eslint/no-unused-vars
2025-10-12T19:57:58.8124205Z 
2025-10-12T19:57:58.8124381Z ./app/api/dev/find-hidden-session/route.ts
2025-10-12T19:57:58.8125037Z 9:27  Warning: 'request' is defined but never used.  @typescript-eslint/no-unused-vars
2025-10-12T19:57:58.8125532Z 
2025-10-12T19:57:58.8125708Z ./app/api/dev/force-clear-sessions/route.ts
2025-10-12T19:57:58.8126409Z 9:28  Warning: 'request' is defined but never used.  @typescript-eslint/no-unused-vars
2025-10-12T19:57:58.8127948Z 
2025-10-12T19:57:58.8128114Z ./app/api/dev/gemini-status/route.ts
2025-10-12T19:57:58.8128728Z 9:27  Warning: 'request' is defined but never used.  @typescript-eslint/no-unused-vars
2025-10-12T19:57:58.8129217Z 
2025-10-12T19:57:58.8129375Z ./app/api/dev/nuclear-clear/route.ts
2025-10-12T19:57:58.8129978Z 12:28  Warning: 'request' is defined but never used.  @typescript-eslint/no-unused-vars
2025-10-12T19:57:58.8130850Z 95:34  Warning: Unexpected any. Specify a different type.  @typescript-eslint/no-explicit-any
2025-10-12T19:57:58.8131393Z 
2025-10-12T19:57:58.8131545Z ./app/api/feedback/route.ts
2025-10-12T19:57:58.8132179Z 28:14  Warning: 'authError' is assigned a value but never used.  @typescript-eslint/no-unused-vars
2025-10-12T19:57:58.8132734Z 
2025-10-12T19:57:58.8132882Z ./app/api/health/route.ts
2025-10-12T19:57:58.8133436Z 8:27  Warning: 'request' is defined but never used.  @typescript-eslint/no-unused-vars
2025-10-12T19:57:58.8134283Z 14:13  Warning: 'data' is assigned a value but never used.  @typescript-eslint/no-unused-vars
2025-10-12T19:57:58.8134781Z 
2025-10-12T19:57:58.8134955Z ./app/api/try-on/cleanup-sessions/route.ts
2025-10-12T19:57:58.8135589Z 10:28  Warning: 'request' is defined but never used.  @typescript-eslint/no-unused-vars
2025-10-12T19:57:58.8136082Z 
2025-10-12T19:57:58.8136246Z ./app/api/try-on/process/route.ts
2025-10-12T19:57:58.8137194Z 8:3  Warning: 'TierLimitError' is defined but never used.  @typescript-eslint/no-unused-vars
2025-10-12T19:57:58.8137835Z 
2025-10-12T19:57:58.8138037Z ./app/api/try-on/sessions/[sessionId]/route.ts
2025-10-12T19:57:58.8138799Z 91:23  Warning: Unexpected any. Specify a different type.  @typescript-eslint/no-explicit-any
2025-10-12T19:57:58.8139555Z 
2025-10-12T19:57:58.8139707Z ./app/api/try-on/sessions/route.ts
2025-10-12T19:57:58.8140380Z 107:70  Warning: Unexpected any. Specify a different type.  @typescript-eslint/no-explicit-any
2025-10-12T19:57:58.8140931Z 
2025-10-12T19:57:58.8141091Z ./app/api/user/base-photos/route.ts
2025-10-12T19:57:58.8141699Z 10:27  Warning: 'request' is defined but never used.  @typescript-eslint/no-unused-vars
2025-10-12T19:57:58.8142615Z 134:19  Warning: 'uploadData' is assigned a value but never used.  @typescript-eslint/no-unused-vars
2025-10-12T19:57:58.8143610Z 156:19  Warning: 'thumbnailData' is assigned a value but never used.  @typescript-eslint/no-unused-vars
2025-10-12T19:57:58.8144204Z 
2025-10-12T19:57:58.8144361Z ./app/api/user/data-deletion/route.ts
2025-10-12T19:57:58.8145002Z 203:27  Warning: 'request' is defined but never used.  @typescript-eslint/no-unused-vars
2025-10-12T19:57:58.8145519Z 
2025-10-12T19:57:58.8145673Z ./app/api/user/data-export/route.ts
2025-10-12T19:57:58.8146359Z 180:22  Warning: Unexpected any. Specify a different type.  @typescript-eslint/no-explicit-any
2025-10-12T19:57:58.8147477Z 198:19  Warning: 'uploadData' is assigned a value but never used.  @typescript-eslint/no-unused-vars
2025-10-12T19:57:58.8148391Z 226:27  Warning: 'request' is defined but never used.  @typescript-eslint/no-unused-vars
2025-10-12T19:57:58.8148894Z 
2025-10-12T19:57:58.8149050Z ./app/api/user/tier-status/route.ts
2025-10-12T19:57:58.8149667Z 10:27  Warning: 'request' is defined but never used.  @typescript-eslint/no-unused-vars
2025-10-12T19:57:58.8150158Z 
2025-10-12T19:57:58.8150324Z ./app/dev/session-manager/page.tsx
2025-10-12T19:57:58.8151003Z 58:19  Warning: Unexpected any. Specify a different type.  @typescript-eslint/no-explicit-any
2025-10-12T19:57:58.8152428Z 291:6  Warning: React Hook useEffect has a missing dependency: 'loadData'. Either include it or remove the dependency array.  react-hooks/exhaustive-deps
2025-10-12T19:57:58.8153287Z 
2025-10-12T19:57:58.8153426Z ./app/page.tsx
2025-10-12T19:57:58.8153994Z 128:20  Warning: `'` can be escaped with `&apos;`, `&lsquo;`, `&#39;`, `&rsquo;`.  react/no-unescaped-entities
2025-10-12T19:57:58.8154524Z 
2025-10-12T19:57:58.8154735Z ./components/features/support/SupportCenter.tsx
2025-10-12T19:57:58.8155400Z 17:3  Warning: 'Phone' is defined but never used.  @typescript-eslint/no-unused-vars
2025-10-12T19:57:58.8156276Z 21:3  Warning: 'ExternalLink' is defined but never used.  @typescript-eslint/no-unused-vars
2025-10-12T19:57:58.8157448Z 92:19  Warning: Unexpected empty method 'action'.  @typescript-eslint/no-empty-function
2025-10-12T19:57:58.8158347Z 99:19  Warning: Unexpected empty method 'action'.  @typescript-eslint/no-empty-function
2025-10-12T19:57:58.8158865Z 
2025-10-12T19:57:58.8159078Z ./components/features/try-on/CategorySelector.tsx
2025-10-12T19:57:58.8159829Z 80:38  Warning: Unexpected any. Specify a different type.  @typescript-eslint/no-explicit-any
2025-10-12T19:57:58.8160775Z 85:20  Warning: Unexpected any. Specify a different type.  @typescript-eslint/no-explicit-any
2025-10-12T19:57:58.8161715Z 86:21  Warning: Unexpected any. Specify a different type.  @typescript-eslint/no-explicit-any
2025-10-12T19:57:58.8162654Z 87:44  Warning: Unexpected any. Specify a different type.  @typescript-eslint/no-explicit-any
2025-10-12T19:57:58.8163576Z 99:18  Warning: Unexpected any. Specify a different type.  @typescript-eslint/no-explicit-any
2025-10-12T19:57:58.8164493Z 129:45  Warning: Unexpected any. Specify a different type.  @typescript-eslint/no-explicit-any
2025-10-12T19:57:58.8166076Z 175:6  Warning: React Hook useCallback has missing dependencies: 'cacheRoot.clothingByUser' and 'selectedCategories'. Either include them or remove the dependency array.  react-hooks/exhaustive-deps
2025-10-12T19:57:58.8168045Z 314:73  Warning: `'` can be escaped with `&apos;`, `&lsquo;`, `&#39;`, `&rsquo;`.  react/no-unescaped-entities
2025-10-12T19:57:58.8168582Z 
2025-10-12T19:57:58.8168788Z ./components/features/try-on/ClothingSelector.tsx
2025-10-12T19:57:58.8169716Z 100:38  Warning: Unexpected any. Specify a different type.  @typescript-eslint/no-explicit-any
2025-10-12T19:57:58.8170684Z 104:20  Warning: Unexpected any. Specify a different type.  @typescript-eslint/no-explicit-any
2025-10-12T19:57:58.8171650Z 105:21  Warning: Unexpected any. Specify a different type.  @typescript-eslint/no-explicit-any
2025-10-12T19:57:58.8172607Z 106:44  Warning: Unexpected any. Specify a different type.  @typescript-eslint/no-explicit-any
2025-10-12T19:57:58.8173556Z 125:21  Warning: Unexpected any. Specify a different type.  @typescript-eslint/no-explicit-any
2025-10-12T19:57:58.8174515Z 150:28  Warning: Unexpected any. Specify a different type.  @typescript-eslint/no-explicit-any
2025-10-12T19:57:58.8175905Z 156:6  Warning: React Hook useCallback has a missing dependency: 'cacheRoot.clothingByUser'. Either include it or remove the dependency array.  react-hooks/exhaustive-deps
2025-10-12T19:57:58.8177070Z 
2025-10-12T19:57:58.8177262Z ./components/features/try-on/TryOnResult.tsx
2025-10-12T19:57:58.8179148Z 30:11  Warning: Using `<img>` could result in slower LCP and higher bandwidth. Consider using `<Image />` from `next/image` or a custom image loader to automatically optimize images. This may incur additional usage or cost from your provider. See: https://nextjs.org/docs/messages/no-img-element  @next/next/no-img-element
2025-10-12T19:57:58.8181229Z 76:35  Warning: Unexpected any. Specify a different type.  @typescript-eslint/no-explicit-any
2025-10-12T19:57:58.8182180Z 77:39  Warning: Unexpected any. Specify a different type.  @typescript-eslint/no-explicit-any
2025-10-12T19:57:58.8182735Z 
2025-10-12T19:57:58.8182910Z ./components/forms/BasePhotoUpload.tsx
2025-10-12T19:57:58.8183594Z 460:32  Warning: `'` can be escaped with `&apos;`, `&lsquo;`, `&#39;`, `&rsquo;`.  react/no-unescaped-entities
2025-10-12T19:57:58.8184312Z 
2025-10-12T19:57:58.8184482Z ./components/forms/ConsentManager.tsx
2025-10-12T19:57:58.8185105Z 107:14  Warning: 'error' is defined but never used.  @typescript-eslint/no-unused-vars
2025-10-12T19:57:58.8185618Z 
2025-10-12T19:57:58.8185772Z ./components/forms/FeedbackForm.tsx
2025-10-12T19:57:58.8186438Z 116:13  Warning: `'` can be escaped with `&apos;`, `&lsquo;`, `&#39;`, `&rsquo;`.  react/no-unescaped-entities
2025-10-12T19:57:58.8187498Z 294:15  Warning: `'` can be escaped with `&apos;`, `&lsquo;`, `&#39;`, `&rsquo;`.  react/no-unescaped-entities
2025-10-12T19:57:58.8188040Z 
2025-10-12T19:57:58.8188194Z ./components/help/HelpCenter.tsx
2025-10-12T19:57:58.8188856Z 164:53  Warning: Unexpected any. Specify a different type.  @typescript-eslint/no-explicit-any
2025-10-12T19:57:58.8190976Z 243:19  Warning: Using `<img>` could result in slower LCP and higher bandwidth. Consider using `<Image />` from `next/image` or a custom image loader to automatically optimize images. This may incur additional usage or cost from your provider. See: https://nextjs.org/docs/messages/no-img-element  @next/next/no-img-element
2025-10-12T19:57:58.8192676Z 
2025-10-12T19:57:58.8192885Z ./components/monitoring/MonitoringDashboard.tsx
2025-10-12T19:57:58.8193625Z 16:15  Warning: Unexpected any. Specify a different type.  @typescript-eslint/no-explicit-any
2025-10-12T19:57:58.8194565Z 17:13  Warning: Unexpected any. Specify a different type.  @typescript-eslint/no-explicit-any
2025-10-12T19:57:58.8195509Z 19:31  Warning: Unexpected any. Specify a different type.  @typescript-eslint/no-explicit-any
2025-10-12T19:57:58.8196455Z 181:55  Warning: Unexpected any. Specify a different type.  @typescript-eslint/no-explicit-any
2025-10-12T19:57:58.8197144Z 
2025-10-12T19:57:58.8197328Z ./components/onboarding/OnboardingFlow.tsx
2025-10-12T19:57:58.8199190Z 177:17  Warning: Using `<img>` could result in slower LCP and higher bandwidth. Consider using `<Image />` from `next/image` or a custom image loader to automatically optimize images. This may incur additional usage or cost from your provider. See: https://nextjs.org/docs/messages/no-img-element  @next/next/no-img-element
2025-10-12T19:57:58.8201083Z 
2025-10-12T19:57:58.8201240Z ./components/ui/LazyImage.tsx
2025-10-12T19:57:58.8201918Z 33:3  Warning: 'quality' is assigned a value but never used.  @typescript-eslint/no-unused-vars
2025-10-12T19:57:58.8202828Z 51:5  Warning: 'isInView' is assigned a value but never used.  @typescript-eslint/no-unused-vars
2025-10-12T19:57:58.8203762Z 52:17  Warning: 'handleLazyLoad' is assigned a value but never used.  @typescript-eslint/no-unused-vars
2025-10-12T19:57:58.8204770Z 53:18  Warning: 'handleLazyError' is assigned a value but never used.  @typescript-eslint/no-unused-vars
2025-10-12T19:57:58.8206974Z 106:13  Warning: Using `<img>` could result in slower LCP and higher bandwidth. Consider using `<Image />` from `next/image` or a custom image loader to automatically optimize images. This may incur additional usage or cost from your provider. See: https://nextjs.org/docs/messages/no-img-element  @next/next/no-img-element
2025-10-12T19:57:58.8208914Z 
2025-10-12T19:57:58.8209071Z ./components/ui/fallback-ui.tsx
2025-10-12T19:57:58.8209648Z 15:3  Warning: 'Wifi' is defined but never used.  @typescript-eslint/no-unused-vars
2025-10-12T19:57:58.8210134Z 
2025-10-12T19:57:58.8210253Z ./lib/ai/gemini.ts
2025-10-12T19:57:58.8210822Z 24:29  Warning: Unexpected any. Specify a different type.  @typescript-eslint/no-explicit-any
2025-10-12T19:57:58.8211731Z 334:13  Warning: Unexpected any. Specify a different type.  @typescript-eslint/no-explicit-any
2025-10-12T19:57:58.8212537Z 335:14  Warning: Unexpected any. Specify a different type.  @typescript-eslint/no-explicit-any
2025-10-12T19:57:58.8213302Z 351:46  Warning: Unexpected any. Specify a different type.  @typescript-eslint/no-explicit-any
2025-10-12T19:57:58.8214072Z 365:49  Warning: Unexpected any. Specify a different type.  @typescript-eslint/no-explicit-any
2025-10-12T19:57:58.8215002Z 403:32  Warning: Unexpected any. Specify a different type.  @typescript-eslint/no-explicit-any
2025-10-12T19:57:58.8215774Z 510:11  Warning: 'result' is assigned a value but never used.  @typescript-eslint/no-unused-vars
2025-10-12T19:57:58.8216240Z 
2025-10-12T19:57:58.8216361Z ./lib/ai/try-on-processor.ts
2025-10-12T19:57:58.8217019Z 11:8  Warning: 'mime' is defined but never used.  @typescript-eslint/no-unused-vars
2025-10-12T19:57:58.8217733Z 461:5  Warning: 'basePhoto' is defined but never used.  @typescript-eslint/no-unused-vars
2025-10-12T19:57:58.8218476Z 462:5  Warning: 'clothingItems' is defined but never used.  @typescript-eslint/no-unused-vars
2025-10-12T19:57:58.8219230Z 500:13  Warning: 'data' is assigned a value but never used.  @typescript-eslint/no-unused-vars
2025-10-12T19:57:58.8219664Z 
2025-10-12T19:57:58.8219783Z ./lib/auth/supabase-auth.ts
2025-10-12T19:57:58.8220289Z 17:10  Warning: Unexpected any. Specify a different type.  @typescript-eslint/no-explicit-any
2025-10-12T19:57:58.8220785Z 
2025-10-12T19:57:58.8220935Z ./lib/database/migration-runner.ts
2025-10-12T19:57:58.8221588Z 154:23  Warning: Unexpected any. Specify a different type.  @typescript-eslint/no-explicit-any
2025-10-12T19:57:58.8222562Z 154:40  Warning: Unexpected any. Specify a different type.  @typescript-eslint/no-explicit-any
2025-10-12T19:57:58.8223118Z 
2025-10-12T19:57:58.8223278Z ./lib/database/schema-validator.ts
2025-10-12T19:57:58.8223940Z 156:36  Warning: Unexpected any. Specify a different type.  @typescript-eslint/no-explicit-any
2025-10-12T19:57:58.8224888Z 156:53  Warning: Unexpected any. Specify a different type.  @typescript-eslint/no-explicit-any
2025-10-12T19:57:58.8225848Z 233:35  Warning: Unexpected any. Specify a different type.  @typescript-eslint/no-explicit-any
2025-10-12T19:57:58.8226962Z 233:52  Warning: Unexpected any. Specify a different type.  @typescript-eslint/no-explicit-any
2025-10-12T19:57:58.8227931Z 287:36  Warning: Unexpected any. Specify a different type.  @typescript-eslint/no-explicit-any
2025-10-12T19:57:58.8228871Z 287:53  Warning: Unexpected any. Specify a different type.  @typescript-eslint/no-explicit-any
2025-10-12T19:57:58.8229599Z 
2025-10-12T19:57:58.8229750Z ./lib/database/supabase-client.ts
2025-10-12T19:57:58.8230409Z 11:37  Warning: Unexpected any. Specify a different type.  @typescript-eslint/no-explicit-any
2025-10-12T19:57:58.8231328Z 27:31  Warning: Unexpected any. Specify a different type.  @typescript-eslint/no-explicit-any
2025-10-12T19:57:58.8232236Z 49:28  Warning: Unexpected any. Specify a different type.  @typescript-eslint/no-explicit-any
2025-10-12T19:57:58.8233157Z 62:28  Warning: Unexpected any. Specify a different type.  @typescript-eslint/no-explicit-any
2025-10-12T19:57:58.8234040Z 77:28  Warning: Unexpected any. Specify a different type.  @typescript-eslint/no-explicit-any
2025-10-12T19:57:58.8234610Z 
2025-10-12T19:57:58.8234772Z ./lib/hooks/useAnalytics.ts
2025-10-12T19:57:58.8235404Z 11:59  Warning: Unexpected any. Specify a different type.  @typescript-eslint/no-explicit-any
2025-10-12T19:57:58.8236329Z 16:31  Warning: Unexpected any. Specify a different type.  @typescript-eslint/no-explicit-any
2025-10-12T19:57:58.8237402Z 27:49  Warning: Unexpected any. Specify a different type.  @typescript-eslint/no-explicit-any
2025-10-12T19:57:58.8238330Z 44:65  Warning: Unexpected any. Specify a different type.  @typescript-eslint/no-explicit-any
2025-10-12T19:57:58.8238873Z 
2025-10-12T19:57:58.8239015Z ./lib/middleware/security.ts
2025-10-12T19:57:58.8239699Z 26:42  Warning: 'sessionManager' is assigned a value but never used.  @typescript-eslint/no-unused-vars
2025-10-12T19:57:58.8240633Z 335:3  Warning: 'token' is defined but never used.  @typescript-eslint/no-unused-vars
2025-10-12T19:57:58.8241132Z 
2025-10-12T19:57:58.8241287Z ./lib/middleware/tierEnforcement.ts
2025-10-12T19:57:58.8241958Z 146:54  Warning: Unexpected any. Specify a different type.  @typescript-eslint/no-explicit-any
2025-10-12T19:57:58.8243060Z 183:55  Warning: Unexpected any. Specify a different type.  @typescript-eslint/no-explicit-any
2025-10-12T19:57:58.8243998Z 233:11  Warning: Unexpected any. Specify a different type.  @typescript-eslint/no-explicit-any
2025-10-12T19:57:58.8244927Z 234:12  Warning: Unexpected any. Specify a different type.  @typescript-eslint/no-explicit-any
2025-10-12T19:57:58.8245483Z 
2025-10-12T19:57:58.8245642Z ./lib/middleware/usage-tracking.ts
2025-10-12T19:57:58.8246309Z 22:29  Warning: Unexpected any. Specify a different type.  @typescript-eslint/no-explicit-any
2025-10-12T19:57:58.8247403Z 70:31  Warning: Unexpected any. Specify a different type.  @typescript-eslint/no-explicit-any
2025-10-12T19:57:58.8248368Z 100:31  Warning: Unexpected any. Specify a different type.  @typescript-eslint/no-explicit-any
2025-10-12T19:57:58.8249337Z 138:31  Warning: Unexpected any. Specify a different type.  @typescript-eslint/no-explicit-any
2025-10-12T19:57:58.8250297Z 165:31  Warning: Unexpected any. Specify a different type.  @typescript-eslint/no-explicit-any
2025-10-12T19:57:58.8251279Z 189:34  Warning: Unexpected any. Specify a different type.  @typescript-eslint/no-explicit-any
2025-10-12T19:57:58.8252243Z 214:31  Warning: Unexpected any. Specify a different type.  @typescript-eslint/no-explicit-any
2025-10-12T19:57:58.8253204Z 237:31  Warning: Unexpected any. Specify a different type.  @typescript-eslint/no-explicit-any
2025-10-12T19:57:58.8254160Z 390:24  Warning: Unexpected any. Specify a different type.  @typescript-eslint/no-explicit-any
2025-10-12T19:57:58.8255067Z 417:3  Warning: '_config' is defined but never used.  @typescript-eslint/no-unused-vars
2025-10-12T19:57:58.8255589Z 
2025-10-12T19:57:58.8255746Z ./lib/middleware/usageTracking.ts
2025-10-12T19:57:58.8256460Z 23:49  Warning: Unexpected any. Specify a different type.  @typescript-eslint/no-explicit-any
2025-10-12T19:57:58.8257533Z 32:15  Warning: Unexpected any. Specify a different type.  @typescript-eslint/no-explicit-any
2025-10-12T19:57:58.8258494Z 122:13  Warning: Unexpected any. Specify a different type.  @typescript-eslint/no-explicit-any
2025-10-12T19:57:58.8259459Z 124:12  Warning: Unexpected any. Specify a different type.  @typescript-eslint/no-explicit-any
2025-10-12T19:57:58.8260590Z 175:38  Warning: Unexpected any. Specify a different type.  @typescript-eslint/no-explicit-any
2025-10-12T19:57:58.8261528Z 201:3  Warning: '_usageData' is defined but never used.  @typescript-eslint/no-unused-vars
2025-10-12T19:57:58.8262462Z 201:15  Warning: Unexpected any. Specify a different type.  @typescript-eslint/no-explicit-any
2025-10-12T19:57:58.8263430Z 256:13  Warning: Unexpected any. Specify a different type.  @typescript-eslint/no-explicit-any
2025-10-12T19:57:58.8263996Z 
2025-10-12T19:57:58.8264151Z ./lib/monitoring/logger.ts
2025-10-12T19:57:58.8264787Z 23:11  Warning: Unexpected any. Specify a different type.  @typescript-eslint/no-explicit-any
2025-10-12T19:57:58.8265751Z 33:29  Warning: Unexpected any. Specify a different type.  @typescript-eslint/no-explicit-any
2025-10-12T19:57:58.8266849Z 323:33  Warning: Unexpected any. Specify a different type.  @typescript-eslint/no-explicit-any
2025-10-12T19:57:58.8267821Z 324:33  Warning: Unexpected any. Specify a different type.  @typescript-eslint/no-explicit-any
2025-10-12T19:57:58.8268797Z 396:31  Warning: Unexpected any. Specify a different type.  @typescript-eslint/no-explicit-any
2025-10-12T19:57:58.8269755Z 414:31  Warning: Unexpected any. Specify a different type.  @typescript-eslint/no-explicit-any
2025-10-12T19:57:58.8270720Z 563:33  Warning: Unexpected any. Specify a different type.  @typescript-eslint/no-explicit-any
2025-10-12T19:57:58.8271679Z 565:17  Warning: Unexpected any. Specify a different type.  @typescript-eslint/no-explicit-any
2025-10-12T19:57:58.8272643Z 566:13  Warning: Unexpected any. Specify a different type.  @typescript-eslint/no-explicit-any
2025-10-12T19:57:58.8273204Z 
2025-10-12T19:57:58.8273368Z ./lib/security/rateLimiter.ts
2025-10-12T19:57:58.8274206Z 217:28  Warning: Unexpected any. Specify a different type.  @typescript-eslint/no-explicit-any
2025-10-12T19:57:58.8275091Z 348:9  Warning: '_' is defined but never used.  @typescript-eslint/no-unused-vars
2025-10-12T19:57:58.8275889Z 418:17  Warning: '_' is defined but never used.  @typescript-eslint/no-unused-vars
2025-10-12T19:57:58.8276812Z 419:25  Warning: '_' is defined but never used.  @typescript-eslint/no-unused-vars
2025-10-12T19:57:58.8277287Z 
2025-10-12T19:57:58.8277440Z ./lib/services/analytics.ts
2025-10-12T19:57:58.8278090Z 13:31  Warning: Unexpected any. Specify a different type.  @typescript-eslint/no-explicit-any
2025-10-12T19:57:58.8279062Z 151:31  Warning: Unexpected any. Specify a different type.  @typescript-eslint/no-explicit-any
2025-10-12T19:57:58.8280013Z 232:36  Warning: Unexpected any. Specify a different type.  @typescript-eslint/no-explicit-any
2025-10-12T19:57:58.8280978Z 246:33  Warning: Unexpected any. Specify a different type.  @typescript-eslint/no-explicit-any
2025-10-12T19:57:58.8281538Z 
2025-10-12T19:57:58.8281711Z ./lib/services/clothingService.ts
2025-10-12T19:57:58.8282385Z 41:14  Warning: Unexpected any. Specify a different type.  @typescript-eslint/no-explicit-any
2025-10-12T19:57:58.8283353Z 384:28  Warning: Unexpected any. Specify a different type.  @typescript-eslint/no-explicit-any
2025-10-12T19:57:58.8284308Z 511:42  Warning: Unexpected any. Specify a different type.  @typescript-eslint/no-explicit-any
2025-10-12T19:57:58.8284880Z 
2025-10-12T19:57:58.8285046Z ./lib/services/image-processing.ts
2025-10-12T19:57:58.8285737Z 22:29  Warning: Unexpected any. Specify a different type.  @typescript-eslint/no-explicit-any
2025-10-12T19:57:58.8286820Z 126:67  Warning: Unexpected any. Specify a different type.  @typescript-eslint/no-explicit-any
2025-10-12T19:57:58.8287787Z 146:28  Warning: Unexpected any. Specify a different type.  @typescript-eslint/no-explicit-any
2025-10-12T19:57:58.8288687Z 245:14  Warning: 'error' is defined but never used.  @typescript-eslint/no-unused-vars
2025-10-12T19:57:58.8289607Z 281:27  Warning: Unexpected any. Specify a different type.  @typescript-eslint/no-explicit-any
2025-10-12T19:57:58.8290168Z 
2025-10-12T19:57:58.8290328Z ./lib/services/tierService.ts
2025-10-12T19:57:58.8291143Z 122:5  Warning: '_metadata' is defined but never used.  @typescript-eslint/no-unused-vars
2025-10-12T19:57:58.8292080Z 122:32  Warning: Unexpected any. Specify a different type.  @typescript-eslint/no-explicit-any
2025-10-12T19:57:58.8293037Z 168:32  Warning: Unexpected any. Specify a different type.  @typescript-eslint/no-explicit-any
2025-10-12T19:57:58.8294001Z 215:32  Warning: Unexpected any. Specify a different type.  @typescript-eslint/no-explicit-any
2025-10-12T19:57:58.8294955Z 247:34  Warning: Unexpected any. Specify a different type.  @typescript-eslint/no-explicit-any
2025-10-12T19:57:58.8295872Z 420:40  Warning: '_userId' is defined but never used.  @typescript-eslint/no-unused-vars
2025-10-12T19:57:58.8296869Z 451:5  Warning: '_action' is defined but never used.  @typescript-eslint/no-unused-vars
2025-10-12T19:57:58.8297389Z 
2025-10-12T19:57:58.8297533Z ./lib/supabase/client.ts
2025-10-12T19:57:58.8298173Z 186:54  Warning: Unexpected any. Specify a different type.  @typescript-eslint/no-explicit-any
2025-10-12T19:57:58.8298743Z 
2025-10-12T19:57:58.8298890Z ./lib/supabase/storage.ts
2025-10-12T19:57:58.8299529Z 54:22  Warning: Unexpected any. Specify a different type.  @typescript-eslint/no-explicit-any
2025-10-12T19:57:58.8300485Z 54:34  Warning: Unexpected any. Specify a different type.  @typescript-eslint/no-explicit-any
2025-10-12T19:57:58.8301428Z 81:22  Warning: Unexpected any. Specify a different type.  @typescript-eslint/no-explicit-any
2025-10-12T19:57:58.8302375Z 81:34  Warning: Unexpected any. Specify a different type.  @typescript-eslint/no-explicit-any
2025-10-12T19:57:58.8303314Z 95:22  Warning: Unexpected any. Specify a different type.  @typescript-eslint/no-explicit-any
2025-10-12T19:57:58.8304267Z 95:34  Warning: Unexpected any. Specify a different type.  @typescript-eslint/no-explicit-any
2025-10-12T19:57:58.8305450Z 107:22  Warning: Unexpected any. Specify a different type.  @typescript-eslint/no-explicit-any
2025-10-12T19:57:58.8306431Z 107:34  Warning: Unexpected any. Specify a different type.  @typescript-eslint/no-explicit-any
2025-10-12T19:57:58.8307538Z 119:22  Warning: Unexpected any. Specify a different type.  @typescript-eslint/no-explicit-any
2025-10-12T19:57:58.8308485Z 119:34  Warning: Unexpected any. Specify a different type.  @typescript-eslint/no-explicit-any
2025-10-12T19:57:58.8309411Z 175:66  Warning: Unexpected any. Specify a different type.  @typescript-eslint/no-explicit-any
2025-10-12T19:57:58.8309975Z 
2025-10-12T19:57:58.8310122Z ./lib/types/clothing.ts
2025-10-12T19:57:58.8310726Z 222:33  Warning: Unexpected any. Specify a different type.  @typescript-eslint/no-explicit-any
2025-10-12T19:57:58.8311288Z 
2025-10-12T19:57:58.8311425Z ./lib/types/common.ts
2025-10-12T19:57:58.8312021Z 25:34  Warning: Unexpected any. Specify a different type.  @typescript-eslint/no-explicit-any
2025-10-12T19:57:58.8312975Z 88:28  Warning: Unexpected any. Specify a different type.  @typescript-eslint/no-explicit-any
2025-10-12T19:57:58.8313924Z 96:11  Warning: Unexpected any. Specify a different type.  @typescript-eslint/no-explicit-any
2025-10-12T19:57:58.8314477Z 
2025-10-12T19:57:58.8314616Z ./lib/types/database.ts
2025-10-12T19:57:58.8315235Z 16:39  Warning: Unexpected any. Specify a different type.  @typescript-eslint/no-explicit-any
2025-10-12T19:57:58.8316157Z 31:40  Warning: Unexpected any. Specify a different type.  @typescript-eslint/no-explicit-any
2025-10-12T19:57:58.8317232Z 46:40  Warning: Unexpected any. Specify a different type.  @typescript-eslint/no-explicit-any
2025-10-12T19:57:58.8318168Z 66:36  Warning: Unexpected any. Specify a different type.  @typescript-eslint/no-explicit-any
2025-10-12T19:57:58.8319113Z 77:37  Warning: Unexpected any. Specify a different type.  @typescript-eslint/no-explicit-any
2025-10-12T19:57:58.8320068Z 88:37  Warning: Unexpected any. Specify a different type.  @typescript-eslint/no-explicit-any
2025-10-12T19:57:58.8321006Z 98:36  Warning: Unexpected any. Specify a different type.  @typescript-eslint/no-explicit-any
2025-10-12T19:57:58.8322272Z 107:37  Warning: Unexpected any. Specify a different type.  @typescript-eslint/no-explicit-any
2025-10-12T19:57:58.8323228Z 116:37  Warning: Unexpected any. Specify a different type.  @typescript-eslint/no-explicit-any
2025-10-12T19:57:58.8324166Z 125:36  Warning: Unexpected any. Specify a different type.  @typescript-eslint/no-explicit-any
2025-10-12T19:57:58.8325123Z 136:37  Warning: Unexpected any. Specify a different type.  @typescript-eslint/no-explicit-any
2025-10-12T19:57:58.8326121Z 147:37  Warning: Unexpected any. Specify a different type.  @typescript-eslint/no-explicit-any
2025-10-12T19:57:58.8326810Z 
2025-10-12T19:57:58.8326939Z ./lib/types/index.ts
2025-10-12T19:57:58.8327526Z 73:29  Warning: Unexpected any. Specify a different type.  @typescript-eslint/no-explicit-any
2025-10-12T19:57:58.8328463Z 78:29  Warning: Unexpected any. Specify a different type.  @typescript-eslint/no-explicit-any
2025-10-12T19:57:58.8329395Z 81:35  Warning: Unexpected any. Specify a different type.  @typescript-eslint/no-explicit-any
2025-10-12T19:57:58.8330335Z 91:27  Warning: Unexpected any. Specify a different type.  @typescript-eslint/no-explicit-any
2025-10-12T19:57:58.8331255Z 108:33  Warning: Unexpected any. Specify a different type.  @typescript-eslint/no-explicit-any
2025-10-12T19:57:58.8332190Z 111:10  Warning: Unexpected any. Specify a different type.  @typescript-eslint/no-explicit-any
2025-10-12T19:57:58.8333131Z 114:30  Warning: Unexpected any. Specify a different type.  @typescript-eslint/no-explicit-any
2025-10-12T19:57:58.8334101Z 171:28  Warning: Unexpected any. Specify a different type.  @typescript-eslint/no-explicit-any
2025-10-12T19:57:58.8335047Z 179:11  Warning: Unexpected any. Specify a different type.  @typescript-eslint/no-explicit-any
2025-10-12T19:57:58.8336206Z 189:31  Warning: Unexpected any. Specify a different type.  @typescript-eslint/no-explicit-any
2025-10-12T19:57:58.8336906Z 
2025-10-12T19:57:58.8337038Z ./lib/types/try-on.ts
2025-10-12T19:57:58.8337666Z 57:36  Warning: Unexpected any. Specify a different type.  @typescript-eslint/no-explicit-any
2025-10-12T19:57:58.8338624Z 60:27  Warning: Unexpected any. Specify a different type.  @typescript-eslint/no-explicit-any
2025-10-12T19:57:58.8339578Z 266:28  Warning: Unexpected any. Specify a different type.  @typescript-eslint/no-explicit-any
2025-10-12T19:57:58.8340143Z 
2025-10-12T19:57:58.8340274Z ./lib/types/user.ts
2025-10-12T19:57:58.8340868Z 45:27  Warning: Unexpected any. Specify a different type.  @typescript-eslint/no-explicit-any
2025-10-12T19:57:58.8341811Z 149:27  Warning: Unexpected any. Specify a different type.  @typescript-eslint/no-explicit-any
2025-10-12T19:57:58.8342776Z 195:19  Warning: Unexpected any. Specify a different type.  @typescript-eslint/no-explicit-any
2025-10-12T19:57:58.8370001Z 196:20  Warning: Unexpected any. Specify a different type.  @typescript-eslint/no-explicit-any
2025-10-12T19:57:58.8370652Z 
2025-10-12T19:57:58.8370833Z ./lib/utils/closetOrganization.ts
2025-10-12T19:57:58.8371571Z 189:19  Warning: Unexpected any. Specify a different type.  @typescript-eslint/no-explicit-any
2025-10-12T19:57:58.8372584Z 189:32  Warning: Unexpected any. Specify a different type.  @typescript-eslint/no-explicit-any
2025-10-12T19:57:58.8373171Z 
2025-10-12T19:57:58.8373332Z ./lib/utils/codeSplitting.tsx
2025-10-12T19:57:58.8374016Z 28:22  Warning: Unexpected any. Specify a different type.  @typescript-eslint/no-explicit-any
2025-10-12T19:57:58.8374968Z 58:73  Warning: Unexpected any. Specify a different type.  @typescript-eslint/no-explicit-any
2025-10-12T19:57:58.8375918Z 68:27  Warning: Unexpected any. Specify a different type.  @typescript-eslint/no-explicit-any
2025-10-12T19:57:58.8377152Z 71:38  Warning: Unexpected any. Specify a different type.  @typescript-eslint/no-explicit-any
2025-10-12T19:57:58.8378131Z 214:31  Warning: Unexpected any. Specify a different type.  @typescript-eslint/no-explicit-any
2025-10-12T19:57:58.8379085Z 232:46  Warning: Unexpected any. Specify a different type.  @typescript-eslint/no-explicit-any
2025-10-12T19:57:58.8380265Z 309:68  Warning: Unexpected any. Specify a different type.  @typescript-eslint/no-explicit-any
2025-10-12T19:57:58.8381247Z 314:66  Warning: Unexpected any. Specify a different type.  @typescript-eslint/no-explicit-any
2025-10-12T19:57:58.8381818Z 
2025-10-12T19:57:58.8381974Z ./lib/utils/error-boundary.tsx
2025-10-12T19:57:58.8382656Z 146:45  Warning: Unexpected any. Specify a different type.  @typescript-eslint/no-explicit-any
2025-10-12T19:57:58.8383221Z 
2025-10-12T19:57:58.8383369Z ./lib/utils/errors.ts
2025-10-12T19:57:58.8383972Z 12:28  Warning: Unexpected any. Specify a different type.  @typescript-eslint/no-explicit-any
2025-10-12T19:57:58.8384919Z 21:30  Warning: Unexpected any. Specify a different type.  @typescript-eslint/no-explicit-any
2025-10-12T19:57:58.8385868Z 33:43  Warning: Unexpected any. Specify a different type.  @typescript-eslint/no-explicit-any
2025-10-12T19:57:58.8386976Z 36:57  Warning: Unexpected any. Specify a different type.  @typescript-eslint/no-explicit-any
2025-10-12T19:57:58.8387942Z 48:43  Warning: Unexpected any. Specify a different type.  @typescript-eslint/no-explicit-any
2025-10-12T19:57:58.8388872Z 53:30  Warning: Unexpected any. Specify a different type.  @typescript-eslint/no-explicit-any
2025-10-12T19:57:58.8389810Z 66:43  Warning: Unexpected any. Specify a different type.  @typescript-eslint/no-explicit-any
2025-10-12T19:57:58.8390749Z 71:30  Warning: Unexpected any. Specify a different type.  @typescript-eslint/no-explicit-any
2025-10-12T19:57:58.8391669Z 84:43  Warning: Unexpected any. Specify a different type.  @typescript-eslint/no-explicit-any
2025-10-12T19:57:58.8392589Z 87:58  Warning: Unexpected any. Specify a different type.  @typescript-eslint/no-explicit-any
2025-10-12T19:57:58.8393683Z 99:43  Warning: Unexpected any. Specify a different type.  @typescript-eslint/no-explicit-any
2025-10-12T19:57:58.8394636Z 102:57  Warning: Unexpected any. Specify a different type.  @typescript-eslint/no-explicit-any
2025-10-12T19:57:58.8395599Z 114:43  Warning: Unexpected any. Specify a different type.  @typescript-eslint/no-explicit-any
2025-10-12T19:57:58.8396542Z 119:30  Warning: Unexpected any. Specify a different type.  @typescript-eslint/no-explicit-any
2025-10-12T19:57:58.8397714Z 132:43  Warning: Unexpected any. Specify a different type.  @typescript-eslint/no-explicit-any
2025-10-12T19:57:58.8398658Z 139:30  Warning: Unexpected any. Specify a different type.  @typescript-eslint/no-explicit-any
2025-10-12T19:57:58.8399606Z 152:43  Warning: Unexpected any. Specify a different type.  @typescript-eslint/no-explicit-any
2025-10-12T19:57:58.8400547Z 155:74  Warning: Unexpected any. Specify a different type.  @typescript-eslint/no-explicit-any
2025-10-12T19:57:58.8401487Z 167:43  Warning: Unexpected any. Specify a different type.  @typescript-eslint/no-explicit-any
2025-10-12T19:57:58.8402424Z 173:30  Warning: Unexpected any. Specify a different type.  @typescript-eslint/no-explicit-any
2025-10-12T19:57:58.8403374Z 186:43  Warning: Unexpected any. Specify a different type.  @typescript-eslint/no-explicit-any
2025-10-12T19:57:58.8404312Z 192:30  Warning: Unexpected any. Specify a different type.  @typescript-eslint/no-explicit-any
2025-10-12T19:57:58.8405243Z 289:30  Warning: Unexpected any. Specify a different type.  @typescript-eslint/no-explicit-any
2025-10-12T19:57:58.8406186Z 338:43  Warning: Unexpected any. Specify a different type.  @typescript-eslint/no-explicit-any
2025-10-12T19:57:58.8407255Z 344:30  Warning: Unexpected any. Specify a different type.  @typescript-eslint/no-explicit-any
2025-10-12T19:57:58.8407795Z 
2025-10-12T19:57:58.8407954Z ./lib/utils/global-error-handler.ts
2025-10-12T19:57:58.8408593Z 26:38  Warning: Unexpected any. Specify a different type.  @typescript-eslint/no-explicit-any
2025-10-12T19:57:58.8409493Z 224:30  Warning: Unexpected any. Specify a different type.  @typescript-eslint/no-explicit-any
2025-10-12T19:57:58.8410422Z 232:30  Warning: Unexpected any. Specify a different type.  @typescript-eslint/no-explicit-any
2025-10-12T19:57:58.8411128Z 
2025-10-12T19:57:58.8411258Z ./lib/utils/index.ts
2025-10-12T19:57:58.8411830Z 71:46  Warning: Unexpected any. Specify a different type.  @typescript-eslint/no-explicit-any
2025-10-12T19:57:58.8412754Z 71:56  Warning: Unexpected any. Specify a different type.  @typescript-eslint/no-explicit-any
2025-10-12T19:57:58.8413652Z 85:46  Warning: Unexpected any. Specify a different type.  @typescript-eslint/no-explicit-any
2025-10-12T19:57:58.8414569Z 85:56  Warning: Unexpected any. Specify a different type.  @typescript-eslint/no-explicit-any
2025-10-12T19:57:58.8415482Z 102:32  Warning: Unexpected any. Specify a different type.  @typescript-eslint/no-explicit-any
2025-10-12T19:57:58.8416421Z 115:62  Warning: Unexpected any. Specify a different type.  @typescript-eslint/no-explicit-any
2025-10-12T19:57:58.8417518Z 116:72  Warning: Unexpected any. Specify a different type.  @typescript-eslint/no-explicit-any
2025-10-12T19:57:58.8418456Z 118:29  Warning: Unexpected any. Specify a different type.  @typescript-eslint/no-explicit-any
2025-10-12T19:57:58.8419004Z 
2025-10-12T19:57:58.8419141Z ./lib/utils/logger.ts
2025-10-12T19:57:58.8419720Z 14:28  Warning: Unexpected any. Specify a different type.  @typescript-eslint/no-explicit-any
2025-10-12T19:57:58.8420645Z 86:30  Warning: Unexpected any. Specify a different type.  @typescript-eslint/no-explicit-any
2025-10-12T19:57:58.8421583Z 149:51  Warning: Unexpected any. Specify a different type.  @typescript-eslint/no-explicit-any
2025-10-12T19:57:58.8422511Z 153:50  Warning: Unexpected any. Specify a different type.  @typescript-eslint/no-explicit-any
2025-10-12T19:57:58.8423437Z 157:50  Warning: Unexpected any. Specify a different type.  @typescript-eslint/no-explicit-any
2025-10-12T19:57:58.8424532Z 161:66  Warning: Unexpected any. Specify a different type.  @typescript-eslint/no-explicit-any
2025-10-12T19:57:58.8425458Z 165:66  Warning: Unexpected any. Specify a different type.  @typescript-eslint/no-explicit-any
2025-10-12T19:57:58.8426413Z 216:31  Warning: Unexpected any. Specify a different type.  @typescript-eslint/no-explicit-any
2025-10-12T19:57:58.8427230Z 
2025-10-12T19:57:58.8427384Z ./lib/utils/native-helpers.ts
2025-10-12T19:57:58.8428015Z 43:39  Warning: Unexpected any. Specify a different type.  @typescript-eslint/no-explicit-any
2025-10-12T19:57:58.8428545Z 
2025-10-12T19:57:58.8428699Z ./lib/utils/performance.ts
2025-10-12T19:57:58.8429313Z 62:67  Warning: Unexpected any. Specify a different type.  @typescript-eslint/no-explicit-any
2025-10-12T19:57:58.8430183Z 138:31  Warning: Unexpected any. Specify a different type.  @typescript-eslint/no-explicit-any
2025-10-12T19:57:58.8431068Z 149:31  Warning: Unexpected any. Specify a different type.  @typescript-eslint/no-explicit-any
2025-10-12T19:57:58.8431995Z 311:36  Warning: Unexpected any. Specify a different type.  @typescript-eslint/no-explicit-any
2025-10-12T19:57:58.8432538Z 
2025-10-12T19:57:58.8433150Z info  - Need to disable some ESLint rules? Learn more here: https://nextjs.org/docs/app/api-reference/config/eslint#disabling-rules
2025-10-12T19:57:58.9217376Z ##[group]Run bun run test
2025-10-12T19:57:58.9217827Z [36;1mbun run test[0m
2025-10-12T19:57:58.9252588Z shell: /usr/bin/bash -e {0}
2025-10-12T19:57:58.9252828Z env:
2025-10-12T19:57:58.9253072Z   pythonLocation: /opt/hostedtoolcache/Python/3.11.13/x64
2025-10-12T19:57:58.9253497Z   PKG_CONFIG_PATH: /opt/hostedtoolcache/Python/3.11.13/x64/lib/pkgconfig
2025-10-12T19:57:58.9253907Z   Python_ROOT_DIR: /opt/hostedtoolcache/Python/3.11.13/x64
2025-10-12T19:57:58.9254253Z   Python2_ROOT_DIR: /opt/hostedtoolcache/Python/3.11.13/x64
2025-10-12T19:57:58.9254601Z   Python3_ROOT_DIR: /opt/hostedtoolcache/Python/3.11.13/x64
2025-10-12T19:57:58.9254948Z   LD_LIBRARY_PATH: /opt/hostedtoolcache/Python/3.11.13/x64/lib
2025-10-12T19:57:58.9255234Z   CI: true
2025-10-12T19:57:58.9255395Z ##[endgroup]
2025-10-12T19:57:58.9325998Z $ jest --passWithNoTests
2025-10-12T19:58:00.6107946Z FAIL tests/__tests__/try-on-result-generation.integration.test.ts
2025-10-12T19:58:00.6109691Z   ● Test suite failed to run
2025-10-12T19:58:00.6111311Z 
2025-10-12T19:58:00.6111511Z     Jest encountered an unexpected token
2025-10-12T19:58:00.6111813Z 
2025-10-12T19:58:00.6112651Z     Jest failed to parse a file. This happens e.g. when your code or its dependencies use non-standard JavaScript syntax, or when Jest is not configured to support such syntax.
2025-10-12T19:58:00.6113672Z 
2025-10-12T19:58:00.6114292Z     Out of the box Jest supports Babel, which will be used to transform your files into valid JS based on your Babel configuration.
2025-10-12T19:58:00.6115035Z 
2025-10-12T19:58:00.6115303Z     By default "node_modules" folder is ignored by transformers.
2025-10-12T19:58:00.6115735Z 
2025-10-12T19:58:00.6115890Z     Here's what you can do:
2025-10-12T19:58:00.6117122Z      • If you are trying to use ECMAScript Modules, see https://jestjs.io/docs/ecmascript-modules for how to enable it.
2025-10-12T19:58:00.6118486Z      • If you are trying to use TypeScript, see https://jestjs.io/docs/getting-started#using-typescript
2025-10-12T19:58:00.6119820Z      • To have some of your "node_modules" files transformed, you can specify a custom "transformIgnorePatterns" in your config.
2025-10-12T19:58:00.6121036Z      • If you need a custom transformation specify a "transform" option in your config.
2025-10-12T19:58:00.6122289Z      • If you simply want to mock your non-JS modules (e.g. binary assets) you can stub them out with the "moduleNameMapper" config option.
2025-10-12T19:58:00.6123015Z 
2025-10-12T19:58:00.6123338Z     You'll find more details and examples of these config options in the docs:
2025-10-12T19:58:00.6123967Z     https://jestjs.io/docs/configuration
2025-10-12T19:58:00.6124480Z     For information about custom transformations, see:
2025-10-12T19:58:00.6125012Z     https://jestjs.io/docs/code-transformation
2025-10-12T19:58:00.6125353Z 
2025-10-12T19:58:00.6125468Z     Details:
2025-10-12T19:58:00.6125651Z 
2025-10-12T19:58:00.6126068Z     /home/runner/work/my_closet/my_closet/node_modules/@google/genai/dist/web/index.mjs:15448
2025-10-12T19:58:00.6141966Z     export { ActivityHandling, AdapterSize, ApiError, ApiSpec, AuthType, Batches, Behavior, BlockedReason, Caches, Chat, Chats, ComputeTokensResponse, ContentReferenceImage, ControlReferenceImage, ControlReferenceType, CountTokensResponse, CreateFileResponse, DeleteCachedContentResponse, DeleteFileResponse, DeleteModelResponse, DynamicRetrievalConfigMode, EditImageResponse, EditMode, EmbedContentResponse, EndSensitivity, Environment, FeatureSelectionPreference, FileSource, FileState, Files, FinishReason, FunctionCallingConfigMode, FunctionResponse, FunctionResponseBlob, FunctionResponseFileData, FunctionResponsePart, FunctionResponseScheduling, GenerateContentResponse, GenerateContentResponsePromptFeedback, GenerateContentResponseUsageMetadata, GenerateImagesResponse, GenerateVideosOperation, GenerateVideosResponse, GoogleGenAI, HarmBlockMethod, HarmBlockThreshold, HarmCategory, HarmProbability, HarmSeverity, HttpResponse, ImagePromptLanguage, InlinedEmbedContentResponse, InlinedResponse, JobState, Language, ListBatchJobsResponse, ListCachedContentsResponse, ListFilesResponse, ListModelsResponse, ListTuningJobsResponse, Live, LiveClientToolResponse, LiveMusicPlaybackControl, LiveMusicServerMessage, LiveSendToolResponseParameters, LiveServerMessage, MaskReferenceImage, MaskReferenceMode, MediaModality, MediaResolution, Modality, Mode, Models, MusicGenerationMode, Operations, Outcome, PagedItem, Pager, PersonGeneration, RawReferenceImage, RecontextImageResponse, ReplayResponse, SafetyFilterLevel, Scale, SegmentImageResponse, SegmentMode, Session, SingleEmbedContentResponse, StartSensitivity, StyleReferenceImage, SubjectReferenceImage, SubjectReferenceType, Tokens, TrafficType, TuningMode, TuningTask, TurnCompleteReason, TurnCoverage, Type, UpscaleImageResponse, UrlRetrievalStatus, VideoCompressionQuality, VideoGenerationMaskMode, VideoGenerationReferenceType, createFunctionResponsePartFromBase64, createFunctionResponsePartFromUri, createModelContent, createPartFromBase64, createPartFromCodeExecutionResult, createPartFromExecutableCode, createPartFromFunctionCall, createPartFromFunctionResponse, createPartFromText, createPartFromUri, createUserContent, mcpToTool, setDefaultBaseUrls };
2025-10-12T19:58:00.6199380Z     ^^^^^^
2025-10-12T19:58:00.6199553Z 
2025-10-12T19:58:00.6199745Z     SyntaxError: Unexpected token 'export'
2025-10-12T19:58:00.6200061Z 
2025-10-12T19:58:00.6200485Z     [0m [90m 13 |[39m [36mexport[39m [36minterface[39m [33mTryOnRequest[39m {
2025-10-12T19:58:00.6201219Z      [90m 14 |[39m   sessionId[33m:[39m string[33m;[39m
2025-10-12T19:58:00.6201939Z     [31m[1m>[22m[39m[90m 15 |[39m   userId[33m:[39m string[33m;[39m
2025-10-12T19:58:00.6202623Z      [90m    |[39m                [31m[1m^[22m[39m
2025-10-12T19:58:00.6203239Z      [90m 16 |[39m   basePhotoUrl[33m:[39m string[33m;[39m
2025-10-12T19:58:00.6203961Z      [90m 17 |[39m   clothingItems[33m:[39m [33mArray[39m[33m<[39m{
2025-10-12T19:58:00.6204655Z      [90m 18 |[39m     id[33m:[39m string[33m;[39m[0m
2025-10-12T19:58:00.6205000Z 
2025-10-12T19:58:00.6205407Z       at Runtime.createScriptFromCode (node_modules/jest-runtime/build/index.js:1505:14)
2025-10-12T19:58:00.6206213Z       at Object.<anonymous> (lib/ai/try-on-processor.ts:15:16)
2025-10-12T19:58:00.6207126Z       at Object.<anonymous> (app/api/try-on/process/route.ts:21:25)
2025-10-12T19:58:00.6207949Z       at Object.<anonymous> (tests/__tests__/try-on-result-generation.integration.test.ts:9:16)
2025-10-12T19:58:00.6208527Z 
2025-10-12T19:58:00.9151894Z FAIL tests/__tests__/try-on-session.integration.test.ts
2025-10-12T19:58:00.9172455Z   ● Console
2025-10-12T19:58:00.9174049Z 
2025-10-12T19:58:00.9175694Z     console.log
2025-10-12T19:58:00.9177124Z       Creating new Supabase client instance
2025-10-12T19:58:00.9177651Z 
2025-10-12T19:58:00.9177939Z       at log (lib/supabase/client.ts:24:13)
2025-10-12T19:58:00.9178508Z 
2025-10-12T19:58:00.9180082Z     console.log
2025-10-12T19:58:00.9180803Z       Creating new Supabase admin client instance
2025-10-12T19:58:00.9181927Z 
2025-10-12T19:58:00.9182272Z       at log (lib/supabase/client.ts:91:13)
2025-10-12T19:58:00.9184377Z 
2025-10-12T19:58:00.9185663Z   ● Try-On Session API Integration › POST /api/try-on/sessions › should create a try-on session successfully
2025-10-12T19:58:00.9187022Z 
2025-10-12T19:58:00.9187646Z     TypeError: mockSupabase.from(...).select(...).eq(...).in(...).eq(...).mockResolvedValue is not a function
2025-10-12T19:58:00.9188466Z 
2025-10-12T19:58:00.9188923Z     [0m [90m 82 |[39m         [33m.[39m[36min[39m()
2025-10-12T19:58:00.9190209Z      [90m 83 |[39m         [33m.[39meq()
2025-10-12T19:58:00.9191176Z     [31m[1m>[22m[39m[90m 84 |[39m         [33m.[39mmockResolvedValue({
2025-10-12T19:58:00.9192048Z      [90m    |[39m          [31m[1m^[22m[39m
2025-10-12T19:58:00.9194253Z      [90m 85 |[39m           data[33m:[39m [{ id[33m:[39m [32m'item-1'[39m }[33m,[39m { id[33m:[39m [32m'item-2'[39m }][33m,[39m
2025-10-12T19:58:00.9195525Z      [90m 86 |[39m           error[33m:[39m [36mnull[39m[33m,[39m
2025-10-12T19:58:00.9196824Z      [90m 87 |[39m         })[33m;[39m[0m
2025-10-12T19:58:00.9197663Z 
2025-10-12T19:58:00.9198331Z       at Object.mockResolvedValue (tests/__tests__/try-on-session.integration.test.ts:84:10)
2025-10-12T19:58:00.9203798Z 
2025-10-12T19:58:00.9204705Z   ● Try-On Session API Integration › POST /api/try-on/sessions › should reject unauthenticated requests
2025-10-12T19:58:00.9205645Z 
2025-10-12T19:58:00.9206057Z     TypeError: Cannot read properties of undefined (reading 'get')
2025-10-12T19:58:00.9217884Z 
2025-10-12T19:58:00.9218656Z     [0m [90m 146 |[39m       })[33m;[39m
2025-10-12T19:58:00.9219433Z      [90m 147 |[39m
2025-10-12T19:58:00.9220508Z     [31m[1m>[22m[39m[90m 148 |[39m       [36mconst[39m request [33m=[39m [36mnew[39m [33mNextRequest[39m(
2025-10-12T19:58:00.9221960Z      [90m     |[39m                       [31m[1m^[22m[39m
2025-10-12T19:58:00.9223112Z      [90m 149 |[39m         [32m'http://localhost:3000/api/try-on/sessions'[39m[33m,[39m
2025-10-12T19:58:00.9224261Z      [90m 150 |[39m         {
2025-10-12T19:58:00.9225233Z      [90m 151 |[39m           method[33m:[39m [32m'POST'[39m[33m,[39m[0m
2025-10-12T19:58:00.9228684Z 
2025-10-12T19:58:00.9229184Z       at new RequestCookies (node_modules/next/dist/compiled/@edge-runtime/cookies/index.js:179:35)
2025-10-12T19:58:00.9230195Z       at new NextRequest (node_modules/next/src/server/web/spec-extension/request.ts:46:16)
2025-10-12T19:58:00.9231113Z       at Object.<anonymous> (tests/__tests__/try-on-session.integration.test.ts:148:23)
2025-10-12T19:58:00.9231711Z 
2025-10-12T19:58:00.9232333Z   ● Try-On Session API Integration › POST /api/try-on/sessions › should validate clothing item IDs
2025-10-12T19:58:00.9232921Z 
2025-10-12T19:58:00.9233222Z     TypeError: Cannot read properties of undefined (reading 'get')
2025-10-12T19:58:00.9233674Z 
2025-10-12T19:58:00.9233922Z     [0m [90m 173 |[39m       })[33m;[39m
2025-10-12T19:58:00.9234385Z      [90m 174 |[39m
2025-10-12T19:58:00.9235134Z     [31m[1m>[22m[39m[90m 175 |[39m       [36mconst[39m request [33m=[39m [36mnew[39m [33mNextRequest[39m(
2025-10-12T19:58:00.9235953Z      [90m     |[39m                       [31m[1m^[22m[39m
2025-10-12T19:58:00.9236922Z      [90m 176 |[39m         [32m'http://localhost:3000/api/try-on/sessions'[39m[33m,[39m
2025-10-12T19:58:00.9237614Z      [90m 177 |[39m         {
2025-10-12T19:58:00.9238211Z      [90m 178 |[39m           method[33m:[39m [32m'POST'[39m[33m,[39m[0m
2025-10-12T19:58:00.9238612Z 
2025-10-12T19:58:00.9239046Z       at new RequestCookies (node_modules/next/dist/compiled/@edge-runtime/cookies/index.js:179:35)
2025-10-12T19:58:00.9240025Z       at new NextRequest (node_modules/next/src/server/web/spec-extension/request.ts:46:16)
2025-10-12T19:58:00.9240935Z       at Object.<anonymous> (tests/__tests__/try-on-session.integration.test.ts:175:23)
2025-10-12T19:58:00.9241453Z 
2025-10-12T19:58:00.9242037Z   ● Try-On Session API Integration › POST /api/try-on/sessions › should enforce maximum item limit
2025-10-12T19:58:00.9242596Z 
2025-10-12T19:58:00.9242873Z     TypeError: Cannot read properties of undefined (reading 'get')
2025-10-12T19:58:00.9243295Z 
2025-10-12T19:58:00.9243523Z     [0m [90m 200 |[39m       })[33m;[39m
2025-10-12T19:58:00.9243976Z      [90m 201 |[39m
2025-10-12T19:58:00.9244697Z     [31m[1m>[22m[39m[90m 202 |[39m       [36mconst[39m request [33m=[39m [36mnew[39m [33mNextRequest[39m(
2025-10-12T19:58:00.9245483Z      [90m     |[39m                       [31m[1m^[22m[39m
2025-10-12T19:58:00.9246229Z      [90m 203 |[39m         [32m'http://localhost:3000/api/try-on/sessions'[39m[33m,[39m
2025-10-12T19:58:00.9247081Z      [90m 204 |[39m         {
2025-10-12T19:58:00.9251034Z      [90m 205 |[39m           method[33m:[39m [32m'POST'[39m[33m,[39m[0m
2025-10-12T19:58:00.9251664Z 
2025-10-12T19:58:00.9252144Z       at new RequestCookies (node_modules/next/dist/compiled/@edge-runtime/cookies/index.js:179:35)
2025-10-12T19:58:00.9253148Z       at new NextRequest (node_modules/next/src/server/web/spec-extension/request.ts:46:16)
2025-10-12T19:58:00.9254073Z       at Object.<anonymous> (tests/__tests__/try-on-session.integration.test.ts:202:23)
2025-10-12T19:58:00.9254616Z 
2025-10-12T19:58:00.9255184Z   ● Try-On Session API Integration › POST /api/try-on/sessions › should enforce tier limits
2025-10-12T19:58:00.9255749Z 
2025-10-12T19:58:00.9256032Z     TypeError: Cannot read properties of undefined (reading 'get')
2025-10-12T19:58:00.9256461Z 
2025-10-12T19:58:00.9256969Z     [0m [90m 238 |[39m       )[33m;[39m
2025-10-12T19:58:00.9257467Z      [90m 239 |[39m
2025-10-12T19:58:00.9258213Z     [31m[1m>[22m[39m[90m 240 |[39m       [36mconst[39m request [33m=[39m [36mnew[39m [33mNextRequest[39m(
2025-10-12T19:58:00.9259298Z      [90m     |[39m                       [31m[1m^[22m[39m
2025-10-12T19:58:00.9260058Z      [90m 241 |[39m         [32m'http://localhost:3000/api/try-on/sessions'[39m[33m,[39m
2025-10-12T19:58:00.9260703Z      [90m 242 |[39m         {
2025-10-12T19:58:00.9261303Z      [90m 243 |[39m           method[33m:[39m [32m'POST'[39m[33m,[39m[0m
2025-10-12T19:58:00.9261709Z 
2025-10-12T19:58:00.9262162Z       at new RequestCookies (node_modules/next/dist/compiled/@edge-runtime/cookies/index.js:179:35)
2025-10-12T19:58:00.9263185Z       at new NextRequest (node_modules/next/src/server/web/spec-extension/request.ts:46:16)
2025-10-12T19:58:00.9264135Z       at Object.<anonymous> (tests/__tests__/try-on-session.integration.test.ts:240:23)
2025-10-12T19:58:00.9264680Z 
2025-10-12T19:58:00.9265391Z   ● Try-On Session API Integration › POST /api/try-on/sessions › should validate clothing items belong to user
2025-10-12T19:58:00.9266091Z 
2025-10-12T19:58:00.9266561Z     TypeError: mockSupabase.from(...).select(...).eq(...).in(...).eq(...).mockResolvedValue is not a function
2025-10-12T19:58:00.9267495Z 
2025-10-12T19:58:00.9267811Z     [0m [90m 271 |[39m         [33m.[39m[36min[39m()
2025-10-12T19:58:00.9268333Z      [90m 272 |[39m         [33m.[39meq()
2025-10-12T19:58:00.9268935Z     [31m[1m>[22m[39m[90m 273 |[39m         [33m.[39mmockResolvedValue({
2025-10-12T19:58:00.9269550Z      [90m     |[39m          [31m[1m^[22m[39m
2025-10-12T19:58:00.9270260Z      [90m 274 |[39m           data[33m:[39m [{ id[33m:[39m [32m'item-1'[39m }][33m,[39m
2025-10-12T19:58:00.9271028Z      [90m 275 |[39m           error[33m:[39m [36mnull[39m[33m,[39m
2025-10-12T19:58:00.9271665Z      [90m 276 |[39m         })[33m;[39m[0m
2025-10-12T19:58:00.9271973Z 
2025-10-12T19:58:00.9272417Z       at Object.mockResolvedValue (tests/__tests__/try-on-session.integration.test.ts:273:10)
2025-10-12T19:58:00.9273009Z 
2025-10-12T19:58:00.9273740Z   ● Try-On Session API Integration › POST /api/try-on/sessions › should handle database errors during session creation
2025-10-12T19:58:00.9274423Z 
2025-10-12T19:58:00.9274869Z     TypeError: mockSupabase.from(...).select(...).eq(...).in(...).eq(...).mockResolvedValue is not a function
2025-10-12T19:58:00.9275445Z 
2025-10-12T19:58:00.9275723Z     [0m [90m 309 |[39m         [33m.[39m[36min[39m()
2025-10-12T19:58:00.9276268Z      [90m 310 |[39m         [33m.[39meq()
2025-10-12T19:58:00.9277162Z     [31m[1m>[22m[39m[90m 311 |[39m         [33m.[39mmockResolvedValue({
2025-10-12T19:58:00.9277794Z      [90m     |[39m          [31m[1m^[22m[39m
2025-10-12T19:58:00.9278466Z      [90m 312 |[39m           data[33m:[39m [{ id[33m:[39m [32m'item-1'[39m }][33m,[39m
2025-10-12T19:58:00.9279193Z      [90m 313 |[39m           error[33m:[39m [36mnull[39m[33m,[39m
2025-10-12T19:58:00.9279776Z      [90m 314 |[39m         })[33m;[39m[0m
2025-10-12T19:58:00.9280082Z 
2025-10-12T19:58:00.9280731Z       at Object.mockResolvedValue (tests/__tests__/try-on-session.integration.test.ts:311:10)
2025-10-12T19:58:00.9281319Z 
2025-10-12T19:58:00.9282066Z   ● Try-On Session API Integration › POST /api/try-on/sessions › should handle database errors during session items creation
2025-10-12T19:58:00.9282785Z 
2025-10-12T19:58:00.9283237Z     TypeError: mockSupabase.from(...).select(...).eq(...).in(...).eq(...).mockResolvedValue is not a function
2025-10-12T19:58:00.9283836Z 
2025-10-12T19:58:00.9284139Z     [0m [90m 357 |[39m         [33m.[39m[36min[39m()
2025-10-12T19:58:00.9284697Z      [90m 358 |[39m         [33m.[39meq()
2025-10-12T19:58:00.9285349Z     [31m[1m>[22m[39m[90m 359 |[39m         [33m.[39mmockResolvedValue({
2025-10-12T19:58:00.9285969Z      [90m     |[39m          [31m[1m^[22m[39m
2025-10-12T19:58:00.9287529Z      [90m 360 |[39m           data[33m:[39m [{ id[33m:[39m [32m'item-1'[39m }][33m,[39m
2025-10-12T19:58:00.9288583Z      [90m 361 |[39m           error[33m:[39m [36mnull[39m[33m,[39m
2025-10-12T19:58:00.9289221Z      [90m 362 |[39m         })[33m;[39m[0m
2025-10-12T19:58:00.9289492Z 
2025-10-12T19:58:00.9289922Z       at Object.mockResolvedValue (tests/__tests__/try-on-session.integration.test.ts:359:10)
2025-10-12T19:58:00.9290500Z 
2025-10-12T19:58:00.9291147Z   ● Try-On Session API Integration › GET /api/try-on/sessions › should retrieve user sessions successfully
2025-10-12T19:58:00.9291782Z 
2025-10-12T19:58:00.9292293Z     TypeError: mockSupabase.from(...).select(...).eq(...).order(...).range(...).mockResolvedValue is not a function
2025-10-12T19:58:00.9292951Z 
2025-10-12T19:58:00.9293239Z     [0m [90m 430 |[39m       ][33m;[39m
2025-10-12T19:58:00.9293708Z      [90m 431 |[39m
2025-10-12T19:58:00.9294856Z     [31m[1m>[22m[39m[90m 432 |[39m       mockSupabase[33m.[39m[36mfrom[39m()[33m.[39mselect()[33m.[39meq()[33m.[39morder()[33m.[39mrange()[33m.[39mmockResolvedValue({
2025-10-12T19:58:00.9296120Z      [90m     |[39m                                                         [31m[1m^[22m[39m
2025-10-12T19:58:00.9297097Z      [90m 433 |[39m         data[33m:[39m mockSessions[33m,[39m
2025-10-12T19:58:00.9297796Z      [90m 434 |[39m         error[33m:[39m [36mnull[39m[33m,[39m
2025-10-12T19:58:00.9298527Z      [90m 435 |[39m         count[33m:[39m [35m2[39m[33m,[39m[0m
2025-10-12T19:58:00.9298905Z 
2025-10-12T19:58:00.9299380Z       at Object.mockResolvedValue (tests/__tests__/try-on-session.integration.test.ts:432:57)
2025-10-12T19:58:00.9305602Z 
2025-10-12T19:58:00.9306264Z   ● Try-On Session API Integration › GET /api/try-on/sessions › should filter sessions by status
2025-10-12T19:58:00.9307197Z 
2025-10-12T19:58:00.9307722Z     TypeError: mockSupabase.from(...).select(...).eq(...).eq(...).order(...).range(...).mockResolvedValue is not a function
2025-10-12T19:58:00.9308397Z 
2025-10-12T19:58:00.9308699Z     [0m [90m 463 |[39m       ][33m;[39m
2025-10-12T19:58:00.9309215Z      [90m 464 |[39m
2025-10-12T19:58:00.9310438Z     [31m[1m>[22m[39m[90m 465 |[39m       mockSupabase[33m.[39m[36mfrom[39m()[33m.[39mselect()[33m.[39meq()[33m.[39meq()[33m.[39morder()[33m.[39mrange()[33m.[39mmockResolvedValue({
2025-10-12T19:58:00.9311708Z      [90m     |[39m                                                              [31m[1m^[22m[39m
2025-10-12T19:58:00.9312450Z      [90m 466 |[39m         data[33m:[39m mockSessions[33m,[39m
2025-10-12T19:58:00.9313182Z      [90m 467 |[39m         error[33m:[39m [36mnull[39m[33m,[39m
2025-10-12T19:58:00.9313909Z      [90m 468 |[39m         count[33m:[39m [35m1[39m[33m,[39m[0m
2025-10-12T19:58:00.9314289Z 
2025-10-12T19:58:00.9314748Z       at Object.mockResolvedValue (tests/__tests__/try-on-session.integration.test.ts:465:62)
2025-10-12T19:58:00.9315358Z 
2025-10-12T19:58:00.9315933Z   ● Try-On Session API Integration › GET /api/try-on/sessions › should handle pagination
2025-10-12T19:58:00.9316523Z 
2025-10-12T19:58:00.9317494Z     TypeError: mockSupabase.from(...).select(...).eq(...).order(...).range(...).mockResolvedValue is not a function
2025-10-12T19:58:00.9318171Z 
2025-10-12T19:58:00.9318477Z     [0m [90m 486 |[39m       })[33m;[39m
2025-10-12T19:58:00.9319061Z      [90m 487 |[39m
2025-10-12T19:58:00.9320208Z     [31m[1m>[22m[39m[90m 488 |[39m       mockSupabase[33m.[39m[36mfrom[39m()[33m.[39mselect()[33m.[39meq()[33m.[39morder()[33m.[39mrange()[33m.[39mmockResolvedValue({
2025-10-12T19:58:00.9321453Z      [90m     |[39m                                                         [31m[1m^[22m[39m
2025-10-12T19:58:00.9322137Z      [90m 489 |[39m         data[33m:[39m [][33m,[39m
2025-10-12T19:58:00.9322811Z      [90m 490 |[39m         error[33m:[39m [36mnull[39m[33m,[39m
2025-10-12T19:58:00.9323548Z      [90m 491 |[39m         count[33m:[39m [35m0[39m[33m,[39m[0m
2025-10-12T19:58:00.9323931Z 
2025-10-12T19:58:00.9324645Z       at Object.mockResolvedValue (tests/__tests__/try-on-session.integration.test.ts:488:57)
2025-10-12T19:58:00.9325271Z 
2025-10-12T19:58:00.9325871Z   ● Try-On Session API Integration › GET /api/try-on/sessions › should enforce maximum limit
2025-10-12T19:58:00.9326445Z 
2025-10-12T19:58:00.9331291Z     TypeError: Cannot read properties of undefined (reading 'get')
2025-10-12T19:58:00.9331842Z 
2025-10-12T19:58:00.9332153Z     [0m [90m 510 |[39m       })[33m;[39m
2025-10-12T19:58:00.9332654Z      [90m 511 |[39m
2025-10-12T19:58:00.9333421Z     [31m[1m>[22m[39m[90m 512 |[39m       [36mconst[39m request [33m=[39m [36mnew[39m [33mNextRequest[39m(
2025-10-12T19:58:00.9334265Z      [90m     |[39m                       [31m[1m^[22m[39m
2025-10-12T19:58:00.9335072Z      [90m 513 |[39m         [32m'http://localhost:3000/api/try-on/sessions?limit=150'[39m
2025-10-12T19:58:00.9335799Z      [90m 514 |[39m       )[33m;[39m
2025-10-12T19:58:00.9336909Z      [90m 515 |[39m       [36mconst[39m response [33m=[39m [36mawait[39m [33mGET[39m(request)[33m;[39m[0m
2025-10-12T19:58:00.9337527Z 
2025-10-12T19:58:00.9338001Z       at new RequestCookies (node_modules/next/dist/compiled/@edge-runtime/cookies/index.js:179:35)
2025-10-12T19:58:00.9339028Z       at new NextRequest (node_modules/next/src/server/web/spec-extension/request.ts:46:16)
2025-10-12T19:58:00.9339986Z       at Object.<anonymous> (tests/__tests__/try-on-session.integration.test.ts:512:23)
2025-10-12T19:58:00.9340535Z 
2025-10-12T19:58:00.9341214Z   ● Try-On Session API Integration › GET /api/try-on/sessions › should reject unauthenticated requests
2025-10-12T19:58:00.9341846Z 
2025-10-12T19:58:00.9342149Z     TypeError: Cannot read properties of undefined (reading 'get')
2025-10-12T19:58:00.9342610Z 
2025-10-12T19:58:00.9342895Z     [0m [90m 527 |[39m       })[33m;[39m
2025-10-12T19:58:00.9343409Z      [90m 528 |[39m
2025-10-12T19:58:00.9344194Z     [31m[1m>[22m[39m[90m 529 |[39m       [36mconst[39m request [33m=[39m [36mnew[39m [33mNextRequest[39m(
2025-10-12T19:58:00.9345102Z      [90m     |[39m                       [31m[1m^[22m[39m
2025-10-12T19:58:00.9345858Z      [90m 530 |[39m         [32m'http://localhost:3000/api/try-on/sessions'[39m
2025-10-12T19:58:00.9346547Z      [90m 531 |[39m       )[33m;[39m
2025-10-12T19:58:00.9347783Z      [90m 532 |[39m       [36mconst[39m response [33m=[39m [36mawait[39m [33mGET[39m(request)[33m;[39m[0m
2025-10-12T19:58:00.9348371Z 
2025-10-12T19:58:00.9348839Z       at new RequestCookies (node_modules/next/dist/compiled/@edge-runtime/cookies/index.js:179:35)
2025-10-12T19:58:00.9349863Z       at new NextRequest (node_modules/next/src/server/web/spec-extension/request.ts:46:16)
2025-10-12T19:58:00.9350812Z       at Object.<anonymous> (tests/__tests__/try-on-session.integration.test.ts:529:23)
2025-10-12T19:58:00.9351367Z 
2025-10-12T19:58:00.9351971Z   ● Try-On Session API Integration › GET /api/try-on/sessions › should handle database errors
2025-10-12T19:58:00.9352557Z 
2025-10-12T19:58:00.9353305Z     TypeError: mockSupabase.from(...).select(...).eq(...).order(...).range(...).mockResolvedValue is not a function
2025-10-12T19:58:00.9353997Z 
2025-10-12T19:58:00.9354316Z     [0m [90m 550 |[39m         [33m.[39morder()
2025-10-12T19:58:00.9354911Z      [90m 551 |[39m         [33m.[39mrange()
2025-10-12T19:58:00.9355595Z     [31m[1m>[22m[39m[90m 552 |[39m         [33m.[39mmockResolvedValue({
2025-10-12T19:58:00.9356288Z      [90m     |[39m          [31m[1m^[22m[39m
2025-10-12T19:58:00.9357128Z      [90m 553 |[39m           data[33m:[39m [36mnull[39m[33m,[39m
2025-10-12T19:58:00.9357975Z      [90m 554 |[39m           error[33m:[39m { message[33m:[39m [32m'Database error'[39m }[33m,[39m
2025-10-12T19:58:00.9358851Z      [90m 555 |[39m           count[33m:[39m [36mnull[39m[33m,[39m[0m
2025-10-12T19:58:00.9359235Z 
2025-10-12T19:58:00.9359687Z       at Object.mockResolvedValue (tests/__tests__/try-on-session.integration.test.ts:552:10)
2025-10-12T19:58:00.9360563Z 
2025-10-12T19:58:00.9361122Z   ● Try-On Session API Integration › Error Handling › should handle malformed JSON
2025-10-12T19:58:00.9361652Z 
2025-10-12T19:58:00.9361959Z     TypeError: Cannot read properties of undefined (reading 'get')
2025-10-12T19:58:00.9362412Z 
2025-10-12T19:58:00.9362689Z     [0m [90m 575 |[39m       })[33m;[39m
2025-10-12T19:58:00.9363200Z      [90m 576 |[39m
2025-10-12T19:58:00.9363967Z     [31m[1m>[22m[39m[90m 577 |[39m       [36mconst[39m request [33m=[39m [36mnew[39m [33mNextRequest[39m(
2025-10-12T19:58:00.9364881Z      [90m     |[39m                       [31m[1m^[22m[39m
2025-10-12T19:58:00.9365708Z      [90m 578 |[39m         [32m'http://localhost:3000/api/try-on/sessions'[39m[33m,[39m
2025-10-12T19:58:00.9366438Z      [90m 579 |[39m         {
2025-10-12T19:58:00.9367290Z      [90m 580 |[39m           method[33m:[39m [32m'POST'[39m[33m,[39m[0m
2025-10-12T19:58:00.9367735Z 
2025-10-12T19:58:00.9368216Z       at new RequestCookies (node_modules/next/dist/compiled/@edge-runtime/cookies/index.js:179:35)
2025-10-12T19:58:00.9369233Z       at new NextRequest (node_modules/next/src/server/web/spec-extension/request.ts:46:16)
2025-10-12T19:58:00.9370205Z       at Object.<anonymous> (tests/__tests__/try-on-session.integration.test.ts:577:23)
2025-10-12T19:58:00.9370745Z 
2025-10-12T19:58:00.9371317Z   ● Try-On Session API Integration › Error Handling › should handle missing request body
2025-10-12T19:58:00.9371880Z 
2025-10-12T19:58:00.9372185Z     TypeError: Cannot read properties of undefined (reading 'get')
2025-10-12T19:58:00.9372636Z 
2025-10-12T19:58:00.9372921Z     [0m [90m 599 |[39m       })[33m;[39m
2025-10-12T19:58:00.9373404Z      [90m 600 |[39m
2025-10-12T19:58:00.9374326Z     [31m[1m>[22m[39m[90m 601 |[39m       [36mconst[39m request [33m=[39m [36mnew[39m [33mNextRequest[39m(
2025-10-12T19:58:00.9375233Z      [90m     |[39m                       [31m[1m^[22m[39m
2025-10-12T19:58:00.9376099Z      [90m 602 |[39m         [32m'http://localhost:3000/api/try-on/sessions'[39m[33m,[39m
2025-10-12T19:58:00.9377047Z      [90m 603 |[39m         {
2025-10-12T19:58:00.9377680Z      [90m 604 |[39m           method[33m:[39m [32m'POST'[39m[33m,[39m[0m
2025-10-12T19:58:00.9378095Z 
2025-10-12T19:58:00.9378564Z       at new RequestCookies (node_modules/next/dist/compiled/@edge-runtime/cookies/index.js:179:35)
2025-10-12T19:58:00.9379601Z       at new NextRequest (node_modules/next/src/server/web/spec-extension/request.ts:46:16)
2025-10-12T19:58:00.9380533Z       at Object.<anonymous> (tests/__tests__/try-on-session.integration.test.ts:601:23)
2025-10-12T19:58:00.9381103Z 
2025-10-12T19:58:01.0164617Z FAIL tests/__tests__/closet-view.integration.test.ts
2025-10-12T19:58:01.0166470Z   ● Test suite failed to run
2025-10-12T19:58:01.0167035Z 
2025-10-12T19:58:01.0167291Z       [31mx[0m Expression expected
2025-10-12T19:58:01.0168662Z         ,-[[36;1;4m/home/runner/work/my_closet/my_closet/tests/__tests__/closet-view.integration.test.ts[0m:88:1]
2025-10-12T19:58:01.0169516Z      [2m85[0m | 
2025-10-12T19:58:01.0170024Z      [2m86[0m |   describe('Data Loading Integration', () => {
2025-10-12T19:58:01.0170819Z      [2m87[0m |     it('loads clothing items on component mount', async () => {
2025-10-12T19:58:01.0171503Z      [2m88[0m |       render(<ClosetView />);
2025-10-12T19:58:01.0172027Z         : [35;1m                         ^[0m
2025-10-12T19:58:01.0172476Z      [2m89[0m |       
2025-10-12T19:58:01.0172929Z      [2m90[0m |       await waitFor(() => {
2025-10-12T19:58:01.0173607Z      [2m91[0m |         expect(fetch).toHaveBeenCalledWith('/api/clothing-items', {
2025-10-12T19:58:01.0174285Z         `----
2025-10-12T19:58:01.0174676Z       [31mx[0m Expression expected
2025-10-12T19:58:01.0175566Z         ,-[[36;1;4m/home/runner/work/my_closet/my_closet/tests/__tests__/closet-view.integration.test.ts[0m:88:1]
2025-10-12T19:58:01.0176886Z      [2m85[0m | 
2025-10-12T19:58:01.0177407Z      [2m86[0m |   describe('Data Loading Integration', () => {
2025-10-12T19:58:01.0178164Z      [2m87[0m |     it('loads clothing items on component mount', async () => {
2025-10-12T19:58:01.0178819Z      [2m88[0m |       render(<ClosetView />);
2025-10-12T19:58:01.0179319Z         : [35;1m                          ^[0m
2025-10-12T19:58:01.0179780Z      [2m89[0m |       
2025-10-12T19:58:01.0180208Z      [2m90[0m |       await waitFor(() => {
2025-10-12T19:58:01.0180919Z      [2m91[0m |         expect(fetch).toHaveBeenCalledWith('/api/clothing-items', {
2025-10-12T19:58:01.0181487Z         `----
2025-10-12T19:58:01.0181859Z       [31mx[0m Expression expected
2025-10-12T19:58:01.0182716Z         ,-[[36;1;4m/home/runner/work/my_closet/my_closet/tests/__tests__/closet-view.integration.test.ts[0m:88:1]
2025-10-12T19:58:01.0183469Z      [2m85[0m | 
2025-10-12T19:58:01.0183957Z      [2m86[0m |   describe('Data Loading Integration', () => {
2025-10-12T19:58:01.0184721Z      [2m87[0m |     it('loads clothing items on component mount', async () => {
2025-10-12T19:58:01.0185431Z      [2m88[0m |       render(<ClosetView />);
2025-10-12T19:58:01.0185994Z         : [35;1m                           ^[0m
2025-10-12T19:58:01.0186522Z      [2m89[0m |       
2025-10-12T19:58:01.0187238Z      [2m90[0m |       await waitFor(() => {
2025-10-12T19:58:01.0187965Z      [2m91[0m |         expect(fetch).toHaveBeenCalledWith('/api/clothing-items', {
2025-10-12T19:58:01.0188526Z         `----
2025-10-12T19:58:01.0188701Z 
2025-10-12T19:58:01.0188708Z 
2025-10-12T19:58:01.0188821Z     Caused by:
2025-10-12T19:58:01.0189114Z         Syntax Error
2025-10-12T19:58:01.0189311Z 
2025-10-12T19:58:01.0189636Z       at Object.transformSync (node_modules/next/src/build/swc/index.ts:1396:25)
2025-10-12T19:58:01.0190405Z       at transformSync (node_modules/next/src/build/swc/index.ts:1516:19)
2025-10-12T19:58:01.0191190Z       at Object.process (node_modules/next/src/build/swc/jest-transformer.ts:105:25)
2025-10-12T19:58:01.0192245Z       at ScriptTransformer.transformSource (node_modules/@jest/transform/build/ScriptTransformer.js:545:31)
2025-10-12T19:58:01.0193484Z       at ScriptTransformer._transformAndBuildScript (node_modules/@jest/transform/build/ScriptTransformer.js:674:40)
2025-10-12T19:58:01.0194673Z       at ScriptTransformer.transform (node_modules/@jest/transform/build/ScriptTransformer.js:726:19)
2025-10-12T19:58:01.0195376Z 
2025-10-12T19:58:01.2527771Z FAIL tests/__tests__/clothing-upload.test.ts
2025-10-12T19:58:01.2529874Z   ● Test suite failed to run
2025-10-12T19:58:01.2530205Z 
2025-10-12T19:58:01.2530442Z       [31mx[0m Expression expected
2025-10-12T19:58:01.2531337Z         ,-[[36;1;4m/home/runner/work/my_closet/my_closet/tests/__tests__/clothing-upload.test.ts[0m:42:1]
2025-10-12T19:58:01.2532107Z      [2m39[0m | 
2025-10-12T19:58:01.2532668Z      [2m40[0m |   describe('Form Rendering', () => {
2025-10-12T19:58:01.2533403Z      [2m41[0m |     it('renders all form fields correctly', () => {
2025-10-12T19:58:01.2534448Z      [2m42[0m |       render(<ClothingUploadForm />);
2025-10-12T19:58:01.2535251Z         : [35;1m                                 ^[0m
2025-10-12T19:58:01.2535751Z      [2m43[0m |       
2025-10-12T19:58:01.2536423Z      [2m44[0m |       expect(screen.getByLabelText(/item name/i)).toBeInTheDocument();
2025-10-12T19:58:01.2537583Z      [2m45[0m |       expect(screen.getByLabelText(/category/i)).toBeInTheDocument();
2025-10-12T19:58:01.2538150Z         `----
2025-10-12T19:58:01.2538567Z       [31mx[0m Expression expected
2025-10-12T19:58:01.2539437Z         ,-[[36;1;4m/home/runner/work/my_closet/my_closet/tests/__tests__/clothing-upload.test.ts[0m:42:1]
2025-10-12T19:58:01.2540185Z      [2m39[0m | 
2025-10-12T19:58:01.2540632Z      [2m40[0m |   describe('Form Rendering', () => {
2025-10-12T19:58:01.2541267Z      [2m41[0m |     it('renders all form fields correctly', () => {
2025-10-12T19:58:01.2542151Z      [2m42[0m |       render(<ClothingUploadForm />);
2025-10-12T19:58:01.2542711Z         : [35;1m                                  ^[0m
2025-10-12T19:58:01.2543175Z      [2m43[0m |       
2025-10-12T19:58:01.2543794Z      [2m44[0m |       expect(screen.getByLabelText(/item name/i)).toBeInTheDocument();
2025-10-12T19:58:01.2544708Z      [2m45[0m |       expect(screen.getByLabelText(/category/i)).toBeInTheDocument();
2025-10-12T19:58:01.2545309Z         `----
2025-10-12T19:58:01.2545705Z       [31mx[0m Expression expected
2025-10-12T19:58:01.2547167Z         ,-[[36;1;4m/home/runner/work/my_closet/my_closet/tests/__tests__/clothing-upload.test.ts[0m:42:1]
2025-10-12T19:58:01.2548034Z      [2m39[0m | 
2025-10-12T19:58:01.2548958Z      [2m40[0m |   describe('Form Rendering', () => {
2025-10-12T19:58:01.2549698Z      [2m41[0m |     it('renders all form fields correctly', () => {
2025-10-12T19:58:01.2552382Z      [2m42[0m |       render(<ClothingUploadForm />);
2025-10-12T19:58:01.2554750Z         : [35;1m                                   ^[0m
2025-10-12T19:58:01.2555317Z      [2m43[0m |       
2025-10-12T19:58:01.2556437Z      [2m44[0m |       expect(screen.getByLabelText(/item name/i)).toBeInTheDocument();
2025-10-12T19:58:01.2558399Z      [2m45[0m |       expect(screen.getByLabelText(/category/i)).toBeInTheDocument();
2025-10-12T19:58:01.2559360Z         `----
2025-10-12T19:58:01.2559541Z 
2025-10-12T19:58:01.2559549Z 
2025-10-12T19:58:01.2559665Z     Caused by:
2025-10-12T19:58:01.2560335Z         Syntax Error
2025-10-12T19:58:01.2560547Z 
2025-10-12T19:58:01.2561284Z       at Object.transformSync (node_modules/next/src/build/swc/index.ts:1396:25)
2025-10-12T19:58:01.2562081Z       at transformSync (node_modules/next/src/build/swc/index.ts:1516:19)
2025-10-12T19:58:01.2562882Z       at Object.process (node_modules/next/src/build/swc/jest-transformer.ts:105:25)
2025-10-12T19:58:01.2563921Z       at ScriptTransformer.transformSource (node_modules/@jest/transform/build/ScriptTransformer.js:545:31)
2025-10-12T19:58:01.2565186Z       at ScriptTransformer._transformAndBuildScript (node_modules/@jest/transform/build/ScriptTransformer.js:674:40)
2025-10-12T19:58:01.2566372Z       at ScriptTransformer.transform (node_modules/@jest/transform/build/ScriptTransformer.js:726:19)
2025-10-12T19:58:01.2567256Z 
2025-10-12T19:58:01.3747773Z PASS tests/__tests__/clothing-selection.test.ts
2025-10-12T19:58:01.3761300Z 
2025-10-12T19:58:01.3775300Z Test Suites: 4 failed, 1 skipped, 1 passed, 5 of 6 total
2025-10-12T19:58:01.3777836Z Tests:       16 failed, 1 skipped, 30 passed, 47 total
2025-10-12T19:58:01.3779800Z Snapshots:   0 total
2025-10-12T19:58:01.3787807Z Time:        1.505 s
2025-10-12T19:58:01.3788160Z Ran all test suites.
2025-10-12T19:58:01.4990763Z error: script "test" exited with code 1
2025-10-12T19:58:01.5009991Z ##[error]Process completed with exit code 1.
2025-10-12T19:58:01.5091894Z Post job cleanup.
2025-10-12T19:58:01.6030622Z [command]/usr/bin/git version
2025-10-12T19:58:01.6069562Z git version 2.51.0
2025-10-12T19:58:01.6115004Z Temporarily overriding HOME='/home/runner/work/_temp/c659b678-92e4-459e-bc86-b8c723d36c66' before making global git config changes
2025-10-12T19:58:01.6118565Z Adding repository directory to the temporary git global config as a safe directory
2025-10-12T19:58:01.6122343Z [command]/usr/bin/git config --global --add safe.directory /home/runner/work/my_closet/my_closet
2025-10-12T19:58:01.6166524Z [command]/usr/bin/git config --local --name-only --get-regexp core\.sshCommand
2025-10-12T19:58:01.6201665Z [command]/usr/bin/git submodule foreach --recursive sh -c "git config --local --name-only --get-regexp 'core\.sshCommand' && git config --local --unset-all 'core.sshCommand' || :"
2025-10-12T19:58:01.6448863Z [command]/usr/bin/git config --local --name-only --get-regexp http\.https\:\/\/github\.com\/\.extraheader
2025-10-12T19:58:01.6472090Z http.https://github.com/.extraheader
2025-10-12T19:58:01.6488160Z [command]/usr/bin/git config --local --unset-all http.https://github.com/.extraheader
2025-10-12T19:58:01.6521962Z [command]/usr/bin/git submodule foreach --recursive sh -c "git config --local --name-only --get-regexp 'http\.https\:\/\/github\.com\/\.extraheader' && git config --local --unset-all 'http.https://github.com/.extraheader' || :"
2025-10-12T19:58:01.6859609Z Cleaning up orphan processes
