2025-10-12T20:12:48.0505724Z Current runner version: '2.328.0'
2025-10-12T20:12:48.0540204Z ##[group]Runner Image Provisioner
2025-10-12T20:12:48.0541772Z Hosted Compute Agent
2025-10-12T20:12:48.0542869Z Version: 20250912.392
2025-10-12T20:12:48.0543838Z Commit: d921fda672a98b64f4f82364647e2f10b2267d0b
2025-10-12T20:12:48.0545022Z Build Date: 2025-09-12T15:23:14Z
2025-10-12T20:12:48.0546032Z ##[endgroup]
2025-10-12T20:12:48.0546973Z ##[group]Operating System
2025-10-12T20:12:48.0548017Z Ubuntu
2025-10-12T20:12:48.0548905Z 24.04.3
2025-10-12T20:12:48.0549736Z LTS
2025-10-12T20:12:48.0550769Z ##[endgroup]
2025-10-12T20:12:48.0551723Z ##[group]Runner Image
2025-10-12T20:12:48.0552674Z Image: ubuntu-24.04
2025-10-12T20:12:48.0553562Z Version: 20250929.60.1
2025-10-12T20:12:48.0555342Z Included Software: https://github.com/actions/runner-images/blob/ubuntu24/20250929.60/images/ubuntu/Ubuntu2404-Readme.md
2025-10-12T20:12:48.0558363Z Image Release: https://github.com/actions/runner-images/releases/tag/ubuntu24%2F20250929.60
2025-10-12T20:12:48.0560170Z ##[endgroup]
2025-10-12T20:12:48.0562377Z ##[group]GITHUB_TOKEN Permissions
2025-10-12T20:12:48.0565063Z Contents: read
2025-10-12T20:12:48.0566048Z Metadata: read
2025-10-12T20:12:48.0566916Z Packages: read
2025-10-12T20:12:48.0567732Z ##[endgroup]
2025-10-12T20:12:48.0571264Z Secret source: Actions
2025-10-12T20:12:48.0572429Z Prepare workflow directory
2025-10-12T20:12:48.1257658Z Prepare all required actions
2025-10-12T20:12:48.1316346Z Getting action download info
2025-10-12T20:12:48.6800205Z Download action repository 'actions/checkout@v4' (SHA:08eba0b27e820071cde6df949e0beb9ba4906955)
2025-10-12T20:12:48.8466123Z Download action repository 'oven-sh/setup-bun@v1' (SHA:f4d14e03ff726c06358e5557344e1da148b56cf7)
2025-10-12T20:12:49.5592929Z Download action repository 'actions/setup-python@v4' (SHA:7f4fc3e22c37d6ff65e88745f38bd3157c663f7c)
2025-10-12T20:12:49.7664251Z Complete job name: test
2025-10-12T20:12:49.8342981Z ##[group]Run actions/checkout@v4
2025-10-12T20:12:49.8343837Z with:
2025-10-12T20:12:49.8344260Z   repository: harshil753/my_closet
2025-10-12T20:12:49.8344932Z   token: ***
2025-10-12T20:12:49.8345300Z   ssh-strict: true
2025-10-12T20:12:49.8345683Z   ssh-user: git
2025-10-12T20:12:49.8346069Z   persist-credentials: true
2025-10-12T20:12:49.8346509Z   clean: true
2025-10-12T20:12:49.8346920Z   sparse-checkout-cone-mode: true
2025-10-12T20:12:49.8347399Z   fetch-depth: 1
2025-10-12T20:12:49.8347790Z   fetch-tags: false
2025-10-12T20:12:49.8348197Z   show-progress: true
2025-10-12T20:12:49.8348593Z   lfs: false
2025-10-12T20:12:49.8348967Z   submodules: false
2025-10-12T20:12:49.8349378Z   set-safe-directory: true
2025-10-12T20:12:49.8350035Z ##[endgroup]
2025-10-12T20:12:49.9493615Z Syncing repository: harshil753/my_closet
2025-10-12T20:12:49.9497431Z ##[group]Getting Git version info
2025-10-12T20:12:49.9498627Z Working directory is '/home/runner/work/my_closet/my_closet'
2025-10-12T20:12:49.9500644Z [command]/usr/bin/git version
2025-10-12T20:12:49.9571686Z git version 2.51.0
2025-10-12T20:12:49.9604020Z ##[endgroup]
2025-10-12T20:12:49.9622611Z Temporarily overriding HOME='/home/runner/work/_temp/e3654101-8940-47b0-b069-27a787803381' before making global git config changes
2025-10-12T20:12:49.9625095Z Adding repository directory to the temporary git global config as a safe directory
2025-10-12T20:12:49.9635832Z [command]/usr/bin/git config --global --add safe.directory /home/runner/work/my_closet/my_closet
2025-10-12T20:12:49.9677062Z Deleting the contents of '/home/runner/work/my_closet/my_closet'
2025-10-12T20:12:49.9682286Z ##[group]Initializing the repository
2025-10-12T20:12:49.9687415Z [command]/usr/bin/git init /home/runner/work/my_closet/my_closet
2025-10-12T20:12:49.9822209Z hint: Using 'master' as the name for the initial branch. This default branch name
2025-10-12T20:12:49.9825396Z hint: is subject to change. To configure the initial branch name to use in all
2025-10-12T20:12:49.9827747Z hint: of your new repositories, which will suppress this warning, call:
2025-10-12T20:12:49.9829191Z hint:
2025-10-12T20:12:49.9830039Z hint: 	git config --global init.defaultBranch <name>
2025-10-12T20:12:49.9831545Z hint:
2025-10-12T20:12:49.9832556Z hint: Names commonly chosen instead of 'master' are 'main', 'trunk' and
2025-10-12T20:12:49.9834335Z hint: 'development'. The just-created branch can be renamed via this command:
2025-10-12T20:12:49.9835626Z hint:
2025-10-12T20:12:49.9836279Z hint: 	git branch -m <name>
2025-10-12T20:12:49.9837011Z hint:
2025-10-12T20:12:49.9837990Z hint: Disable this message with "git config set advice.defaultBranchName false"
2025-10-12T20:12:49.9840979Z Initialized empty Git repository in /home/runner/work/my_closet/my_closet/.git/
2025-10-12T20:12:49.9844472Z [command]/usr/bin/git remote add origin https://github.com/harshil753/my_closet
2025-10-12T20:12:49.9886288Z ##[endgroup]
2025-10-12T20:12:49.9889570Z ##[group]Disabling automatic garbage collection
2025-10-12T20:12:49.9891069Z [command]/usr/bin/git config --local gc.auto 0
2025-10-12T20:12:49.9923719Z ##[endgroup]
2025-10-12T20:12:49.9924972Z ##[group]Setting up auth
2025-10-12T20:12:49.9930256Z [command]/usr/bin/git config --local --name-only --get-regexp core\.sshCommand
2025-10-12T20:12:49.9964121Z [command]/usr/bin/git submodule foreach --recursive sh -c "git config --local --name-only --get-regexp 'core\.sshCommand' && git config --local --unset-all 'core.sshCommand' || :"
2025-10-12T20:12:50.0491028Z [command]/usr/bin/git config --local --name-only --get-regexp http\.https\:\/\/github\.com\/\.extraheader
2025-10-12T20:12:50.0495170Z [command]/usr/bin/git submodule foreach --recursive sh -c "git config --local --name-only --get-regexp 'http\.https\:\/\/github\.com\/\.extraheader' && git config --local --unset-all 'http.https://github.com/.extraheader' || :"
2025-10-12T20:12:50.0672690Z [command]/usr/bin/git config --local http.https://github.com/.extraheader AUTHORIZATION: basic ***
2025-10-12T20:12:50.0712995Z ##[endgroup]
2025-10-12T20:12:50.0715738Z ##[group]Fetching the repository
2025-10-12T20:12:50.0734640Z [command]/usr/bin/git -c protocol.version=2 fetch --no-tags --prune --no-recurse-submodules --depth=1 origin +68502338c1fef4f101d8de2872b7d840292bd3d5:refs/remotes/origin/main
2025-10-12T20:12:51.1278608Z From https://github.com/harshil753/my_closet
2025-10-12T20:12:51.1281025Z  * [new ref]         68502338c1fef4f101d8de2872b7d840292bd3d5 -> origin/main
2025-10-12T20:12:51.1315970Z ##[endgroup]
2025-10-12T20:12:51.1318416Z ##[group]Determining the checkout info
2025-10-12T20:12:51.1321249Z ##[endgroup]
2025-10-12T20:12:51.1325666Z [command]/usr/bin/git sparse-checkout disable
2025-10-12T20:12:51.1371529Z [command]/usr/bin/git config --local --unset-all extensions.worktreeConfig
2025-10-12T20:12:51.1403948Z ##[group]Checking out the ref
2025-10-12T20:12:51.1407867Z [command]/usr/bin/git checkout --progress --force -B main refs/remotes/origin/main
2025-10-12T20:12:51.1962118Z Switched to a new branch 'main'
2025-10-12T20:12:51.1968216Z branch 'main' set up to track 'origin/main'.
2025-10-12T20:12:51.1978255Z ##[endgroup]
2025-10-12T20:12:51.2026948Z [command]/usr/bin/git log -1 --format=%H
2025-10-12T20:12:51.2054552Z 68502338c1fef4f101d8de2872b7d840292bd3d5
2025-10-12T20:12:51.2323156Z ##[group]Run oven-sh/setup-bun@v1
2025-10-12T20:12:51.2324291Z with:
2025-10-12T20:12:51.2325060Z   bun-version: latest
2025-10-12T20:12:51.2325945Z   no-cache: false
2025-10-12T20:12:51.2326785Z ##[endgroup]
2025-10-12T20:12:51.3523271Z Downloading a new version of Bun: https://bun.sh/download/latest/linux/x64?avx2=true&profile=false
2025-10-12T20:12:52.2294854Z [command]/usr/bin/unzip -o -q /home/runner/work/_temp/81707cac-4d44-46a4-bfb8-489cdbfa757c
2025-10-12T20:12:53.0302657Z [command]/home/runner/.bun/bin/bun --revision
2025-10-12T20:12:53.0353480Z 1.3.0+b0a6feca5
2025-10-12T20:12:53.0533228Z ##[group]Run actions/setup-python@v4
2025-10-12T20:12:53.0533610Z with:
2025-10-12T20:12:53.0533799Z   python-version: 3.11
2025-10-12T20:12:53.0534008Z   check-latest: false
2025-10-12T20:12:53.0534368Z   token: ***
2025-10-12T20:12:53.0534809Z   update-environment: true
2025-10-12T20:12:53.0535064Z   allow-prereleases: false
2025-10-12T20:12:53.0535314Z ##[endgroup]
2025-10-12T20:12:53.2251262Z ##[group]Installed versions
2025-10-12T20:12:53.2379456Z Successfully set up CPython (3.11.13)
2025-10-12T20:12:53.2381172Z ##[endgroup]
2025-10-12T20:12:53.2495663Z ##[group]Run bun install --frozen-lockfile
2025-10-12T20:12:53.2496035Z [36;1mbun install --frozen-lockfile[0m
2025-10-12T20:12:53.2496336Z [36;1mpip install -r requirements.txt[0m
2025-10-12T20:12:53.2673343Z shell: /usr/bin/bash -e {0}
2025-10-12T20:12:53.2673609Z env:
2025-10-12T20:12:53.2673876Z   pythonLocation: /opt/hostedtoolcache/Python/3.11.13/x64
2025-10-12T20:12:53.2674334Z   PKG_CONFIG_PATH: /opt/hostedtoolcache/Python/3.11.13/x64/lib/pkgconfig
2025-10-12T20:12:53.2674768Z   Python_ROOT_DIR: /opt/hostedtoolcache/Python/3.11.13/x64
2025-10-12T20:12:53.2675159Z   Python2_ROOT_DIR: /opt/hostedtoolcache/Python/3.11.13/x64
2025-10-12T20:12:53.2675552Z   Python3_ROOT_DIR: /opt/hostedtoolcache/Python/3.11.13/x64
2025-10-12T20:12:53.2675954Z   LD_LIBRARY_PATH: /opt/hostedtoolcache/Python/3.11.13/x64/lib
2025-10-12T20:12:53.2676283Z ##[endgroup]
2025-10-12T20:12:53.2822580Z bun install v1.3.0 (b0a6feca)
2025-10-12T20:12:59.0353217Z 
2025-10-12T20:12:59.0361321Z + @eslint/eslintrc@3.3.1
2025-10-12T20:12:59.0361986Z + @playwright/test@1.56.0
2025-10-12T20:12:59.0362441Z + @tailwindcss/postcss@4.1.14
2025-10-12T20:12:59.0362927Z + @testing-library/jest-dom@6.9.1
2025-10-12T20:12:59.0363397Z + @testing-library/react@16.3.0
2025-10-12T20:12:59.0363856Z + @types/aria-query@5.0.4
2025-10-12T20:12:59.0365109Z + @types/estree@1.0.8
2025-10-12T20:12:59.0365462Z + @types/json-schema@7.0.15
2025-10-12T20:12:59.0365822Z + @types/node@22.18.10
2025-10-12T20:12:59.0366146Z + @types/phoenix@1.6.6
2025-10-12T20:12:59.0366474Z + @types/react@19.2.2
2025-10-12T20:12:59.0366806Z + @types/react-dom@19.2.1
2025-10-12T20:12:59.0367209Z + @typescript-eslint/eslint-plugin@8.46.0
2025-10-12T20:12:59.0367675Z + @typescript-eslint/parser@8.46.0
2025-10-12T20:12:59.0368041Z + eslint@9.37.0
2025-10-12T20:12:59.0368343Z + eslint-config-next@15.5.4
2025-10-12T20:12:59.0368669Z + find-up@8.0.0
2025-10-12T20:12:59.0368930Z + glob@11.0.3
2025-10-12T20:12:59.0369220Z + ignore@7.0.5
2025-10-12T20:12:59.0369512Z + jest@29.7.0
2025-10-12T20:12:59.0369831Z + jest-environment-jsdom@29.7.0
2025-10-12T20:12:59.0370213Z + prettier@3.6.2
2025-10-12T20:12:59.0370737Z + prettier-plugin-tailwindcss@0.6.14
2025-10-12T20:12:59.0371172Z + resolve-from@5.0.0
2025-10-12T20:12:59.0371491Z + tailwindcss@4.1.14
2025-10-12T20:12:59.0371809Z + typescript@5.9.3
2025-10-12T20:12:59.0372118Z + @google/genai@1.24.0
2025-10-12T20:12:59.0372498Z + @google/generative-ai@0.24.1
2025-10-12T20:12:59.0372874Z + @radix-ui/react-label@2.1.7
2025-10-12T20:12:59.0373266Z + @radix-ui/react-separator@1.1.7
2025-10-12T20:12:59.0373672Z + @radix-ui/react-switch@1.2.6
2025-10-12T20:12:59.0374035Z + @supabase/ssr@0.7.0
2025-10-12T20:12:59.0374381Z + @supabase/supabase-js@2.75.0
2025-10-12T20:12:59.0374781Z + class-variance-authority@0.7.1
2025-10-12T20:12:59.0375159Z + clsx@2.1.1
2025-10-12T20:12:59.0375437Z + dotenv@17.2.3
2025-10-12T20:12:59.0375729Z + hasown@2.0.2
2025-10-12T20:12:59.0376019Z + lru-cache@10.4.3
2025-10-12T20:12:59.0376340Z + lucide-react@0.545.0
2025-10-12T20:12:59.0376652Z + mime@4.1.0
2025-10-12T20:12:59.0376930Z + next@15.5.4
2025-10-12T20:12:59.0377217Z + react@19.2.0
2025-10-12T20:12:59.0377523Z + react-dom@19.2.0
2025-10-12T20:12:59.0377846Z + react-dropzone@14.3.8
2025-10-12T20:12:59.0378182Z + tailwind-merge@3.3.1
2025-10-12T20:12:59.0378390Z 
2025-10-12T20:12:59.0378546Z 686 packages installed [5.75s]
2025-10-12T20:13:02.9337323Z Collecting google-generativeai==0.8.3 (from -r requirements.txt (line 2))
2025-10-12T20:13:02.9888327Z   Downloading google_generativeai-0.8.3-py3-none-any.whl.metadata (3.9 kB)
2025-10-12T20:13:03.2033037Z Collecting pillow==11.0.0 (from -r requirements.txt (line 3))
2025-10-12T20:13:03.2161875Z   Downloading pillow-11.0.0-cp311-cp311-manylinux_2_28_x86_64.whl.metadata (9.1 kB)
2025-10-12T20:13:03.2556572Z Collecting supabase==2.8.0 (from -r requirements.txt (line 4))
2025-10-12T20:13:03.2667179Z   Downloading supabase-2.8.0-py3-none-any.whl.metadata (10 kB)
2025-10-12T20:13:03.2951259Z Collecting python-dotenv==1.0.1 (from -r requirements.txt (line 5))
2025-10-12T20:13:03.3058727Z   Downloading python_dotenv-1.0.1-py3-none-any.whl.metadata (23 kB)
2025-10-12T20:13:03.3502474Z Collecting requests==2.32.3 (from -r requirements.txt (line 6))
2025-10-12T20:13:03.3611875Z   Downloading requests-2.32.3-py3-none-any.whl.metadata (4.6 kB)
2025-10-12T20:13:03.6276309Z Collecting numpy==2.1.3 (from -r requirements.txt (line 7))
2025-10-12T20:13:03.6399637Z   Downloading numpy-2.1.3-cp311-cp311-manylinux_2_17_x86_64.manylinux2014_x86_64.whl.metadata (62 kB)
2025-10-12T20:13:04.2934558Z Collecting opencv-python==4.10.0.84 (from -r requirements.txt (line 8))
2025-10-12T20:13:04.3111248Z   Downloading opencv_python-4.10.0.84-cp37-abi3-manylinux_2_17_x86_64.manylinux2014_x86_64.whl.metadata (20 kB)
2025-10-12T20:13:04.3543226Z Collecting pytest==8.3.4 (from -r requirements.txt (line 11))
2025-10-12T20:13:04.3655552Z   Downloading pytest-8.3.4-py3-none-any.whl.metadata (7.5 kB)
2025-10-12T20:13:04.3930154Z Collecting pytest-asyncio==0.24.0 (from -r requirements.txt (line 12))
2025-10-12T20:13:04.4052694Z   Downloading pytest_asyncio-0.24.0-py3-none-any.whl.metadata (3.9 kB)
2025-10-12T20:13:04.4754338Z Collecting black==24.10.0 (from -r requirements.txt (line 13))
2025-10-12T20:13:04.4894855Z   Downloading black-24.10.0-cp311-cp311-manylinux_2_17_x86_64.manylinux2014_x86_64.manylinux_2_28_x86_64.whl.metadata (79 kB)
2025-10-12T20:13:04.8260277Z Collecting flake8==7.1.1 (from -r requirements.txt (line 14))
2025-10-12T20:13:04.8371585Z   Downloading flake8-7.1.1-py2.py3-none-any.whl.metadata (3.8 kB)
2025-10-12T20:13:04.9483200Z Collecting mypy==1.13.0 (from -r requirements.txt (line 15))
2025-10-12T20:13:04.9597646Z   Downloading mypy-1.13.0-cp311-cp311-manylinux_2_17_x86_64.manylinux2014_x86_64.manylinux_2_28_x86_64.whl.metadata (2.1 kB)
2025-10-12T20:13:04.9843877Z Collecting google-ai-generativelanguage==0.6.10 (from google-generativeai==0.8.3->-r requirements.txt (line 2))
2025-10-12T20:13:04.9958724Z   Downloading google_ai_generativelanguage-0.6.10-py3-none-any.whl.metadata (5.6 kB)
2025-10-12T20:13:05.0377355Z Collecting google-api-core (from google-generativeai==0.8.3->-r requirements.txt (line 2))
2025-10-12T20:13:05.0481528Z   Downloading google_api_core-2.26.0-py3-none-any.whl.metadata (3.2 kB)
2025-10-12T20:13:05.1123979Z Collecting google-api-python-client (from google-generativeai==0.8.3->-r requirements.txt (line 2))
2025-10-12T20:13:05.1248619Z   Downloading google_api_python_client-2.184.0-py3-none-any.whl.metadata (7.0 kB)
2025-10-12T20:13:05.1707320Z Collecting google-auth>=2.15.0 (from google-generativeai==0.8.3->-r requirements.txt (line 2))
2025-10-12T20:13:05.1812740Z   Downloading google_auth-2.41.1-py2.py3-none-any.whl.metadata (6.6 kB)
2025-10-12T20:13:05.3667075Z Collecting protobuf (from google-generativeai==0.8.3->-r requirements.txt (line 2))
2025-10-12T20:13:05.3776825Z   Downloading protobuf-6.32.1-cp39-abi3-manylinux2014_x86_64.whl.metadata (593 bytes)
2025-10-12T20:13:05.5333613Z Collecting pydantic (from google-generativeai==0.8.3->-r requirements.txt (line 2))
2025-10-12T20:13:05.5448246Z   Downloading pydantic-2.12.0-py3-none-any.whl.metadata (83 kB)
2025-10-12T20:13:05.5909797Z Collecting tqdm (from google-generativeai==0.8.3->-r requirements.txt (line 2))
2025-10-12T20:13:05.6015929Z   Downloading tqdm-4.67.1-py3-none-any.whl.metadata (57 kB)
2025-10-12T20:13:05.6312984Z Collecting typing-extensions (from google-generativeai==0.8.3->-r requirements.txt (line 2))
2025-10-12T20:13:05.6416862Z   Downloading typing_extensions-4.15.0-py3-none-any.whl.metadata (3.3 kB)
2025-10-12T20:13:05.6716251Z Collecting gotrue<3.0,>=1.3 (from supabase==2.8.0->-r requirements.txt (line 4))
2025-10-12T20:13:05.6833918Z   Downloading gotrue-2.12.4-py3-none-any.whl.metadata (2.0 kB)
2025-10-12T20:13:05.7105359Z Collecting httpx<0.28,>=0.24 (from supabase==2.8.0->-r requirements.txt (line 4))
2025-10-12T20:13:05.7207551Z   Downloading httpx-0.27.2-py3-none-any.whl.metadata (7.1 kB)
2025-10-12T20:13:05.7468808Z Collecting postgrest<0.18.0,>=0.14 (from supabase==2.8.0->-r requirements.txt (line 4))
2025-10-12T20:13:05.7579127Z   Downloading postgrest-0.17.2-py3-none-any.whl.metadata (3.4 kB)
2025-10-12T20:13:05.7840169Z Collecting realtime<3.0.0,>=2.0.0 (from supabase==2.8.0->-r requirements.txt (line 4))
2025-10-12T20:13:05.7951617Z   Downloading realtime-2.22.0-py3-none-any.whl.metadata (7.0 kB)
2025-10-12T20:13:05.8228692Z Collecting storage3<0.9.0,>=0.5.3 (from supabase==2.8.0->-r requirements.txt (line 4))
2025-10-12T20:13:05.8346148Z   Downloading storage3-0.8.2-py3-none-any.whl.metadata (1.8 kB)
2025-10-12T20:13:05.8579782Z Collecting supafunc<0.7.0,>=0.3.1 (from supabase==2.8.0->-r requirements.txt (line 4))
2025-10-12T20:13:05.8688112Z   Downloading supafunc-0.6.2-py3-none-any.whl.metadata (1.1 kB)
2025-10-12T20:13:05.9630134Z Collecting charset-normalizer<4,>=2 (from requests==2.32.3->-r requirements.txt (line 6))
2025-10-12T20:13:05.9730172Z   Downloading charset_normalizer-3.4.3-cp311-cp311-manylinux2014_x86_64.manylinux_2_17_x86_64.manylinux_2_28_x86_64.whl.metadata (36 kB)
2025-10-12T20:13:05.9973976Z Collecting idna<4,>=2.5 (from requests==2.32.3->-r requirements.txt (line 6))
2025-10-12T20:13:06.0094627Z   Downloading idna-3.11-py3-none-any.whl.metadata (8.4 kB)
2025-10-12T20:13:06.0456778Z Collecting urllib3<3,>=1.21.1 (from requests==2.32.3->-r requirements.txt (line 6))
2025-10-12T20:13:06.0558246Z   Downloading urllib3-2.5.0-py3-none-any.whl.metadata (6.5 kB)
2025-10-12T20:13:06.0849293Z Collecting certifi>=2017.4.17 (from requests==2.32.3->-r requirements.txt (line 6))
2025-10-12T20:13:06.0953820Z   Downloading certifi-2025.10.5-py3-none-any.whl.metadata (2.5 kB)
2025-10-12T20:13:06.1498194Z Collecting iniconfig (from pytest==8.3.4->-r requirements.txt (line 11))
2025-10-12T20:13:06.1601108Z   Downloading iniconfig-2.1.0-py3-none-any.whl.metadata (2.7 kB)
2025-10-12T20:13:06.1840146Z Collecting packaging (from pytest==8.3.4->-r requirements.txt (line 11))
2025-10-12T20:13:06.1946487Z   Downloading packaging-25.0-py3-none-any.whl.metadata (3.3 kB)
2025-10-12T20:13:06.2154971Z Collecting pluggy<2,>=1.5 (from pytest==8.3.4->-r requirements.txt (line 11))
2025-10-12T20:13:06.2261573Z   Downloading pluggy-1.6.0-py3-none-any.whl.metadata (4.8 kB)
2025-10-12T20:13:06.2605058Z Collecting click>=8.0.0 (from black==24.10.0->-r requirements.txt (line 13))
2025-10-12T20:13:06.2709146Z   Downloading click-8.3.0-py3-none-any.whl.metadata (2.6 kB)
2025-10-12T20:13:06.2880983Z Collecting mypy-extensions>=0.4.3 (from black==24.10.0->-r requirements.txt (line 13))
2025-10-12T20:13:06.2991033Z   Downloading mypy_extensions-1.1.0-py3-none-any.whl.metadata (1.1 kB)
2025-10-12T20:13:06.3220640Z Collecting pathspec>=0.9.0 (from black==24.10.0->-r requirements.txt (line 13))
2025-10-12T20:13:06.3327143Z   Downloading pathspec-0.12.1-py3-none-any.whl.metadata (21 kB)
2025-10-12T20:13:06.3630004Z Collecting platformdirs>=2 (from black==24.10.0->-r requirements.txt (line 13))
2025-10-12T20:13:06.3732879Z   Downloading platformdirs-4.5.0-py3-none-any.whl.metadata (12 kB)
2025-10-12T20:13:06.3948801Z Collecting mccabe<0.8.0,>=0.7.0 (from flake8==7.1.1->-r requirements.txt (line 14))
2025-10-12T20:13:06.4050998Z   Downloading mccabe-0.7.0-py2.py3-none-any.whl.metadata (5.0 kB)
2025-10-12T20:13:06.4263339Z Collecting pycodestyle<2.13.0,>=2.12.0 (from flake8==7.1.1->-r requirements.txt (line 14))
2025-10-12T20:13:06.4483761Z   Downloading pycodestyle-2.12.1-py2.py3-none-any.whl.metadata (4.5 kB)
2025-10-12T20:13:06.4724235Z Collecting pyflakes<3.3.0,>=3.2.0 (from flake8==7.1.1->-r requirements.txt (line 14))
2025-10-12T20:13:06.4847659Z   Downloading pyflakes-3.2.0-py2.py3-none-any.whl.metadata (3.5 kB)
2025-10-12T20:13:06.6188054Z Collecting proto-plus<2.0.0dev,>=1.22.3 (from google-ai-generativelanguage==0.6.10->google-generativeai==0.8.3->-r requirements.txt (line 2))
2025-10-12T20:13:06.6368922Z   Downloading proto_plus-1.26.1-py3-none-any.whl.metadata (2.2 kB)
2025-10-12T20:13:06.7104423Z Collecting protobuf (from google-generativeai==0.8.3->-r requirements.txt (line 2))
2025-10-12T20:13:06.7225202Z   Downloading protobuf-5.29.5-cp38-abi3-manylinux2014_x86_64.whl.metadata (592 bytes)
2025-10-12T20:13:06.7548820Z Collecting googleapis-common-protos<2.0.0,>=1.56.2 (from google-api-core->google-generativeai==0.8.3->-r requirements.txt (line 2))
2025-10-12T20:13:06.7653099Z   Downloading googleapis_common_protos-1.70.0-py3-none-any.whl.metadata (9.3 kB)
2025-10-12T20:13:07.4543852Z Collecting grpcio<2.0.0,>=1.33.2 (from google-api-core[grpc]!=2.0.*,!=2.1.*,!=2.10.*,!=2.2.*,!=2.3.*,!=2.4.*,!=2.5.*,!=2.6.*,!=2.7.*,!=2.8.*,!=2.9.*,<3.0.0dev,>=1.34.1->google-ai-generativelanguage==0.6.10->google-generativeai==0.8.3->-r requirements.txt (line 2))
2025-10-12T20:13:07.4663019Z   Downloading grpcio-1.75.1-cp311-cp311-manylinux2014_x86_64.manylinux_2_17_x86_64.whl.metadata (3.7 kB)
2025-10-12T20:13:07.5271734Z Collecting grpcio-status<2.0.0,>=1.33.2 (from google-api-core[grpc]!=2.0.*,!=2.1.*,!=2.10.*,!=2.2.*,!=2.3.*,!=2.4.*,!=2.5.*,!=2.6.*,!=2.7.*,!=2.8.*,!=2.9.*,<3.0.0dev,>=1.34.1->google-ai-generativelanguage==0.6.10->google-generativeai==0.8.3->-r requirements.txt (line 2))
2025-10-12T20:13:07.5393971Z   Downloading grpcio_status-1.75.1-py3-none-any.whl.metadata (1.1 kB)
2025-10-12T20:13:07.5851698Z Collecting cachetools<7.0,>=2.0.0 (from google-auth>=2.15.0->google-generativeai==0.8.3->-r requirements.txt (line 2))
2025-10-12T20:13:07.5966425Z   Downloading cachetools-6.2.1-py3-none-any.whl.metadata (5.5 kB)
2025-10-12T20:13:07.6226418Z Collecting pyasn1-modules>=0.2.1 (from google-auth>=2.15.0->google-generativeai==0.8.3->-r requirements.txt (line 2))
2025-10-12T20:13:07.6331017Z   Downloading pyasn1_modules-0.4.2-py3-none-any.whl.metadata (3.5 kB)
2025-10-12T20:13:07.6555794Z Collecting rsa<5,>=3.1.4 (from google-auth>=2.15.0->google-generativeai==0.8.3->-r requirements.txt (line 2))
2025-10-12T20:13:07.6662245Z   Downloading rsa-4.9.1-py3-none-any.whl.metadata (5.6 kB)
2025-10-12T20:13:07.7159416Z Collecting pyjwt<3.0.0,>=2.10.1 (from gotrue<3.0,>=1.3->supabase==2.8.0->-r requirements.txt (line 4))
2025-10-12T20:13:07.7264959Z   Downloading PyJWT-2.10.1-py3-none-any.whl.metadata (4.0 kB)
2025-10-12T20:13:07.8166742Z INFO: pip is looking at multiple versions of grpcio-status to determine which version is compatible with other requirements. This could take a while.
2025-10-12T20:13:07.8174171Z Collecting grpcio-status<2.0.0,>=1.33.2 (from google-api-core[grpc]!=2.0.*,!=2.1.*,!=2.10.*,!=2.2.*,!=2.3.*,!=2.4.*,!=2.5.*,!=2.6.*,!=2.7.*,!=2.8.*,!=2.9.*,<3.0.0dev,>=1.34.1->google-ai-generativelanguage==0.6.10->google-generativeai==0.8.3->-r requirements.txt (line 2))
2025-10-12T20:13:07.8281469Z   Downloading grpcio_status-1.75.0-py3-none-any.whl.metadata (1.1 kB)
2025-10-12T20:13:07.8442974Z   Downloading grpcio_status-1.74.0-py3-none-any.whl.metadata (1.1 kB)
2025-10-12T20:13:07.8600571Z   Downloading grpcio_status-1.73.1-py3-none-any.whl.metadata (1.1 kB)
2025-10-12T20:13:07.9114945Z   Downloading grpcio_status-1.73.0-py3-none-any.whl.metadata (1.1 kB)
2025-10-12T20:13:07.9267371Z   Downloading grpcio_status-1.72.2-py3-none-any.whl.metadata (1.1 kB)
2025-10-12T20:13:07.9431335Z   Downloading grpcio_status-1.72.1-py3-none-any.whl.metadata (1.1 kB)
2025-10-12T20:13:07.9582103Z   Downloading grpcio_status-1.71.2-py3-none-any.whl.metadata (1.1 kB)
2025-10-12T20:13:08.0896409Z Collecting anyio (from httpx<0.28,>=0.24->supabase==2.8.0->-r requirements.txt (line 4))
2025-10-12T20:13:08.1003110Z   Downloading anyio-4.11.0-py3-none-any.whl.metadata (4.1 kB)
2025-10-12T20:13:08.1284636Z Collecting httpcore==1.* (from httpx<0.28,>=0.24->supabase==2.8.0->-r requirements.txt (line 4))
2025-10-12T20:13:08.1389058Z   Downloading httpcore-1.0.9-py3-none-any.whl.metadata (21 kB)
2025-10-12T20:13:08.1584735Z Collecting sniffio (from httpx<0.28,>=0.24->supabase==2.8.0->-r requirements.txt (line 4))
2025-10-12T20:13:08.1687906Z   Downloading sniffio-1.3.1-py3-none-any.whl.metadata (3.9 kB)
2025-10-12T20:13:08.1881680Z Collecting h11>=0.16 (from httpcore==1.*->httpx<0.28,>=0.24->supabase==2.8.0->-r requirements.txt (line 4))
2025-10-12T20:13:08.1984369Z   Downloading h11-0.16.0-py3-none-any.whl.metadata (8.3 kB)
2025-10-12T20:13:08.2314495Z Collecting h2<5,>=3 (from httpx[http2]<0.29,>=0.26->gotrue<3.0,>=1.3->supabase==2.8.0->-r requirements.txt (line 4))
2025-10-12T20:13:08.2429798Z   Downloading h2-4.3.0-py3-none-any.whl.metadata (5.1 kB)
2025-10-12T20:13:08.2670272Z Collecting hyperframe<7,>=6.1 (from h2<5,>=3->httpx[http2]<0.29,>=0.26->gotrue<3.0,>=1.3->supabase==2.8.0->-r requirements.txt (line 4))
2025-10-12T20:13:08.2796457Z   Downloading hyperframe-6.1.0-py3-none-any.whl.metadata (4.3 kB)
2025-10-12T20:13:08.3002114Z Collecting hpack<5,>=4.1 (from h2<5,>=3->httpx[http2]<0.29,>=0.26->gotrue<3.0,>=1.3->supabase==2.8.0->-r requirements.txt (line 4))
2025-10-12T20:13:08.3119115Z   Downloading hpack-4.1.0-py3-none-any.whl.metadata (4.6 kB)
2025-10-12T20:13:08.3880081Z Collecting deprecation<3.0.0,>=2.1.0 (from postgrest<0.18.0,>=0.14->supabase==2.8.0->-r requirements.txt (line 4))
2025-10-12T20:13:08.3987883Z   Downloading deprecation-2.1.0-py2.py3-none-any.whl.metadata (4.6 kB)
2025-10-12T20:13:08.5357918Z Collecting annotated-types>=0.6.0 (from pydantic->google-generativeai==0.8.3->-r requirements.txt (line 2))
2025-10-12T20:13:08.5473270Z   Downloading annotated_types-0.7.0-py3-none-any.whl.metadata (15 kB)
2025-10-12T20:13:09.2582095Z Collecting pydantic-core==2.41.1 (from pydantic->google-generativeai==0.8.3->-r requirements.txt (line 2))
2025-10-12T20:13:09.2689877Z   Downloading pydantic_core-2.41.1-cp311-cp311-manylinux_2_17_x86_64.manylinux2014_x86_64.whl.metadata (7.3 kB)
2025-10-12T20:13:09.2944917Z Collecting typing-inspection>=0.4.2 (from pydantic->google-generativeai==0.8.3->-r requirements.txt (line 2))
2025-10-12T20:13:09.3047804Z   Downloading typing_inspection-0.4.2-py3-none-any.whl.metadata (2.6 kB)
2025-10-12T20:13:09.4245062Z Collecting websockets<16,>=11 (from realtime<3.0.0,>=2.0.0->supabase==2.8.0->-r requirements.txt (line 4))
2025-10-12T20:13:09.4351451Z   Downloading websockets-15.0.1-cp311-cp311-manylinux_2_5_x86_64.manylinux1_x86_64.manylinux_2_17_x86_64.manylinux2014_x86_64.whl.metadata (6.8 kB)
2025-10-12T20:13:09.4674373Z Collecting pyasn1>=0.1.3 (from rsa<5,>=3.1.4->google-auth>=2.15.0->google-generativeai==0.8.3->-r requirements.txt (line 2))
2025-10-12T20:13:09.4808999Z   Downloading pyasn1-0.6.1-py3-none-any.whl.metadata (8.4 kB)
2025-10-12T20:13:09.5054048Z Collecting python-dateutil<3.0.0,>=2.8.2 (from storage3<0.9.0,>=0.5.3->supabase==2.8.0->-r requirements.txt (line 4))
2025-10-12T20:13:09.5158354Z   Downloading python_dateutil-2.9.0.post0-py2.py3-none-any.whl.metadata (8.4 kB)
2025-10-12T20:13:09.5451415Z Collecting six>=1.5 (from python-dateutil<3.0.0,>=2.8.2->storage3<0.9.0,>=0.5.3->supabase==2.8.0->-r requirements.txt (line 4))
2025-10-12T20:13:09.5566484Z   Downloading six-1.17.0-py2.py3-none-any.whl.metadata (1.7 kB)
2025-10-12T20:13:09.6282029Z Collecting httplib2<1.0.0,>=0.19.0 (from google-api-python-client->google-generativeai==0.8.3->-r requirements.txt (line 2))
2025-10-12T20:13:09.6393698Z   Downloading httplib2-0.31.0-py3-none-any.whl.metadata (2.2 kB)
2025-10-12T20:13:09.6821162Z Collecting google-auth-httplib2<1.0.0,>=0.2.0 (from google-api-python-client->google-generativeai==0.8.3->-r requirements.txt (line 2))
2025-10-12T20:13:09.6935464Z   Downloading google_auth_httplib2-0.2.0-py2.py3-none-any.whl.metadata (2.2 kB)
2025-10-12T20:13:09.7128753Z Collecting uritemplate<5,>=3.0.1 (from google-api-python-client->google-generativeai==0.8.3->-r requirements.txt (line 2))
2025-10-12T20:13:09.7237728Z   Downloading uritemplate-4.2.0-py3-none-any.whl.metadata (2.6 kB)
2025-10-12T20:13:09.7596470Z Collecting pyparsing<4,>=3.0.4 (from httplib2<1.0.0,>=0.19.0->google-api-python-client->google-generativeai==0.8.3->-r requirements.txt (line 2))
2025-10-12T20:13:09.7706976Z   Downloading pyparsing-3.2.5-py3-none-any.whl.metadata (5.0 kB)
2025-10-12T20:13:09.7949222Z Downloading google_generativeai-0.8.3-py3-none-any.whl (160 kB)
2025-10-12T20:13:09.8108094Z Downloading pillow-11.0.0-cp311-cp311-manylinux_2_28_x86_64.whl (4.4 MB)
2025-10-12T20:13:09.8650682Z    ━━━━━━━━━━━━━━━━━━━━━━━━━━━━━━━━━━━━━━━━ 4.4/4.4 MB 84.2 MB/s  0:00:00
2025-10-12T20:13:09.8777393Z Downloading supabase-2.8.0-py3-none-any.whl (16 kB)
2025-10-12T20:13:09.8903994Z Downloading python_dotenv-1.0.1-py3-none-any.whl (19 kB)
2025-10-12T20:13:09.9029233Z Downloading requests-2.32.3-py3-none-any.whl (64 kB)
2025-10-12T20:13:09.9227203Z Downloading numpy-2.1.3-cp311-cp311-manylinux_2_17_x86_64.manylinux2014_x86_64.whl (16.3 MB)
2025-10-12T20:13:10.0489627Z    ━━━━━━━━━━━━━━━━━━━━━━━━━━━━━━━━━━━━━━━━ 16.3/16.3 MB 130.6 MB/s  0:00:00
2025-10-12T20:13:10.0608770Z Downloading opencv_python-4.10.0.84-cp37-abi3-manylinux_2_17_x86_64.manylinux2014_x86_64.whl (62.5 MB)
2025-10-12T20:13:10.4065380Z    ━━━━━━━━━━━━━━━━━━━━━━━━━━━━━━━━━━━━━━━━ 62.5/62.5 MB 182.4 MB/s  0:00:00
2025-10-12T20:13:10.4180276Z Downloading pytest-8.3.4-py3-none-any.whl (343 kB)
2025-10-12T20:13:10.4336037Z Downloading pytest_asyncio-0.24.0-py3-none-any.whl (18 kB)
2025-10-12T20:13:10.4495078Z Downloading black-24.10.0-cp311-cp311-manylinux_2_17_x86_64.manylinux2014_x86_64.manylinux_2_28_x86_64.whl (1.7 MB)
2025-10-12T20:13:10.4647838Z    ━━━━━━━━━━━━━━━━━━━━━━━━━━━━━━━━━━━━━━━━ 1.7/1.7 MB 117.0 MB/s  0:00:00
2025-10-12T20:13:10.4770258Z Downloading flake8-7.1.1-py2.py3-none-any.whl (57 kB)
2025-10-12T20:13:10.4903467Z Downloading mypy-1.13.0-cp311-cp311-manylinux_2_17_x86_64.manylinux2014_x86_64.manylinux_2_28_x86_64.whl (12.5 MB)
2025-10-12T20:13:10.5716572Z    ━━━━━━━━━━━━━━━━━━━━━━━━━━━━━━━━━━━━━━━━ 12.5/12.5 MB 156.9 MB/s  0:00:00
2025-10-12T20:13:10.5843281Z Downloading google_ai_generativelanguage-0.6.10-py3-none-any.whl (760 kB)
2025-10-12T20:13:10.5919701Z    ━━━━━━━━━━━━━━━━━━━━━━━━━━━━━━━━━━━━━━━━ 760.0/760.0 kB 99.7 MB/s  0:00:00
2025-10-12T20:13:10.6023667Z Downloading charset_normalizer-3.4.3-cp311-cp311-manylinux2014_x86_64.manylinux_2_17_x86_64.manylinux_2_28_x86_64.whl (150 kB)
2025-10-12T20:13:10.6157661Z Downloading google_api_core-2.26.0-py3-none-any.whl (162 kB)
2025-10-12T20:13:10.6292055Z Downloading google_auth-2.41.1-py2.py3-none-any.whl (221 kB)
2025-10-12T20:13:10.6429274Z Downloading cachetools-6.2.1-py3-none-any.whl (11 kB)
2025-10-12T20:13:10.6563668Z Downloading googleapis_common_protos-1.70.0-py3-none-any.whl (294 kB)
2025-10-12T20:13:10.6711037Z Downloading gotrue-2.12.4-py3-none-any.whl (42 kB)
2025-10-12T20:13:10.6876561Z Downloading grpcio-1.75.1-cp311-cp311-manylinux2014_x86_64.manylinux_2_17_x86_64.whl (6.5 MB)
2025-10-12T20:13:10.7276033Z    ━━━━━━━━━━━━━━━━━━━━━━━━━━━━━━━━━━━━━━━━ 6.5/6.5 MB 168.6 MB/s  0:00:00
2025-10-12T20:13:10.7388452Z Downloading grpcio_status-1.71.2-py3-none-any.whl (14 kB)
2025-10-12T20:13:10.7519697Z Downloading httpx-0.27.2-py3-none-any.whl (76 kB)
2025-10-12T20:13:10.7654300Z Downloading httpcore-1.0.9-py3-none-any.whl (78 kB)
2025-10-12T20:13:10.7798226Z Downloading h2-4.3.0-py3-none-any.whl (61 kB)
2025-10-12T20:13:10.7931004Z Downloading hpack-4.1.0-py3-none-any.whl (34 kB)
2025-10-12T20:13:10.8116091Z Downloading hyperframe-6.1.0-py3-none-any.whl (13 kB)
2025-10-12T20:13:10.8241365Z Downloading idna-3.11-py3-none-any.whl (71 kB)
2025-10-12T20:13:10.8369044Z Downloading mccabe-0.7.0-py2.py3-none-any.whl (7.3 kB)
2025-10-12T20:13:10.8501348Z Downloading pluggy-1.6.0-py3-none-any.whl (20 kB)
2025-10-12T20:13:10.8637044Z Downloading postgrest-0.17.2-py3-none-any.whl (21 kB)
2025-10-12T20:13:10.8761731Z Downloading deprecation-2.1.0-py2.py3-none-any.whl (11 kB)
2025-10-12T20:13:10.8886697Z Downloading proto_plus-1.26.1-py3-none-any.whl (50 kB)
2025-10-12T20:13:10.9013544Z Downloading protobuf-5.29.5-cp38-abi3-manylinux2014_x86_64.whl (319 kB)
2025-10-12T20:13:10.9186793Z Downloading pycodestyle-2.12.1-py2.py3-none-any.whl (31 kB)
2025-10-12T20:13:10.9317771Z Downloading pydantic-2.12.0-py3-none-any.whl (459 kB)
2025-10-12T20:13:10.9473892Z Downloading pydantic_core-2.41.1-cp311-cp311-manylinux_2_17_x86_64.manylinux2014_x86_64.whl (2.1 MB)
2025-10-12T20:13:10.9770821Z    ━━━━━━━━━━━━━━━━━━━━━━━━━━━━━━━━━━━━━━━━ 2.1/2.1 MB 72.7 MB/s  0:00:00
2025-10-12T20:13:10.9887016Z Downloading pyflakes-3.2.0-py2.py3-none-any.whl (62 kB)
2025-10-12T20:13:11.0022614Z Downloading PyJWT-2.10.1-py3-none-any.whl (22 kB)
2025-10-12T20:13:11.0158268Z Downloading realtime-2.22.0-py3-none-any.whl (22 kB)
2025-10-12T20:13:11.0285299Z Downloading rsa-4.9.1-py3-none-any.whl (34 kB)
2025-10-12T20:13:11.0430768Z Downloading storage3-0.8.2-py3-none-any.whl (16 kB)
2025-10-12T20:13:11.0557643Z Downloading python_dateutil-2.9.0.post0-py2.py3-none-any.whl (229 kB)
2025-10-12T20:13:11.0738897Z Downloading supafunc-0.6.2-py3-none-any.whl (6.6 kB)
2025-10-12T20:13:11.0876270Z Downloading typing_extensions-4.15.0-py3-none-any.whl (44 kB)
2025-10-12T20:13:11.1013076Z Downloading urllib3-2.5.0-py3-none-any.whl (129 kB)
2025-10-12T20:13:11.1146681Z Downloading websockets-15.0.1-cp311-cp311-manylinux_2_5_x86_64.manylinux1_x86_64.manylinux_2_17_x86_64.manylinux2014_x86_64.whl (182 kB)
2025-10-12T20:13:11.1286696Z Downloading annotated_types-0.7.0-py3-none-any.whl (13 kB)
2025-10-12T20:13:11.1411593Z Downloading certifi-2025.10.5-py3-none-any.whl (163 kB)
2025-10-12T20:13:11.1565728Z Downloading click-8.3.0-py3-none-any.whl (107 kB)
2025-10-12T20:13:11.1703762Z Downloading h11-0.16.0-py3-none-any.whl (37 kB)
2025-10-12T20:13:11.1834717Z Downloading mypy_extensions-1.1.0-py3-none-any.whl (5.0 kB)
2025-10-12T20:13:11.1965424Z Downloading packaging-25.0-py3-none-any.whl (66 kB)
2025-10-12T20:13:11.2098405Z Downloading pathspec-0.12.1-py3-none-any.whl (31 kB)
2025-10-12T20:13:11.2237141Z Downloading platformdirs-4.5.0-py3-none-any.whl (18 kB)
2025-10-12T20:13:11.2373916Z Downloading pyasn1-0.6.1-py3-none-any.whl (83 kB)
2025-10-12T20:13:11.2557358Z Downloading pyasn1_modules-0.4.2-py3-none-any.whl (181 kB)
2025-10-12T20:13:11.2702595Z Downloading six-1.17.0-py2.py3-none-any.whl (11 kB)
2025-10-12T20:13:11.2833623Z Downloading typing_inspection-0.4.2-py3-none-any.whl (14 kB)
2025-10-12T20:13:11.2985589Z Downloading anyio-4.11.0-py3-none-any.whl (109 kB)
2025-10-12T20:13:11.3122641Z Downloading sniffio-1.3.1-py3-none-any.whl (10 kB)
2025-10-12T20:13:11.3267152Z Downloading google_api_python_client-2.184.0-py3-none-any.whl (14.3 MB)
2025-10-12T20:13:11.4266069Z    ━━━━━━━━━━━━━━━━━━━━━━━━━━━━━━━━━━━━━━━━ 14.3/14.3 MB 144.5 MB/s  0:00:00
2025-10-12T20:13:11.4373707Z Downloading google_auth_httplib2-0.2.0-py2.py3-none-any.whl (9.3 kB)
2025-10-12T20:13:11.4499487Z Downloading httplib2-0.31.0-py3-none-any.whl (91 kB)
2025-10-12T20:13:11.4636589Z Downloading pyparsing-3.2.5-py3-none-any.whl (113 kB)
2025-10-12T20:13:11.4768535Z Downloading uritemplate-4.2.0-py3-none-any.whl (11 kB)
2025-10-12T20:13:11.4899782Z Downloading iniconfig-2.1.0-py3-none-any.whl (6.0 kB)
2025-10-12T20:13:11.5023619Z Downloading tqdm-4.67.1-py3-none-any.whl (78 kB)
2025-10-12T20:13:11.7800046Z Installing collected packages: websockets, urllib3, uritemplate, typing-extensions, tqdm, sniffio, six, python-dotenv, pyparsing, pyjwt, pyflakes, pycodestyle, pyasn1, protobuf, pluggy, platformdirs, pillow, pathspec, packaging, numpy, mypy-extensions, mccabe, iniconfig, idna, hyperframe, hpack, h11, click, charset-normalizer, certifi, cachetools, annotated-types, typing-inspection, rsa, requests, python-dateutil, pytest, pydantic-core, pyasn1-modules, proto-plus, opencv-python, mypy, httplib2, httpcore, h2, grpcio, googleapis-common-protos, flake8, deprecation, black, anyio, pytest-asyncio, pydantic, httpx, grpcio-status, google-auth, realtime, google-auth-httplib2, google-api-core, supafunc, storage3, postgrest, gotrue, google-api-python-client, supabase, google-ai-generativelanguage, google-generativeai
2025-10-12T20:13:19.3258011Z 
2025-10-12T20:13:19.3296925Z Successfully installed annotated-types-0.7.0 anyio-4.11.0 black-24.10.0 cachetools-6.2.1 certifi-2025.10.5 charset-normalizer-3.4.3 click-8.3.0 deprecation-2.1.0 flake8-7.1.1 google-ai-generativelanguage-0.6.10 google-api-core-2.26.0 google-api-python-client-2.184.0 google-auth-2.41.1 google-auth-httplib2-0.2.0 google-generativeai-0.8.3 googleapis-common-protos-1.70.0 gotrue-2.12.4 grpcio-1.75.1 grpcio-status-1.71.2 h11-0.16.0 h2-4.3.0 hpack-4.1.0 httpcore-1.0.9 httplib2-0.31.0 httpx-0.27.2 hyperframe-6.1.0 idna-3.11 iniconfig-2.1.0 mccabe-0.7.0 mypy-1.13.0 mypy-extensions-1.1.0 numpy-2.1.3 opencv-python-4.10.0.84 packaging-25.0 pathspec-0.12.1 pillow-11.0.0 platformdirs-4.5.0 pluggy-1.6.0 postgrest-0.17.2 proto-plus-1.26.1 protobuf-5.29.5 pyasn1-0.6.1 pyasn1-modules-0.4.2 pycodestyle-2.12.1 pydantic-2.12.0 pydantic-core-2.41.1 pyflakes-3.2.0 pyjwt-2.10.1 pyparsing-3.2.5 pytest-8.3.4 pytest-asyncio-0.24.0 python-dateutil-2.9.0.post0 python-dotenv-1.0.1 realtime-2.22.0 requests-2.32.3 rsa-4.9.1 six-1.17.0 sniffio-1.3.1 storage3-0.8.2 supabase-2.8.0 supafunc-0.6.2 tqdm-4.67.1 typing-extensions-4.15.0 typing-inspection-0.4.2 uritemplate-4.2.0 urllib3-2.5.0 websockets-15.0.1
2025-10-12T20:13:19.8576045Z ##[group]Run bun run type-check
2025-10-12T20:13:19.8576338Z [36;1mbun run type-check[0m
2025-10-12T20:13:19.8609716Z shell: /usr/bin/bash -e {0}
2025-10-12T20:13:19.8609943Z env:
2025-10-12T20:13:19.8610182Z   pythonLocation: /opt/hostedtoolcache/Python/3.11.13/x64
2025-10-12T20:13:19.8610870Z   PKG_CONFIG_PATH: /opt/hostedtoolcache/Python/3.11.13/x64/lib/pkgconfig
2025-10-12T20:13:19.8611289Z   Python_ROOT_DIR: /opt/hostedtoolcache/Python/3.11.13/x64
2025-10-12T20:13:19.8611638Z   Python2_ROOT_DIR: /opt/hostedtoolcache/Python/3.11.13/x64
2025-10-12T20:13:19.8611993Z   Python3_ROOT_DIR: /opt/hostedtoolcache/Python/3.11.13/x64
2025-10-12T20:13:19.8612339Z   LD_LIBRARY_PATH: /opt/hostedtoolcache/Python/3.11.13/x64/lib
2025-10-12T20:13:19.8612639Z ##[endgroup]
2025-10-12T20:13:19.8687743Z $ tsc --noEmit
2025-10-12T20:13:29.4155503Z ##[group]Run bun run lint || echo "Lint skipped due to Bun compatibility issues"
2025-10-12T20:13:29.4156329Z [36;1mbun run lint || echo "Lint skipped due to Bun compatibility issues"[0m
2025-10-12T20:13:29.4190799Z shell: /usr/bin/bash -e {0}
2025-10-12T20:13:29.4191030Z env:
2025-10-12T20:13:29.4191273Z   pythonLocation: /opt/hostedtoolcache/Python/3.11.13/x64
2025-10-12T20:13:29.4191690Z   PKG_CONFIG_PATH: /opt/hostedtoolcache/Python/3.11.13/x64/lib/pkgconfig
2025-10-12T20:13:29.4192089Z   Python_ROOT_DIR: /opt/hostedtoolcache/Python/3.11.13/x64
2025-10-12T20:13:29.4192441Z   Python2_ROOT_DIR: /opt/hostedtoolcache/Python/3.11.13/x64
2025-10-12T20:13:29.4192784Z   Python3_ROOT_DIR: /opt/hostedtoolcache/Python/3.11.13/x64
2025-10-12T20:13:29.4193127Z   LD_LIBRARY_PATH: /opt/hostedtoolcache/Python/3.11.13/x64/lib
2025-10-12T20:13:29.4193419Z ##[endgroup]
2025-10-12T20:13:29.4265402Z $ next lint
2025-10-12T20:13:29.6100685Z `next lint` is deprecated and will be removed in Next.js 16.
2025-10-12T20:13:29.6103106Z For new projects, use create-next-app to choose your preferred linter.
2025-10-12T20:13:29.6105417Z For existing projects, migrate to the ESLint CLI:
2025-10-12T20:13:29.6107949Z npx @next/codemod@canary next-lint-to-eslint-cli .
2025-10-12T20:13:29.6109783Z 
2025-10-12T20:13:32.1637577Z 
2025-10-12T20:13:32.1645518Z  ⚠ The Next.js plugin was not detected in your ESLint configuration. See https://nextjs.org/docs/app/api-reference/config/eslint#migrating-existing-config
2025-10-12T20:13:38.1672845Z Attention: Next.js now collects completely anonymous telemetry regarding usage.
2025-10-12T20:13:38.1678677Z This information is used to shape Next.js' roadmap and prioritize features.
2025-10-12T20:13:38.1684541Z You can learn more, including how to opt-out if you'd not like to participate in this anonymous program, by visiting the following URL:
2025-10-12T20:13:38.1686850Z https://nextjs.org/telemetry
2025-10-12T20:13:38.1687408Z 
2025-10-12T20:13:38.3429174Z 
2025-10-12T20:13:38.3431357Z ./app/(dashboard)/privacy/page.tsx
2025-10-12T20:13:38.3433186Z 99:42  Warning: Unexpected any. Specify a different type.  @typescript-eslint/no-explicit-any
2025-10-12T20:13:38.3434382Z 103:44  Warning: Unexpected any. Specify a different type.  @typescript-eslint/no-explicit-any
2025-10-12T20:13:38.3435632Z 136:14  Warning: 'error' is defined but never used.  @typescript-eslint/no-unused-vars
2025-10-12T20:13:38.3436674Z 161:14  Warning: 'error' is defined but never used.  @typescript-eslint/no-unused-vars
2025-10-12T20:13:38.3437777Z 199:14  Warning: 'error' is defined but never used.  @typescript-eslint/no-unused-vars
2025-10-12T20:13:38.3438840Z 408:26  Warning: `"` can be escaped with `&quot;`, `&ldquo;`, `&#34;`, `&rdquo;`.  react/no-unescaped-entities
2025-10-12T20:13:38.3439955Z 408:41  Warning: `"` can be escaped with `&quot;`, `&ldquo;`, `&#34;`, `&rdquo;`.  react/no-unescaped-entities
2025-10-12T20:13:38.3465503Z 
2025-10-12T20:13:38.3465706Z ./app/(dashboard)/try-on/page.tsx
2025-10-12T20:13:38.3466416Z 79:50  Warning: Unexpected any. Specify a different type.  @typescript-eslint/no-explicit-any
2025-10-12T20:13:38.3467765Z 95:6  Warning: React Hook useEffect has a missing dependency: 'loadPreSelectedItems'. Either include it or remove the dependency array.  react-hooks/exhaustive-deps
2025-10-12T20:13:38.3469086Z 114:56  Warning: Unexpected any. Specify a different type.  @typescript-eslint/no-explicit-any
2025-10-12T20:13:38.3470032Z 122:40  Warning: Unexpected any. Specify a different type.  @typescript-eslint/no-explicit-any
2025-10-12T20:13:38.3472465Z 247:56  Warning: Unexpected any. Specify a different type.  @typescript-eslint/no-explicit-any
2025-10-12T20:13:38.3473408Z 308:36  Warning: Unexpected any. Specify a different type.  @typescript-eslint/no-explicit-any
2025-10-12T20:13:38.3474348Z 309:37  Warning: Unexpected any. Specify a different type.  @typescript-eslint/no-explicit-any
2025-10-12T20:13:38.3476937Z 660:27  Warning: Using `<img>` could result in slower LCP and higher bandwidth. Consider using `<Image />` from `next/image` or a custom image loader to automatically optimize images. This may incur additional usage or cost from your provider. See: https://nextjs.org/docs/messages/no-img-element  @next/next/no-img-element
2025-10-12T20:13:38.3478632Z 
2025-10-12T20:13:38.3478853Z ./app/(dashboard)/try-on/process/[sessionId]/page.tsx
2025-10-12T20:13:38.3479627Z 14:19  Warning: Unexpected any. Specify a different type.  @typescript-eslint/no-explicit-any
2025-10-12T20:13:38.3481151Z 60:6  Warning: React Hook useEffect has a missing dependency: 'loadSession'. Either include it or remove the dependency array.  react-hooks/exhaustive-deps
2025-10-12T20:13:38.3482926Z 180:6  Warning: React Hook useEffect has missing dependencies: 'startAIProcessing' and 'storageKey'. Either include them or remove the dependency array.  react-hooks/exhaustive-deps
2025-10-12T20:13:38.3485526Z 453:21  Warning: Using `<img>` could result in slower LCP and higher bandwidth. Consider using `<Image />` from `next/image` or a custom image loader to automatically optimize images. This may incur additional usage or cost from your provider. See: https://nextjs.org/docs/messages/no-img-element  @next/next/no-img-element
2025-10-12T20:13:38.3487229Z 
2025-10-12T20:13:38.3487413Z ./app/api/dev/auto-cleanup-sessions/route.ts
2025-10-12T20:13:38.3488078Z 10:28  Warning: 'request' is defined but never used.  @typescript-eslint/no-unused-vars
2025-10-12T20:13:38.3488583Z 
2025-10-12T20:13:38.3488754Z ./app/api/dev/check-all-sessions/route.ts
2025-10-12T20:13:38.3489392Z 12:27  Warning: 'request' is defined but never used.  @typescript-eslint/no-unused-vars
2025-10-12T20:13:38.3490285Z 50:40  Warning: Unexpected any. Specify a different type.  @typescript-eslint/no-explicit-any
2025-10-12T20:13:38.3491763Z 51:43  Warning: Unexpected any. Specify a different type.  @typescript-eslint/no-explicit-any
2025-10-12T20:13:38.3492706Z 52:42  Warning: Unexpected any. Specify a different type.  @typescript-eslint/no-explicit-any
2025-10-12T20:13:38.3493650Z 53:39  Warning: Unexpected any. Specify a different type.  @typescript-eslint/no-explicit-any
2025-10-12T20:13:38.3494794Z 56:15  Warning: Unexpected any. Specify a different type.  @typescript-eslint/no-explicit-any
2025-10-12T20:13:38.3495734Z 63:41  Warning: Unexpected any. Specify a different type.  @typescript-eslint/no-explicit-any
2025-10-12T20:13:38.3496280Z 
2025-10-12T20:13:38.3496442Z ./app/api/dev/check-table/route.ts
2025-10-12T20:13:38.3497074Z 9:27  Warning: 'request' is defined but never used.  @typescript-eslint/no-unused-vars
2025-10-12T20:13:38.3497942Z 23:13  Warning: 'data' is assigned a value but never used.  @typescript-eslint/no-unused-vars
2025-10-12T20:13:38.3498475Z 
2025-10-12T20:13:38.3498633Z ./app/api/dev/clear-sessions/route.ts
2025-10-12T20:13:38.3499270Z 9:28  Warning: 'request' is defined but never used.  @typescript-eslint/no-unused-vars
2025-10-12T20:13:38.3499786Z 
2025-10-12T20:13:38.3499938Z ./app/api/dev/debug-session/route.ts
2025-10-12T20:13:38.3500798Z 56:24  Warning: Unexpected any. Specify a different type.  @typescript-eslint/no-explicit-any
2025-10-12T20:13:38.3501778Z 58:35  Warning: 'itemsError' is assigned a value but never used.  @typescript-eslint/no-unused-vars
2025-10-12T20:13:38.3502728Z 63:35  Warning: Unexpected any. Specify a different type.  @typescript-eslint/no-explicit-any
2025-10-12T20:13:38.3503281Z 
2025-10-12T20:13:38.3503443Z ./app/api/dev/debug-sessions/route.ts
2025-10-12T20:13:38.3504075Z 10:27  Warning: 'request' is defined but never used.  @typescript-eslint/no-unused-vars
2025-10-12T20:13:38.3504590Z 
2025-10-12T20:13:38.3504742Z ./app/api/dev/direct-db-fix/route.ts
2025-10-12T20:13:38.3505363Z 12:28  Warning: 'request' is defined but never used.  @typescript-eslint/no-unused-vars
2025-10-12T20:13:38.3506253Z 50:28  Warning: Unexpected any. Specify a different type.  @typescript-eslint/no-explicit-any
2025-10-12T20:13:38.3507409Z 134:41  Warning: 'finalError' is assigned a value but never used.  @typescript-eslint/no-unused-vars
2025-10-12T20:13:38.3507992Z 
2025-10-12T20:13:38.3508164Z ./app/api/dev/find-hidden-session/route.ts
2025-10-12T20:13:38.3508809Z 9:27  Warning: 'request' is defined but never used.  @typescript-eslint/no-unused-vars
2025-10-12T20:13:38.3509309Z 
2025-10-12T20:13:38.3509490Z ./app/api/dev/force-clear-sessions/route.ts
2025-10-12T20:13:38.3510130Z 9:28  Warning: 'request' is defined but never used.  @typescript-eslint/no-unused-vars
2025-10-12T20:13:38.3510815Z 
2025-10-12T20:13:38.3510972Z ./app/api/dev/gemini-status/route.ts
2025-10-12T20:13:38.3511580Z 9:27  Warning: 'request' is defined but never used.  @typescript-eslint/no-unused-vars
2025-10-12T20:13:38.3512082Z 
2025-10-12T20:13:38.3512227Z ./app/api/dev/nuclear-clear/route.ts
2025-10-12T20:13:38.3512837Z 12:28  Warning: 'request' is defined but never used.  @typescript-eslint/no-unused-vars
2025-10-12T20:13:38.3513745Z 95:34  Warning: Unexpected any. Specify a different type.  @typescript-eslint/no-explicit-any
2025-10-12T20:13:38.3514303Z 
2025-10-12T20:13:38.3514469Z ./app/api/feedback/route.ts
2025-10-12T20:13:38.3515116Z 28:14  Warning: 'authError' is assigned a value but never used.  @typescript-eslint/no-unused-vars
2025-10-12T20:13:38.3515689Z 
2025-10-12T20:13:38.3515833Z ./app/api/health/route.ts
2025-10-12T20:13:38.3516398Z 8:27  Warning: 'request' is defined but never used.  @typescript-eslint/no-unused-vars
2025-10-12T20:13:38.3517259Z 14:13  Warning: 'data' is assigned a value but never used.  @typescript-eslint/no-unused-vars
2025-10-12T20:13:38.3517895Z 
2025-10-12T20:13:38.3518072Z ./app/api/try-on/cleanup-sessions/route.ts
2025-10-12T20:13:38.3518750Z 10:28  Warning: 'request' is defined but never used.  @typescript-eslint/no-unused-vars
2025-10-12T20:13:38.3519268Z 
2025-10-12T20:13:38.3519417Z ./app/api/try-on/process/route.ts
2025-10-12T20:13:38.3520079Z 8:3  Warning: 'TierLimitError' is defined but never used.  @typescript-eslint/no-unused-vars
2025-10-12T20:13:38.3520789Z 
2025-10-12T20:13:38.3520977Z ./app/api/try-on/sessions/[sessionId]/route.ts
2025-10-12T20:13:38.3521895Z 91:23  Warning: Unexpected any. Specify a different type.  @typescript-eslint/no-explicit-any
2025-10-12T20:13:38.3522451Z 
2025-10-12T20:13:38.3522610Z ./app/api/try-on/sessions/route.ts
2025-10-12T20:13:38.3523270Z 107:70  Warning: Unexpected any. Specify a different type.  @typescript-eslint/no-explicit-any
2025-10-12T20:13:38.3523833Z 
2025-10-12T20:13:38.3523989Z ./app/api/user/base-photos/route.ts
2025-10-12T20:13:38.3524606Z 10:27  Warning: 'request' is defined but never used.  @typescript-eslint/no-unused-vars
2025-10-12T20:13:38.3525549Z 134:19  Warning: 'uploadData' is assigned a value but never used.  @typescript-eslint/no-unused-vars
2025-10-12T20:13:38.3526560Z 156:19  Warning: 'thumbnailData' is assigned a value but never used.  @typescript-eslint/no-unused-vars
2025-10-12T20:13:38.3527165Z 
2025-10-12T20:13:38.3527321Z ./app/api/user/data-deletion/route.ts
2025-10-12T20:13:38.3527973Z 203:27  Warning: 'request' is defined but never used.  @typescript-eslint/no-unused-vars
2025-10-12T20:13:38.3528498Z 
2025-10-12T20:13:38.3528649Z ./app/api/user/data-export/route.ts
2025-10-12T20:13:38.3529343Z 180:22  Warning: Unexpected any. Specify a different type.  @typescript-eslint/no-explicit-any
2025-10-12T20:13:38.3530324Z 198:19  Warning: 'uploadData' is assigned a value but never used.  @typescript-eslint/no-unused-vars
2025-10-12T20:13:38.3531409Z 226:27  Warning: 'request' is defined but never used.  @typescript-eslint/no-unused-vars
2025-10-12T20:13:38.3531923Z 
2025-10-12T20:13:38.3532079Z ./app/api/user/tier-status/route.ts
2025-10-12T20:13:38.3532687Z 10:27  Warning: 'request' is defined but never used.  @typescript-eslint/no-unused-vars
2025-10-12T20:13:38.3533201Z 
2025-10-12T20:13:38.3533358Z ./app/dev/session-manager/page.tsx
2025-10-12T20:13:38.3534023Z 58:19  Warning: Unexpected any. Specify a different type.  @typescript-eslint/no-explicit-any
2025-10-12T20:13:38.3535448Z 291:6  Warning: React Hook useEffect has a missing dependency: 'loadData'. Either include it or remove the dependency array.  react-hooks/exhaustive-deps
2025-10-12T20:13:38.3536450Z 
2025-10-12T20:13:38.3536582Z ./app/page.tsx
2025-10-12T20:13:38.3537148Z 128:20  Warning: `'` can be escaped with `&apos;`, `&lsquo;`, `&#39;`, `&rsquo;`.  react/no-unescaped-entities
2025-10-12T20:13:38.3537696Z 
2025-10-12T20:13:38.3537900Z ./components/features/support/SupportCenter.tsx
2025-10-12T20:13:38.3538597Z 17:3  Warning: 'Phone' is defined but never used.  @typescript-eslint/no-unused-vars
2025-10-12T20:13:38.3539479Z 21:3  Warning: 'ExternalLink' is defined but never used.  @typescript-eslint/no-unused-vars
2025-10-12T20:13:38.3540526Z 92:19  Warning: Unexpected empty method 'action'.  @typescript-eslint/no-empty-function
2025-10-12T20:13:38.3541417Z 99:19  Warning: Unexpected empty method 'action'.  @typescript-eslint/no-empty-function
2025-10-12T20:13:38.3541938Z 
2025-10-12T20:13:38.3542150Z ./components/features/try-on/CategorySelector.tsx
2025-10-12T20:13:38.3542910Z 80:38  Warning: Unexpected any. Specify a different type.  @typescript-eslint/no-explicit-any
2025-10-12T20:13:38.3543886Z 85:20  Warning: Unexpected any. Specify a different type.  @typescript-eslint/no-explicit-any
2025-10-12T20:13:38.3544854Z 86:21  Warning: Unexpected any. Specify a different type.  @typescript-eslint/no-explicit-any
2025-10-12T20:13:38.3545799Z 87:44  Warning: Unexpected any. Specify a different type.  @typescript-eslint/no-explicit-any
2025-10-12T20:13:38.3546665Z 99:18  Warning: Unexpected any. Specify a different type.  @typescript-eslint/no-explicit-any
2025-10-12T20:13:38.3547585Z 129:45  Warning: Unexpected any. Specify a different type.  @typescript-eslint/no-explicit-any
2025-10-12T20:13:38.3549125Z 175:6  Warning: React Hook useCallback has missing dependencies: 'cacheRoot.clothingByUser' and 'selectedCategories'. Either include them or remove the dependency array.  react-hooks/exhaustive-deps
2025-10-12T20:13:38.3550778Z 314:73  Warning: `'` can be escaped with `&apos;`, `&lsquo;`, `&#39;`, `&rsquo;`.  react/no-unescaped-entities
2025-10-12T20:13:38.3551512Z 
2025-10-12T20:13:38.3551717Z ./components/features/try-on/ClothingSelector.tsx
2025-10-12T20:13:38.3552462Z 100:38  Warning: Unexpected any. Specify a different type.  @typescript-eslint/no-explicit-any
2025-10-12T20:13:38.3553418Z 104:20  Warning: Unexpected any. Specify a different type.  @typescript-eslint/no-explicit-any
2025-10-12T20:13:38.3554362Z 105:21  Warning: Unexpected any. Specify a different type.  @typescript-eslint/no-explicit-any
2025-10-12T20:13:38.3555234Z 106:44  Warning: Unexpected any. Specify a different type.  @typescript-eslint/no-explicit-any
2025-10-12T20:13:38.3556033Z 125:21  Warning: Unexpected any. Specify a different type.  @typescript-eslint/no-explicit-any
2025-10-12T20:13:38.3556795Z 150:28  Warning: Unexpected any. Specify a different type.  @typescript-eslint/no-explicit-any
2025-10-12T20:13:38.3557967Z 156:6  Warning: React Hook useCallback has a missing dependency: 'cacheRoot.clothingByUser'. Either include it or remove the dependency array.  react-hooks/exhaustive-deps
2025-10-12T20:13:38.3558782Z 
2025-10-12T20:13:38.3558935Z ./components/features/try-on/TryOnResult.tsx
2025-10-12T20:13:38.3560684Z 30:11  Warning: Using `<img>` could result in slower LCP and higher bandwidth. Consider using `<Image />` from `next/image` or a custom image loader to automatically optimize images. This may incur additional usage or cost from your provider. See: https://nextjs.org/docs/messages/no-img-element  @next/next/no-img-element
2025-10-12T20:13:38.3562399Z 76:35  Warning: Unexpected any. Specify a different type.  @typescript-eslint/no-explicit-any
2025-10-12T20:13:38.3563168Z 77:39  Warning: Unexpected any. Specify a different type.  @typescript-eslint/no-explicit-any
2025-10-12T20:13:38.3563612Z 
2025-10-12T20:13:38.3563751Z ./components/forms/BasePhotoUpload.tsx
2025-10-12T20:13:38.3564406Z 460:32  Warning: `'` can be escaped with `&apos;`, `&lsquo;`, `&#39;`, `&rsquo;`.  react/no-unescaped-entities
2025-10-12T20:13:38.3565123Z 
2025-10-12T20:13:38.3565307Z ./components/forms/ConsentManager.tsx
2025-10-12T20:13:38.3565941Z 107:14  Warning: 'error' is defined but never used.  @typescript-eslint/no-unused-vars
2025-10-12T20:13:38.3566448Z 
2025-10-12T20:13:38.3566608Z ./components/forms/FeedbackForm.tsx
2025-10-12T20:13:38.3567268Z 116:13  Warning: `'` can be escaped with `&apos;`, `&lsquo;`, `&#39;`, `&rsquo;`.  react/no-unescaped-entities
2025-10-12T20:13:38.3568187Z 294:15  Warning: `'` can be escaped with `&apos;`, `&lsquo;`, `&#39;`, `&rsquo;`.  react/no-unescaped-entities
2025-10-12T20:13:38.3568730Z 
2025-10-12T20:13:38.3568882Z ./components/help/HelpCenter.tsx
2025-10-12T20:13:38.3569551Z 164:53  Warning: Unexpected any. Specify a different type.  @typescript-eslint/no-explicit-any
2025-10-12T20:13:38.3571821Z 243:19  Warning: Using `<img>` could result in slower LCP and higher bandwidth. Consider using `<Image />` from `next/image` or a custom image loader to automatically optimize images. This may incur additional usage or cost from your provider. See: https://nextjs.org/docs/messages/no-img-element  @next/next/no-img-element
2025-10-12T20:13:38.3573631Z 
2025-10-12T20:13:38.3573885Z ./components/monitoring/MonitoringDashboard.tsx
2025-10-12T20:13:38.3574740Z 16:15  Warning: Unexpected any. Specify a different type.  @typescript-eslint/no-explicit-any
2025-10-12T20:13:38.3575668Z 17:13  Warning: Unexpected any. Specify a different type.  @typescript-eslint/no-explicit-any
2025-10-12T20:13:38.3576599Z 19:31  Warning: Unexpected any. Specify a different type.  @typescript-eslint/no-explicit-any
2025-10-12T20:13:38.3577503Z 181:55  Warning: Unexpected any. Specify a different type.  @typescript-eslint/no-explicit-any
2025-10-12T20:13:38.3578084Z 
2025-10-12T20:13:38.3578276Z ./components/onboarding/OnboardingFlow.tsx
2025-10-12T20:13:38.3580161Z 177:17  Warning: Using `<img>` could result in slower LCP and higher bandwidth. Consider using `<Image />` from `next/image` or a custom image loader to automatically optimize images. This may incur additional usage or cost from your provider. See: https://nextjs.org/docs/messages/no-img-element  @next/next/no-img-element
2025-10-12T20:13:38.3582173Z 
2025-10-12T20:13:38.3582334Z ./components/ui/LazyImage.tsx
2025-10-12T20:13:38.3582969Z 33:3  Warning: 'quality' is assigned a value but never used.  @typescript-eslint/no-unused-vars
2025-10-12T20:13:38.3583923Z 51:5  Warning: 'isInView' is assigned a value but never used.  @typescript-eslint/no-unused-vars
2025-10-12T20:13:38.3584909Z 52:17  Warning: 'handleLazyLoad' is assigned a value but never used.  @typescript-eslint/no-unused-vars
2025-10-12T20:13:38.3585951Z 53:18  Warning: 'handleLazyError' is assigned a value but never used.  @typescript-eslint/no-unused-vars
2025-10-12T20:13:38.3588079Z 106:13  Warning: Using `<img>` could result in slower LCP and higher bandwidth. Consider using `<Image />` from `next/image` or a custom image loader to automatically optimize images. This may incur additional usage or cost from your provider. See: https://nextjs.org/docs/messages/no-img-element  @next/next/no-img-element
2025-10-12T20:13:38.3589756Z 
2025-10-12T20:13:38.3589919Z ./components/ui/fallback-ui.tsx
2025-10-12T20:13:38.3590650Z 15:3  Warning: 'Wifi' is defined but never used.  @typescript-eslint/no-unused-vars
2025-10-12T20:13:38.3591158Z 
2025-10-12T20:13:38.3591297Z ./lib/ai/gemini.ts
2025-10-12T20:13:38.3591898Z 24:29  Warning: Unexpected any. Specify a different type.  @typescript-eslint/no-explicit-any
2025-10-12T20:13:38.3592875Z 334:13  Warning: Unexpected any. Specify a different type.  @typescript-eslint/no-explicit-any
2025-10-12T20:13:38.3593844Z 335:14  Warning: Unexpected any. Specify a different type.  @typescript-eslint/no-explicit-any
2025-10-12T20:13:38.3594812Z 351:46  Warning: Unexpected any. Specify a different type.  @typescript-eslint/no-explicit-any
2025-10-12T20:13:38.3595779Z 365:49  Warning: Unexpected any. Specify a different type.  @typescript-eslint/no-explicit-any
2025-10-12T20:13:38.3596926Z 403:32  Warning: Unexpected any. Specify a different type.  @typescript-eslint/no-explicit-any
2025-10-12T20:13:38.3597902Z 510:11  Warning: 'result' is assigned a value but never used.  @typescript-eslint/no-unused-vars
2025-10-12T20:13:38.3598452Z 
2025-10-12T20:13:38.3598604Z ./lib/ai/try-on-processor.ts
2025-10-12T20:13:38.3599201Z 10:8  Warning: 'mime' is defined but never used.  @typescript-eslint/no-unused-vars
2025-10-12T20:13:38.3600075Z 459:5  Warning: 'basePhoto' is defined but never used.  @typescript-eslint/no-unused-vars
2025-10-12T20:13:38.3601139Z 460:5  Warning: 'clothingItems' is defined but never used.  @typescript-eslint/no-unused-vars
2025-10-12T20:13:38.3602083Z 498:13  Warning: 'data' is assigned a value but never used.  @typescript-eslint/no-unused-vars
2025-10-12T20:13:38.3602620Z 
2025-10-12T20:13:38.3602773Z ./lib/auth/supabase-auth.ts
2025-10-12T20:13:38.3603433Z 17:10  Warning: Unexpected any. Specify a different type.  @typescript-eslint/no-explicit-any
2025-10-12T20:13:38.3604018Z 
2025-10-12T20:13:38.3604200Z ./lib/database/migration-runner.ts
2025-10-12T20:13:38.3604891Z 154:23  Warning: Unexpected any. Specify a different type.  @typescript-eslint/no-explicit-any
2025-10-12T20:13:38.3605877Z 154:40  Warning: Unexpected any. Specify a different type.  @typescript-eslint/no-explicit-any
2025-10-12T20:13:38.3606448Z 
2025-10-12T20:13:38.3606608Z ./lib/database/schema-validator.ts
2025-10-12T20:13:38.3607309Z 156:36  Warning: Unexpected any. Specify a different type.  @typescript-eslint/no-explicit-any
2025-10-12T20:13:38.3608298Z 156:53  Warning: Unexpected any. Specify a different type.  @typescript-eslint/no-explicit-any
2025-10-12T20:13:38.3609264Z 233:35  Warning: Unexpected any. Specify a different type.  @typescript-eslint/no-explicit-any
2025-10-12T20:13:38.3610248Z 233:52  Warning: Unexpected any. Specify a different type.  @typescript-eslint/no-explicit-any
2025-10-12T20:13:38.3611392Z 287:36  Warning: Unexpected any. Specify a different type.  @typescript-eslint/no-explicit-any
2025-10-12T20:13:38.3612575Z 287:53  Warning: Unexpected any. Specify a different type.  @typescript-eslint/no-explicit-any
2025-10-12T20:13:38.3613149Z 
2025-10-12T20:13:38.3613319Z ./lib/database/supabase-client.ts
2025-10-12T20:13:38.3614000Z 11:37  Warning: Unexpected any. Specify a different type.  @typescript-eslint/no-explicit-any
2025-10-12T20:13:38.3614971Z 27:31  Warning: Unexpected any. Specify a different type.  @typescript-eslint/no-explicit-any
2025-10-12T20:13:38.3615926Z 49:28  Warning: Unexpected any. Specify a different type.  @typescript-eslint/no-explicit-any
2025-10-12T20:13:38.3616886Z 62:28  Warning: Unexpected any. Specify a different type.  @typescript-eslint/no-explicit-any
2025-10-12T20:13:38.3617841Z 77:28  Warning: Unexpected any. Specify a different type.  @typescript-eslint/no-explicit-any
2025-10-12T20:13:38.3618403Z 
2025-10-12T20:13:38.3618554Z ./lib/hooks/useAnalytics.ts
2025-10-12T20:13:38.3619210Z 11:59  Warning: Unexpected any. Specify a different type.  @typescript-eslint/no-explicit-any
2025-10-12T20:13:38.3620166Z 16:31  Warning: Unexpected any. Specify a different type.  @typescript-eslint/no-explicit-any
2025-10-12T20:13:38.3621257Z 27:49  Warning: Unexpected any. Specify a different type.  @typescript-eslint/no-explicit-any
2025-10-12T20:13:38.3622206Z 44:65  Warning: Unexpected any. Specify a different type.  @typescript-eslint/no-explicit-any
2025-10-12T20:13:38.3622778Z 
2025-10-12T20:13:38.3622929Z ./lib/middleware/security.ts
2025-10-12T20:13:38.3623666Z 26:42  Warning: 'sessionManager' is assigned a value but never used.  @typescript-eslint/no-unused-vars
2025-10-12T20:13:38.3624647Z 335:3  Warning: 'token' is defined but never used.  @typescript-eslint/no-unused-vars
2025-10-12T20:13:38.3625206Z 
2025-10-12T20:13:38.3625380Z ./lib/middleware/tierEnforcement.ts
2025-10-12T20:13:38.3626104Z 146:54  Warning: Unexpected any. Specify a different type.  @typescript-eslint/no-explicit-any
2025-10-12T20:13:38.3627298Z 183:55  Warning: Unexpected any. Specify a different type.  @typescript-eslint/no-explicit-any
2025-10-12T20:13:38.3628358Z 233:11  Warning: Unexpected any. Specify a different type.  @typescript-eslint/no-explicit-any
2025-10-12T20:13:38.3629329Z 234:12  Warning: Unexpected any. Specify a different type.  @typescript-eslint/no-explicit-any
2025-10-12T20:13:38.3629906Z 
2025-10-12T20:13:38.3630074Z ./lib/middleware/usage-tracking.ts
2025-10-12T20:13:38.3630925Z 22:29  Warning: Unexpected any. Specify a different type.  @typescript-eslint/no-explicit-any
2025-10-12T20:13:38.3631891Z 70:31  Warning: Unexpected any. Specify a different type.  @typescript-eslint/no-explicit-any
2025-10-12T20:13:38.3632866Z 100:31  Warning: Unexpected any. Specify a different type.  @typescript-eslint/no-explicit-any
2025-10-12T20:13:38.3633831Z 138:31  Warning: Unexpected any. Specify a different type.  @typescript-eslint/no-explicit-any
2025-10-12T20:13:38.3634800Z 165:31  Warning: Unexpected any. Specify a different type.  @typescript-eslint/no-explicit-any
2025-10-12T20:13:38.3635774Z 189:34  Warning: Unexpected any. Specify a different type.  @typescript-eslint/no-explicit-any
2025-10-12T20:13:38.3636752Z 214:31  Warning: Unexpected any. Specify a different type.  @typescript-eslint/no-explicit-any
2025-10-12T20:13:38.3637751Z 237:31  Warning: Unexpected any. Specify a different type.  @typescript-eslint/no-explicit-any
2025-10-12T20:13:38.3638729Z 390:24  Warning: Unexpected any. Specify a different type.  @typescript-eslint/no-explicit-any
2025-10-12T20:13:38.3639653Z 417:3  Warning: '_config' is defined but never used.  @typescript-eslint/no-unused-vars
2025-10-12T20:13:38.3640189Z 
2025-10-12T20:13:38.3640485Z ./lib/middleware/usageTracking.ts
2025-10-12T20:13:38.3641178Z 23:49  Warning: Unexpected any. Specify a different type.  @typescript-eslint/no-explicit-any
2025-10-12T20:13:38.3642144Z 32:15  Warning: Unexpected any. Specify a different type.  @typescript-eslint/no-explicit-any
2025-10-12T20:13:38.3643127Z 122:13  Warning: Unexpected any. Specify a different type.  @typescript-eslint/no-explicit-any
2025-10-12T20:13:38.3644286Z 124:12  Warning: Unexpected any. Specify a different type.  @typescript-eslint/no-explicit-any
2025-10-12T20:13:38.3645263Z 175:38  Warning: Unexpected any. Specify a different type.  @typescript-eslint/no-explicit-any
2025-10-12T20:13:38.3646201Z 201:3  Warning: '_usageData' is defined but never used.  @typescript-eslint/no-unused-vars
2025-10-12T20:13:38.3647138Z 201:15  Warning: Unexpected any. Specify a different type.  @typescript-eslint/no-explicit-any
2025-10-12T20:13:38.3648186Z 256:13  Warning: Unexpected any. Specify a different type.  @typescript-eslint/no-explicit-any
2025-10-12T20:13:38.3648749Z 
2025-10-12T20:13:38.3648896Z ./lib/monitoring/logger.ts
2025-10-12T20:13:38.3649547Z 23:11  Warning: Unexpected any. Specify a different type.  @typescript-eslint/no-explicit-any
2025-10-12T20:13:38.3650634Z 33:29  Warning: Unexpected any. Specify a different type.  @typescript-eslint/no-explicit-any
2025-10-12T20:13:38.3651613Z 323:33  Warning: Unexpected any. Specify a different type.  @typescript-eslint/no-explicit-any
2025-10-12T20:13:38.3652596Z 324:33  Warning: Unexpected any. Specify a different type.  @typescript-eslint/no-explicit-any
2025-10-12T20:13:38.3653567Z 396:31  Warning: Unexpected any. Specify a different type.  @typescript-eslint/no-explicit-any
2025-10-12T20:13:38.3654519Z 414:31  Warning: Unexpected any. Specify a different type.  @typescript-eslint/no-explicit-any
2025-10-12T20:13:38.3655458Z 563:33  Warning: Unexpected any. Specify a different type.  @typescript-eslint/no-explicit-any
2025-10-12T20:13:38.3656411Z 565:17  Warning: Unexpected any. Specify a different type.  @typescript-eslint/no-explicit-any
2025-10-12T20:13:38.3657375Z 566:13  Warning: Unexpected any. Specify a different type.  @typescript-eslint/no-explicit-any
2025-10-12T20:13:38.3657926Z 
2025-10-12T20:13:38.3658133Z ./lib/security/rateLimiter.ts
2025-10-12T20:13:38.3659010Z 217:28  Warning: Unexpected any. Specify a different type.  @typescript-eslint/no-explicit-any
2025-10-12T20:13:38.3659891Z 348:9  Warning: '_' is defined but never used.  @typescript-eslint/no-unused-vars
2025-10-12T20:13:38.3660810Z 418:17  Warning: '_' is defined but never used.  @typescript-eslint/no-unused-vars
2025-10-12T20:13:38.3661622Z 419:25  Warning: '_' is defined but never used.  @typescript-eslint/no-unused-vars
2025-10-12T20:13:38.3662098Z 
2025-10-12T20:13:38.3662242Z ./lib/services/analytics.ts
2025-10-12T20:13:38.3662878Z 13:31  Warning: Unexpected any. Specify a different type.  @typescript-eslint/no-explicit-any
2025-10-12T20:13:38.3663837Z 151:31  Warning: Unexpected any. Specify a different type.  @typescript-eslint/no-explicit-any
2025-10-12T20:13:38.3664793Z 232:36  Warning: Unexpected any. Specify a different type.  @typescript-eslint/no-explicit-any
2025-10-12T20:13:38.3665771Z 246:33  Warning: Unexpected any. Specify a different type.  @typescript-eslint/no-explicit-any
2025-10-12T20:13:38.3666326Z 
2025-10-12T20:13:38.3666496Z ./lib/services/clothingService.ts
2025-10-12T20:13:38.3667177Z 41:14  Warning: Unexpected any. Specify a different type.  @typescript-eslint/no-explicit-any
2025-10-12T20:13:38.3668138Z 384:28  Warning: Unexpected any. Specify a different type.  @typescript-eslint/no-explicit-any
2025-10-12T20:13:38.3669093Z 511:42  Warning: Unexpected any. Specify a different type.  @typescript-eslint/no-explicit-any
2025-10-12T20:13:38.3669658Z 
2025-10-12T20:13:38.3669834Z ./lib/services/image-processing.ts
2025-10-12T20:13:38.3670650Z 22:29  Warning: Unexpected any. Specify a different type.  @typescript-eslint/no-explicit-any
2025-10-12T20:13:38.3671604Z 126:67  Warning: Unexpected any. Specify a different type.  @typescript-eslint/no-explicit-any
2025-10-12T20:13:38.3672574Z 146:28  Warning: Unexpected any. Specify a different type.  @typescript-eslint/no-explicit-any
2025-10-12T20:13:38.3673485Z 245:14  Warning: 'error' is defined but never used.  @typescript-eslint/no-unused-vars
2025-10-12T20:13:38.3674391Z 281:27  Warning: Unexpected any. Specify a different type.  @typescript-eslint/no-explicit-any
2025-10-12T20:13:38.3675114Z 
2025-10-12T20:13:38.3675261Z ./lib/services/tierService.ts
2025-10-12T20:13:38.3675872Z 122:5  Warning: '_metadata' is defined but never used.  @typescript-eslint/no-unused-vars
2025-10-12T20:13:38.3676794Z 122:32  Warning: Unexpected any. Specify a different type.  @typescript-eslint/no-explicit-any
2025-10-12T20:13:38.3677714Z 168:32  Warning: Unexpected any. Specify a different type.  @typescript-eslint/no-explicit-any
2025-10-12T20:13:38.3678650Z 215:32  Warning: Unexpected any. Specify a different type.  @typescript-eslint/no-explicit-any
2025-10-12T20:13:38.3679597Z 247:34  Warning: Unexpected any. Specify a different type.  @typescript-eslint/no-explicit-any
2025-10-12T20:13:38.3680666Z 420:40  Warning: '_userId' is defined but never used.  @typescript-eslint/no-unused-vars
2025-10-12T20:13:38.3681540Z 451:5  Warning: '_action' is defined but never used.  @typescript-eslint/no-unused-vars
2025-10-12T20:13:38.3682067Z 
2025-10-12T20:13:38.3682211Z ./lib/supabase/client.ts
2025-10-12T20:13:38.3682863Z 186:54  Warning: Unexpected any. Specify a different type.  @typescript-eslint/no-explicit-any
2025-10-12T20:13:38.3683452Z 
2025-10-12T20:13:38.3683595Z ./lib/supabase/storage.ts
2025-10-12T20:13:38.3684242Z 54:22  Warning: Unexpected any. Specify a different type.  @typescript-eslint/no-explicit-any
2025-10-12T20:13:38.3685207Z 54:34  Warning: Unexpected any. Specify a different type.  @typescript-eslint/no-explicit-any
2025-10-12T20:13:38.3686175Z 81:22  Warning: Unexpected any. Specify a different type.  @typescript-eslint/no-explicit-any
2025-10-12T20:13:38.3687134Z 81:34  Warning: Unexpected any. Specify a different type.  @typescript-eslint/no-explicit-any
2025-10-12T20:13:38.3688108Z 95:22  Warning: Unexpected any. Specify a different type.  @typescript-eslint/no-explicit-any
2025-10-12T20:13:38.3689058Z 95:34  Warning: Unexpected any. Specify a different type.  @typescript-eslint/no-explicit-any
2025-10-12T20:13:38.3690242Z 107:22  Warning: Unexpected any. Specify a different type.  @typescript-eslint/no-explicit-any
2025-10-12T20:13:38.3691364Z 107:34  Warning: Unexpected any. Specify a different type.  @typescript-eslint/no-explicit-any
2025-10-12T20:13:38.3692322Z 119:22  Warning: Unexpected any. Specify a different type.  @typescript-eslint/no-explicit-any
2025-10-12T20:13:38.3693296Z 119:34  Warning: Unexpected any. Specify a different type.  @typescript-eslint/no-explicit-any
2025-10-12T20:13:38.3694268Z 175:66  Warning: Unexpected any. Specify a different type.  @typescript-eslint/no-explicit-any
2025-10-12T20:13:38.3694838Z 
2025-10-12T20:13:38.3694979Z ./lib/types/clothing.ts
2025-10-12T20:13:38.3695617Z 222:33  Warning: Unexpected any. Specify a different type.  @typescript-eslint/no-explicit-any
2025-10-12T20:13:38.3696184Z 
2025-10-12T20:13:38.3696322Z ./lib/types/common.ts
2025-10-12T20:13:38.3696944Z 25:34  Warning: Unexpected any. Specify a different type.  @typescript-eslint/no-explicit-any
2025-10-12T20:13:38.3697918Z 88:28  Warning: Unexpected any. Specify a different type.  @typescript-eslint/no-explicit-any
2025-10-12T20:13:38.3698875Z 96:11  Warning: Unexpected any. Specify a different type.  @typescript-eslint/no-explicit-any
2025-10-12T20:13:38.3699446Z 
2025-10-12T20:13:38.3699587Z ./lib/types/database.ts
2025-10-12T20:13:38.3700210Z 16:39  Warning: Unexpected any. Specify a different type.  @typescript-eslint/no-explicit-any
2025-10-12T20:13:38.3701292Z 31:40  Warning: Unexpected any. Specify a different type.  @typescript-eslint/no-explicit-any
2025-10-12T20:13:38.3702258Z 46:40  Warning: Unexpected any. Specify a different type.  @typescript-eslint/no-explicit-any
2025-10-12T20:13:38.3703211Z 66:36  Warning: Unexpected any. Specify a different type.  @typescript-eslint/no-explicit-any
2025-10-12T20:13:38.3704185Z 77:37  Warning: Unexpected any. Specify a different type.  @typescript-eslint/no-explicit-any
2025-10-12T20:13:38.3705142Z 88:37  Warning: Unexpected any. Specify a different type.  @typescript-eslint/no-explicit-any
2025-10-12T20:13:38.3706336Z 98:36  Warning: Unexpected any. Specify a different type.  @typescript-eslint/no-explicit-any
2025-10-12T20:13:38.3707305Z 107:37  Warning: Unexpected any. Specify a different type.  @typescript-eslint/no-explicit-any
2025-10-12T20:13:38.3708283Z 116:37  Warning: Unexpected any. Specify a different type.  @typescript-eslint/no-explicit-any
2025-10-12T20:13:38.3709355Z 125:36  Warning: Unexpected any. Specify a different type.  @typescript-eslint/no-explicit-any
2025-10-12T20:13:38.3710326Z 136:37  Warning: Unexpected any. Specify a different type.  @typescript-eslint/no-explicit-any
2025-10-12T20:13:38.3711466Z 147:37  Warning: Unexpected any. Specify a different type.  @typescript-eslint/no-explicit-any
2025-10-12T20:13:38.3712035Z 
2025-10-12T20:13:38.3712175Z ./lib/types/index.ts
2025-10-12T20:13:38.3712765Z 73:29  Warning: Unexpected any. Specify a different type.  @typescript-eslint/no-explicit-any
2025-10-12T20:13:38.3713794Z 78:29  Warning: Unexpected any. Specify a different type.  @typescript-eslint/no-explicit-any
2025-10-12T20:13:38.3714764Z 81:35  Warning: Unexpected any. Specify a different type.  @typescript-eslint/no-explicit-any
2025-10-12T20:13:38.3715719Z 91:27  Warning: Unexpected any. Specify a different type.  @typescript-eslint/no-explicit-any
2025-10-12T20:13:38.3716669Z 108:33  Warning: Unexpected any. Specify a different type.  @typescript-eslint/no-explicit-any
2025-10-12T20:13:38.3717645Z 111:10  Warning: Unexpected any. Specify a different type.  @typescript-eslint/no-explicit-any
2025-10-12T20:13:38.3718618Z 114:30  Warning: Unexpected any. Specify a different type.  @typescript-eslint/no-explicit-any
2025-10-12T20:13:38.3719555Z 171:28  Warning: Unexpected any. Specify a different type.  @typescript-eslint/no-explicit-any
2025-10-12T20:13:38.3720648Z 179:11  Warning: Unexpected any. Specify a different type.  @typescript-eslint/no-explicit-any
2025-10-12T20:13:38.3721797Z 189:31  Warning: Unexpected any. Specify a different type.  @typescript-eslint/no-explicit-any
2025-10-12T20:13:38.3722381Z 
2025-10-12T20:13:38.3722793Z ./lib/types/try-on.ts
2025-10-12T20:13:38.3749158Z 57:36  Warning: Unexpected any. Specify a different type.  @typescript-eslint/no-explicit-any
2025-10-12T20:13:38.3750177Z 60:27  Warning: Unexpected any. Specify a different type.  @typescript-eslint/no-explicit-any
2025-10-12T20:13:38.3751414Z 266:28  Warning: Unexpected any. Specify a different type.  @typescript-eslint/no-explicit-any
2025-10-12T20:13:38.3751985Z 
2025-10-12T20:13:38.3752206Z ./lib/types/user.ts
2025-10-12T20:13:38.3752806Z 45:27  Warning: Unexpected any. Specify a different type.  @typescript-eslint/no-explicit-any
2025-10-12T20:13:38.3753769Z 149:27  Warning: Unexpected any. Specify a different type.  @typescript-eslint/no-explicit-any
2025-10-12T20:13:38.3754739Z 195:19  Warning: Unexpected any. Specify a different type.  @typescript-eslint/no-explicit-any
2025-10-12T20:13:38.3755700Z 196:20  Warning: Unexpected any. Specify a different type.  @typescript-eslint/no-explicit-any
2025-10-12T20:13:38.3756222Z 
2025-10-12T20:13:38.3756391Z ./lib/utils/closetOrganization.ts
2025-10-12T20:13:38.3757052Z 189:19  Warning: Unexpected any. Specify a different type.  @typescript-eslint/no-explicit-any
2025-10-12T20:13:38.3758002Z 189:32  Warning: Unexpected any. Specify a different type.  @typescript-eslint/no-explicit-any
2025-10-12T20:13:38.3758560Z 
2025-10-12T20:13:38.3758713Z ./lib/utils/codeSplitting.tsx
2025-10-12T20:13:38.3759365Z 28:22  Warning: Unexpected any. Specify a different type.  @typescript-eslint/no-explicit-any
2025-10-12T20:13:38.3760288Z 58:73  Warning: Unexpected any. Specify a different type.  @typescript-eslint/no-explicit-any
2025-10-12T20:13:38.3761389Z 68:27  Warning: Unexpected any. Specify a different type.  @typescript-eslint/no-explicit-any
2025-10-12T20:13:38.3762333Z 71:38  Warning: Unexpected any. Specify a different type.  @typescript-eslint/no-explicit-any
2025-10-12T20:13:38.3763281Z 214:31  Warning: Unexpected any. Specify a different type.  @typescript-eslint/no-explicit-any
2025-10-12T20:13:38.3764469Z 232:46  Warning: Unexpected any. Specify a different type.  @typescript-eslint/no-explicit-any
2025-10-12T20:13:38.3765420Z 309:68  Warning: Unexpected any. Specify a different type.  @typescript-eslint/no-explicit-any
2025-10-12T20:13:38.3766392Z 314:66  Warning: Unexpected any. Specify a different type.  @typescript-eslint/no-explicit-any
2025-10-12T20:13:38.3766960Z 
2025-10-12T20:13:38.3767114Z ./lib/utils/error-boundary.tsx
2025-10-12T20:13:38.3767789Z 146:45  Warning: Unexpected any. Specify a different type.  @typescript-eslint/no-explicit-any
2025-10-12T20:13:38.3768355Z 
2025-10-12T20:13:38.3768492Z ./lib/utils/errors.ts
2025-10-12T20:13:38.3769105Z 12:28  Warning: Unexpected any. Specify a different type.  @typescript-eslint/no-explicit-any
2025-10-12T20:13:38.3770062Z 21:30  Warning: Unexpected any. Specify a different type.  @typescript-eslint/no-explicit-any
2025-10-12T20:13:38.3771227Z 33:43  Warning: Unexpected any. Specify a different type.  @typescript-eslint/no-explicit-any
2025-10-12T20:13:38.3772217Z 36:57  Warning: Unexpected any. Specify a different type.  @typescript-eslint/no-explicit-any
2025-10-12T20:13:38.3773166Z 48:43  Warning: Unexpected any. Specify a different type.  @typescript-eslint/no-explicit-any
2025-10-12T20:13:38.3774097Z 53:30  Warning: Unexpected any. Specify a different type.  @typescript-eslint/no-explicit-any
2025-10-12T20:13:38.3775039Z 66:43  Warning: Unexpected any. Specify a different type.  @typescript-eslint/no-explicit-any
2025-10-12T20:13:38.3775975Z 71:30  Warning: Unexpected any. Specify a different type.  @typescript-eslint/no-explicit-any
2025-10-12T20:13:38.3776920Z 84:43  Warning: Unexpected any. Specify a different type.  @typescript-eslint/no-explicit-any
2025-10-12T20:13:38.3777808Z 87:58  Warning: Unexpected any. Specify a different type.  @typescript-eslint/no-explicit-any
2025-10-12T20:13:38.3778871Z 99:43  Warning: Unexpected any. Specify a different type.  @typescript-eslint/no-explicit-any
2025-10-12T20:13:38.3779851Z 102:57  Warning: Unexpected any. Specify a different type.  @typescript-eslint/no-explicit-any
2025-10-12T20:13:38.3780947Z 114:43  Warning: Unexpected any. Specify a different type.  @typescript-eslint/no-explicit-any
2025-10-12T20:13:38.3781908Z 119:30  Warning: Unexpected any. Specify a different type.  @typescript-eslint/no-explicit-any
2025-10-12T20:13:38.3783032Z 132:43  Warning: Unexpected any. Specify a different type.  @typescript-eslint/no-explicit-any
2025-10-12T20:13:38.3784022Z 139:30  Warning: Unexpected any. Specify a different type.  @typescript-eslint/no-explicit-any
2025-10-12T20:13:38.3785005Z 152:43  Warning: Unexpected any. Specify a different type.  @typescript-eslint/no-explicit-any
2025-10-12T20:13:38.3785968Z 155:74  Warning: Unexpected any. Specify a different type.  @typescript-eslint/no-explicit-any
2025-10-12T20:13:38.3786902Z 167:43  Warning: Unexpected any. Specify a different type.  @typescript-eslint/no-explicit-any
2025-10-12T20:13:38.3787798Z 173:30  Warning: Unexpected any. Specify a different type.  @typescript-eslint/no-explicit-any
2025-10-12T20:13:38.3788767Z 186:43  Warning: Unexpected any. Specify a different type.  @typescript-eslint/no-explicit-any
2025-10-12T20:13:38.3789683Z 192:30  Warning: Unexpected any. Specify a different type.  @typescript-eslint/no-explicit-any
2025-10-12T20:13:38.3790726Z 289:30  Warning: Unexpected any. Specify a different type.  @typescript-eslint/no-explicit-any
2025-10-12T20:13:38.3791684Z 338:43  Warning: Unexpected any. Specify a different type.  @typescript-eslint/no-explicit-any
2025-10-12T20:13:38.3792601Z 344:30  Warning: Unexpected any. Specify a different type.  @typescript-eslint/no-explicit-any
2025-10-12T20:13:38.3793155Z 
2025-10-12T20:13:38.3793317Z ./lib/utils/global-error-handler.ts
2025-10-12T20:13:38.3794006Z 26:38  Warning: Unexpected any. Specify a different type.  @typescript-eslint/no-explicit-any
2025-10-12T20:13:38.3794958Z 224:30  Warning: Unexpected any. Specify a different type.  @typescript-eslint/no-explicit-any
2025-10-12T20:13:38.3796087Z 232:30  Warning: Unexpected any. Specify a different type.  @typescript-eslint/no-explicit-any
2025-10-12T20:13:38.3796636Z 
2025-10-12T20:13:38.3796763Z ./lib/utils/index.ts
2025-10-12T20:13:38.3797366Z 71:46  Warning: Unexpected any. Specify a different type.  @typescript-eslint/no-explicit-any
2025-10-12T20:13:38.3798249Z 71:56  Warning: Unexpected any. Specify a different type.  @typescript-eslint/no-explicit-any
2025-10-12T20:13:38.3799120Z 85:46  Warning: Unexpected any. Specify a different type.  @typescript-eslint/no-explicit-any
2025-10-12T20:13:38.3800071Z 85:56  Warning: Unexpected any. Specify a different type.  @typescript-eslint/no-explicit-any
2025-10-12T20:13:38.3801146Z 102:32  Warning: Unexpected any. Specify a different type.  @typescript-eslint/no-explicit-any
2025-10-12T20:13:38.3802110Z 115:62  Warning: Unexpected any. Specify a different type.  @typescript-eslint/no-explicit-any
2025-10-12T20:13:38.3803069Z 116:72  Warning: Unexpected any. Specify a different type.  @typescript-eslint/no-explicit-any
2025-10-12T20:13:38.3804034Z 118:29  Warning: Unexpected any. Specify a different type.  @typescript-eslint/no-explicit-any
2025-10-12T20:13:38.3804611Z 
2025-10-12T20:13:38.3804742Z ./lib/utils/logger.ts
2025-10-12T20:13:38.3805344Z 14:28  Warning: Unexpected any. Specify a different type.  @typescript-eslint/no-explicit-any
2025-10-12T20:13:38.3806311Z 86:30  Warning: Unexpected any. Specify a different type.  @typescript-eslint/no-explicit-any
2025-10-12T20:13:38.3807289Z 149:51  Warning: Unexpected any. Specify a different type.  @typescript-eslint/no-explicit-any
2025-10-12T20:13:38.3808257Z 153:50  Warning: Unexpected any. Specify a different type.  @typescript-eslint/no-explicit-any
2025-10-12T20:13:38.3809231Z 157:50  Warning: Unexpected any. Specify a different type.  @typescript-eslint/no-explicit-any
2025-10-12T20:13:38.3810509Z 161:66  Warning: Unexpected any. Specify a different type.  @typescript-eslint/no-explicit-any
2025-10-12T20:13:38.3811553Z 165:66  Warning: Unexpected any. Specify a different type.  @typescript-eslint/no-explicit-any
2025-10-12T20:13:38.3812523Z 216:31  Warning: Unexpected any. Specify a different type.  @typescript-eslint/no-explicit-any
2025-10-12T20:13:38.3813096Z 
2025-10-12T20:13:38.3813253Z ./lib/utils/native-helpers.ts
2025-10-12T20:13:38.3813908Z 43:39  Warning: Unexpected any. Specify a different type.  @typescript-eslint/no-explicit-any
2025-10-12T20:13:38.3814487Z 
2025-10-12T20:13:38.3814637Z ./lib/utils/performance.ts
2025-10-12T20:13:38.3815285Z 62:67  Warning: Unexpected any. Specify a different type.  @typescript-eslint/no-explicit-any
2025-10-12T20:13:38.3816246Z 138:31  Warning: Unexpected any. Specify a different type.  @typescript-eslint/no-explicit-any
2025-10-12T20:13:38.3817226Z 149:31  Warning: Unexpected any. Specify a different type.  @typescript-eslint/no-explicit-any
2025-10-12T20:13:38.3818195Z 311:36  Warning: Unexpected any. Specify a different type.  @typescript-eslint/no-explicit-any
2025-10-12T20:13:38.3818773Z 
2025-10-12T20:13:38.3819411Z info  - Need to disable some ESLint rules? Learn more here: https://nextjs.org/docs/app/api-reference/config/eslint#disabling-rules
2025-10-12T20:13:38.4617256Z ##[group]Run bun run test
2025-10-12T20:13:38.4617687Z [36;1mbun run test[0m
2025-10-12T20:13:38.4656174Z shell: /usr/bin/bash -e {0}
2025-10-12T20:13:38.4656409Z env:
2025-10-12T20:13:38.4656649Z   pythonLocation: /opt/hostedtoolcache/Python/3.11.13/x64
2025-10-12T20:13:38.4657073Z   PKG_CONFIG_PATH: /opt/hostedtoolcache/Python/3.11.13/x64/lib/pkgconfig
2025-10-12T20:13:38.4657465Z   Python_ROOT_DIR: /opt/hostedtoolcache/Python/3.11.13/x64
2025-10-12T20:13:38.4657806Z   Python2_ROOT_DIR: /opt/hostedtoolcache/Python/3.11.13/x64
2025-10-12T20:13:38.4658151Z   Python3_ROOT_DIR: /opt/hostedtoolcache/Python/3.11.13/x64
2025-10-12T20:13:38.4658496Z   LD_LIBRARY_PATH: /opt/hostedtoolcache/Python/3.11.13/x64/lib
2025-10-12T20:13:38.4658780Z   CI: true
2025-10-12T20:13:38.4658944Z ##[endgroup]
2025-10-12T20:13:38.4732027Z $ jest --passWithNoTests
2025-10-12T20:13:40.0926422Z FAIL tests/__tests__/try-on-result-generation.integration.test.ts
2025-10-12T20:13:40.0929870Z   ● Test suite failed to run
2025-10-12T20:13:40.0932366Z 
2025-10-12T20:13:40.0932950Z     Cannot find module 'whatwg-fetch' from 'jest.setup.js'
2025-10-12T20:13:40.0933895Z 
2025-10-12T20:13:40.0934826Z     [0m [90m 113 |[39m     getGenerativeModel[33m:[39m jest[33m.[39mfn(() [33m=>[39m ({
2025-10-12T20:13:40.0941503Z      [90m 114 |[39m       generateContent[33m:[39m jest[33m.[39mfn([36masync[39m () [33m=>[39m ({ response[33m:[39m { candidates[33m:[39m [] } }))[33m,[39m
2025-10-12T20:13:40.0943029Z     [31m[1m>[22m[39m[90m 115 |[39m     }))[33m,[39m
2025-10-12T20:13:40.0944444Z      [90m     |[39m [31m[1m^[22m[39m
2025-10-12T20:13:40.0945203Z      [90m 116 |[39m   }))[33m,[39m
2025-10-12T20:13:40.0946047Z      [90m 117 |[39m   [33mHarmCategory[39m[33m:[39m {}[33m,[39m
2025-10-12T20:13:40.0951088Z      [90m 118 |[39m   [33mHarmBlockThreshold[39m[33m:[39m {}[33m,[39m[0m
2025-10-12T20:13:40.0951898Z 
2025-10-12T20:13:40.0952456Z       at Resolver._throwModNotFoundError (node_modules/jest-resolve/build/resolver.js:427:11)
2025-10-12T20:13:40.0953652Z       at Object.<anonymous> (jest.setup.js:115:1)
2025-10-12T20:13:40.0954183Z 
2025-10-12T20:13:40.2021384Z FAIL tests/__tests__/try-on-session.integration.test.ts
2025-10-12T20:13:40.2022614Z   ● Test suite failed to run
2025-10-12T20:13:40.2023182Z 
2025-10-12T20:13:40.2023629Z     Cannot find module 'whatwg-fetch' from 'jest.setup.js'
2025-10-12T20:13:40.2024218Z 
2025-10-12T20:13:40.2024924Z     [0m [90m 113 |[39m     getGenerativeModel[33m:[39m jest[33m.[39mfn(() [33m=>[39m ({
2025-10-12T20:13:40.2026481Z      [90m 114 |[39m       generateContent[33m:[39m jest[33m.[39mfn([36masync[39m () [33m=>[39m ({ response[33m:[39m { candidates[33m:[39m [] } }))[33m,[39m
2025-10-12T20:13:40.2027738Z     [31m[1m>[22m[39m[90m 115 |[39m     }))[33m,[39m
2025-10-12T20:13:40.2028563Z      [90m     |[39m [31m[1m^[22m[39m
2025-10-12T20:13:40.2029317Z      [90m 116 |[39m   }))[33m,[39m
2025-10-12T20:13:40.2030206Z      [90m 117 |[39m   [33mHarmCategory[39m[33m:[39m {}[33m,[39m
2025-10-12T20:13:40.2031492Z      [90m 118 |[39m   [33mHarmBlockThreshold[39m[33m:[39m {}[33m,[39m[0m
2025-10-12T20:13:40.2032234Z 
2025-10-12T20:13:40.2032834Z       at Resolver._throwModNotFoundError (node_modules/jest-resolve/build/resolver.js:427:11)
2025-10-12T20:13:40.2051172Z       at Object.<anonymous> (jest.setup.js:115:1)
2025-10-12T20:13:40.2051753Z 
2025-10-12T20:13:40.3141476Z FAIL tests/__tests__/closet-view.integration.test.tsx
2025-10-12T20:13:40.3146204Z   ● Test suite failed to run
2025-10-12T20:13:40.3150220Z 
2025-10-12T20:13:40.3154158Z     Cannot find module 'whatwg-fetch' from 'jest.setup.js'
2025-10-12T20:13:40.3157958Z 
2025-10-12T20:13:40.3168758Z     [0m [90m 113 |[39m     getGenerativeModel[33m:[39m jest[33m.[39mfn(() [33m=>[39m ({
2025-10-12T20:13:40.3173064Z      [90m 114 |[39m       generateContent[33m:[39m jest[33m.[39mfn([36masync[39m () [33m=>[39m ({ response[33m:[39m { candidates[33m:[39m [] } }))[33m,[39m
2025-10-12T20:13:40.3186260Z     [31m[1m>[22m[39m[90m 115 |[39m     }))[33m,[39m
2025-10-12T20:13:40.3186839Z      [90m     |[39m [31m[1m^[22m[39m
2025-10-12T20:13:40.3187331Z      [90m 116 |[39m   }))[33m,[39m
2025-10-12T20:13:40.3187953Z      [90m 117 |[39m   [33mHarmCategory[39m[33m:[39m {}[33m,[39m
2025-10-12T20:13:40.3188710Z      [90m 118 |[39m   [33mHarmBlockThreshold[39m[33m:[39m {}[33m,[39m[0m
2025-10-12T20:13:40.3189428Z 
2025-10-12T20:13:40.3190029Z       at Resolver._throwModNotFoundError (node_modules/jest-resolve/build/resolver.js:427:11)
2025-10-12T20:13:40.3191305Z       at Object.<anonymous> (jest.setup.js:115:1)
2025-10-12T20:13:40.3191830Z 
2025-10-12T20:13:40.4082649Z FAIL tests/__tests__/ai-processor.test.ts
2025-10-12T20:13:40.4085619Z   ● Test suite failed to run
2025-10-12T20:13:40.4086356Z 
2025-10-12T20:13:40.4087434Z     Cannot find module 'whatwg-fetch' from 'jest.setup.js'
2025-10-12T20:13:40.4088395Z 
2025-10-12T20:13:40.4089169Z     [0m [90m 113 |[39m     getGenerativeModel[33m:[39m jest[33m.[39mfn(() [33m=>[39m ({
2025-10-12T20:13:40.4091004Z      [90m 114 |[39m       generateContent[33m:[39m jest[33m.[39mfn([36masync[39m () [33m=>[39m ({ response[33m:[39m { candidates[33m:[39m [] } }))[33m,[39m
2025-10-12T20:13:40.4093544Z     [31m[1m>[22m[39m[90m 115 |[39m     }))[33m,[39m
2025-10-12T20:13:40.4094911Z      [90m     |[39m [31m[1m^[22m[39m
2025-10-12T20:13:40.4095896Z      [90m 116 |[39m   }))[33m,[39m
2025-10-12T20:13:40.4097887Z      [90m 117 |[39m   [33mHarmCategory[39m[33m:[39m {}[33m,[39m
2025-10-12T20:13:40.4100968Z      [90m 118 |[39m   [33mHarmBlockThreshold[39m[33m:[39m {}[33m,[39m[0m
2025-10-12T20:13:40.4101422Z 
2025-10-12T20:13:40.4101853Z       at Resolver._throwModNotFoundError (node_modules/jest-resolve/build/resolver.js:427:11)
2025-10-12T20:13:40.4102710Z       at Object.<anonymous> (jest.setup.js:115:1)
2025-10-12T20:13:40.4103077Z 
2025-10-12T20:13:40.4960940Z FAIL tests/__tests__/clothing-upload.test.tsx
2025-10-12T20:13:40.4962548Z   ● Test suite failed to run
2025-10-12T20:13:40.4963359Z 
2025-10-12T20:13:40.4963939Z     Cannot find module 'whatwg-fetch' from 'jest.setup.js'
2025-10-12T20:13:40.4965743Z 
2025-10-12T20:13:40.4966457Z     [0m [90m 113 |[39m     getGenerativeModel[33m:[39m jest[33m.[39mfn(() [33m=>[39m ({
2025-10-12T20:13:40.4968225Z      [90m 114 |[39m       generateContent[33m:[39m jest[33m.[39mfn([36masync[39m () [33m=>[39m ({ response[33m:[39m { candidates[33m:[39m [] } }))[33m,[39m
2025-10-12T20:13:40.4969572Z     [31m[1m>[22m[39m[90m 115 |[39m     }))[33m,[39m
2025-10-12T20:13:40.4970906Z      [90m     |[39m [31m[1m^[22m[39m
2025-10-12T20:13:40.4972437Z      [90m 116 |[39m   }))[33m,[39m
2025-10-12T20:13:40.4973278Z      [90m 117 |[39m   [33mHarmCategory[39m[33m:[39m {}[33m,[39m
2025-10-12T20:13:40.4974227Z      [90m 118 |[39m   [33mHarmBlockThreshold[39m[33m:[39m {}[33m,[39m[0m
2025-10-12T20:13:40.4974924Z 
2025-10-12T20:13:40.4977286Z       at Resolver._throwModNotFoundError (node_modules/jest-resolve/build/resolver.js:427:11)
2025-10-12T20:13:40.4978048Z       at Object.<anonymous> (jest.setup.js:115:1)
2025-10-12T20:13:40.4978381Z 
2025-10-12T20:13:40.5873976Z FAIL tests/__tests__/clothing-selection.test.ts
2025-10-12T20:13:40.5891592Z   ● Test suite failed to run
2025-10-12T20:13:40.5892156Z 
2025-10-12T20:13:40.5892572Z     Cannot find module 'whatwg-fetch' from 'jest.setup.js'
2025-10-12T20:13:40.5893149Z 
2025-10-12T20:13:40.5893831Z     [0m [90m 113 |[39m     getGenerativeModel[33m:[39m jest[33m.[39mfn(() [33m=>[39m ({
2025-10-12T20:13:40.5895345Z      [90m 114 |[39m       generateContent[33m:[39m jest[33m.[39mfn([36masync[39m () [33m=>[39m ({ response[33m:[39m { candidates[33m:[39m [] } }))[33m,[39m
2025-10-12T20:13:40.5896644Z     [31m[1m>[22m[39m[90m 115 |[39m     }))[33m,[39m
2025-10-12T20:13:40.5897850Z      [90m     |[39m [31m[1m^[22m[39m
2025-10-12T20:13:40.5899030Z      [90m 116 |[39m   }))[33m,[39m
2025-10-12T20:13:40.5899615Z      [90m 117 |[39m   [33mHarmCategory[39m[33m:[39m {}[33m,[39m
2025-10-12T20:13:40.5900542Z      [90m 118 |[39m   [33mHarmBlockThreshold[39m[33m:[39m {}[33m,[39m[0m
2025-10-12T20:13:40.5900961Z 
2025-10-12T20:13:40.5901384Z       at Resolver._throwModNotFoundError (node_modules/jest-resolve/build/resolver.js:427:11)
2025-10-12T20:13:40.5902133Z       at Object.<anonymous> (jest.setup.js:115:1)
2025-10-12T20:13:40.5902467Z 
2025-10-12T20:13:40.5912784Z Test Suites: 6 failed, 6 total
2025-10-12T20:13:40.5913621Z Tests:       0 total
2025-10-12T20:13:40.5914589Z Snapshots:   0 total
2025-10-12T20:13:40.5915314Z Time:        1.183 s
2025-10-12T20:13:40.5916416Z Ran all test suites.
2025-10-12T20:13:40.6160717Z error: script "test" exited with code 1
2025-10-12T20:13:40.6182576Z ##[error]Process completed with exit code 1.
2025-10-12T20:13:40.6266394Z Post job cleanup.
2025-10-12T20:13:40.7237902Z [command]/usr/bin/git version
2025-10-12T20:13:40.7280845Z git version 2.51.0
2025-10-12T20:13:40.7332571Z Temporarily overriding HOME='/home/runner/work/_temp/a01b85ff-d0fd-411c-827e-fe2a80c60b26' before making global git config changes
2025-10-12T20:13:40.7334079Z Adding repository directory to the temporary git global config as a safe directory
2025-10-12T20:13:40.7338338Z [command]/usr/bin/git config --global --add safe.directory /home/runner/work/my_closet/my_closet
2025-10-12T20:13:40.7382243Z [command]/usr/bin/git config --local --name-only --get-regexp core\.sshCommand
2025-10-12T20:13:40.7419463Z [command]/usr/bin/git submodule foreach --recursive sh -c "git config --local --name-only --get-regexp 'core\.sshCommand' && git config --local --unset-all 'core.sshCommand' || :"
2025-10-12T20:13:40.7667287Z [command]/usr/bin/git config --local --name-only --get-regexp http\.https\:\/\/github\.com\/\.extraheader
2025-10-12T20:13:40.7694168Z http.https://github.com/.extraheader
2025-10-12T20:13:40.7707478Z [command]/usr/bin/git config --local --unset-all http.https://github.com/.extraheader
2025-10-12T20:13:40.7742216Z [command]/usr/bin/git submodule foreach --recursive sh -c "git config --local --name-only --get-regexp 'http\.https\:\/\/github\.com\/\.extraheader' && git config --local --unset-all 'http.https://github.com/.extraheader' || :"
2025-10-12T20:13:40.8085555Z Cleaning up orphan processes
